******************************************************************************
                  TI ARM Linker PC v5.1.6                      
******************************************************************************
>> Linked Tue Nov 18 14:53:10 2014

OUTPUT FILE NAME:   <Asteroidz.out>
ENTRY POINT SYMBOL: "_c_int00"  address: 00011bf1


MEMORY CONFIGURATION

         name            origin    length      used     unused   attr    fill
----------------------  --------  ---------  --------  --------  ----  --------
  FLASH                 00000000   00040000  00011f4e  0002e0b2  R  X
  SRAM                  20000000   00008000  000006a5  0000795b  RW X


SEGMENT ALLOCATION MAP

run origin  load origin   length   init length attrs members
----------  ----------- ---------- ----------- ----- -------
00000000    00000000    00011f50   00011f50    r-x
  00000000    00000000    0000026c   0000026c    r-- .intvecs
  0000026c    0000026c    0000df90   0000df90    r-- .const
  0000e1fc    0000e1fc    00003cda   00003cda    r-x .text
  00011ed8    00011ed8    00000078   00000078    r-- .cinit
20000000    20000000    000006a5   00000000    rw-
  20000000    20000000    00000400   00000000    rw- .stack
  20000400    20000400    000002a4   00000000    rw- .data
  200006a4    200006a4    00000001   00000000    rw- .bss


SECTION ALLOCATION MAP

 output                                  attributes/
section   page    origin      length       input sections
--------  ----  ----------  ----------   ----------------
.intvecs   0    00000000    0000026c     
                  00000000    0000026c     tm4c123gh6pm_startup_ccs.obj (.intvecs)

.init_array 
*          0    00000000    00000000     UNINITIALIZED

.const     0    0000026c    0000df90     
                  0000026c    0000de78     game.obj (.const)
                  0000e0e4    00000101     rtsv7M4_T_le_v4SPD16_eabi.lib : ctype.obj (.const:.string:_ctypes_)
                  0000e1e5    00000003     --HOLE-- [fill = 0]
                  0000e1e8    00000014     <whole-program> (.const:.string)

.text      0    0000e1fc    00003cda     
                  0000e1fc    00001008     game.obj (.text)
                  0000f204    00000f4c     rtsv7M4_T_le_v4SPD16_eabi.lib : _printfi.obj (.text)
                  00010150    000006aa     LCD.obj (.text)
                  000107fa    000003e8     driver.obj (.text)
                  00010be2    000001f4     rtsv7M4_T_le_v4SPD16_eabi.lib : ull_div_t2.obj (.text)
                  00010dd6    000001b6                                   : fd_add_t2.obj (.text)
                  00010f8c    0000019c     interrupts.obj (.text)
                  00011128    00000154     rtsv7M4_T_le_v4SPD16_eabi.lib : sqrt.obj (.text)
                  0001127c    00000136                                   : fd_div_t2.obj (.text)
                  000113b2    000000fc                                   : fd_mul_t2.obj (.text)
                  000114ae    00000002                                   : _lock.obj (.text)
                  000114b0    000000e8                                   : xdscale.obj (.text)
                  00011598    000000c4                                   : xdnorm.obj (.text)
                  0001165c    000000bc     main.obj (.text)
                  00011718    0000009c     rtsv7M4_T_le_v4SPD16_eabi.lib : memcpy_t2.obj (.text)
                  000117b4    00000094                                   : auto_init.obj (.text)
                  00011848    00000086                                   : fd_cmp_t2.obj (.text:__aeabi_cdcmple)
                  000118ce    00000086                                   : fd_cmp_t2.obj (.text:__aeabi_cdrcmple)
                  00011954    00000078                                   : memset_t2.obj (.text)
                  000119cc    0000006a                                   : xdclass.obj (.text)
                  00011a36    00000064                                   : xdunscal.obj (.text)
                  00011a9a    0000005e                                   : copy_decompress_rle.obj (.text)
                  00011af8    0000005a                                   : ltoa.obj (.text)
                  00011b52    00000052                                   : sprintf.obj (.text)
                  00011ba4    0000004c                                   : atoi.obj (.text)
                  00011bf0    00000048                                   : boot.obj (.text)
                  00011c38    00000048                                   : fd_toi_t2.obj (.text)
                  00011c80    00000044                                   : cpy_tbl.obj (.text)
                  00011cc4    00000044                                   : exit.obj (.text)
                  00011d08    00000044                                   : fd_tou_t2.obj (.text)
                  00011d4c    00000044                                   : rand.obj (.text)
                  00011d90    0000003c                                   : signal.obj (.text)
                  00011dcc    0000002e                                   : i_tofd_t2.obj (.text)
                  00011dfa    00000026                                   : raise.obj (.text)
                  00011e20    00000020                                   : feraiseexcept.obj (.text)
                  00011e40    00000020                                   : u_tofd_t2.obj (.text)
                  00011e60    00000018                                   : args_main.obj (.text)
                  00011e78    00000018                                   : ll_mul_t2.obj (.text)
                  00011e90    00000014                                   : strlen.obj (.text)
                  00011ea4    00000012                                   : copy_zero_init.obj (.text:decompress:ZI)
                  00011eb6    0000000e                                   : copy_decompress_none.obj (.text:decompress:none)
                  00011ec4    0000000c     tm4c123gh6pm_startup_ccs.obj (.text)
                  00011ed0    00000006     rtsv7M4_T_le_v4SPD16_eabi.lib : copy_decompress_rle.obj (.text:decompress:rle24)

.cinit     0    00011ed8    00000078     
                  00011ed8    0000004e     (.cinit..data.load) [load image, compression = rle]
                  00011f26    00000002     --HOLE-- [fill = 0]
                  00011f28    0000000c     (__TI_handler_table)
                  00011f34    00000004     --HOLE-- [fill = 0]
                  00011f38    00000008     (.cinit..bss.load) [load image, compression = zero_init]
                  00011f40    00000010     (__TI_cinit_table)

.stack     0    20000000    00000400     UNINITIALIZED
                  20000000    00000400     --HOLE--

.data      0    20000400    000002a4     UNINITIALIZED
                  20000400    00000150     game.obj (.data)
                  20000550    000000b0     rtsv7M4_T_le_v4SPD16_eabi.lib : signal.obj (.data:sigtable$25)
                  20000600    00000080                                   : xvalues.obj (.data)
                  20000680    00000008                                   : _lock.obj (.data)
                  20000688    00000008                                   : exit.obj (.data)
                  20000690    00000008                                   : feraiseexcept.obj (.data)
                  20000698    00000004                                   : errno.obj (.data)
                  2000069c    00000004                                   : rand.obj (.data)
                  200006a0    00000004                                   : stkdepth_vars.obj (.data)

.bss       0    200006a4    00000001     UNINITIALIZED
                  200006a4    00000001     (.common:start)


LINKER GENERATED COPY TABLES

__TI_cinit_table @ 00011f40 records: 2, size/record: 8, table size: 16
	.data: load addr=00011ed8, load size=0000004e bytes, run addr=20000400, run size=000002a4 bytes, compression=rle
	.bss: load addr=00011f38, load size=00000008 bytes, run addr=200006a4, run size=00000001 bytes, compression=zero_init


LINKER GENERATED HANDLER TABLE

__TI_handler_table @ 00011f28 records: 3, size/record: 4, table size: 12
	index: 0, handler: __TI_decompress_rle24
	index: 1, handler: __TI_decompress_none
	index: 2, handler: __TI_zero_init


GLOBAL SYMBOLS: SORTED ALPHABETICALLY BY Name 

address    name
--------   ----
00010b81   ADC0
00010b53   ADC1
0000f1c1   Asteroid_Handler
00011cc5   C$$EXIT
0000f12f   Distance_Handler
0000ee7d   GPIOPortA_Handler
00010a3b   Init_Analog
0000e301   Init_Asteroids
00010af5   Init_EEPROM
0000e1fd   Init_Explosions
00010f8d   Init_Interrupt
000101e9   Init_LCD
000107fb   Init_PLL
0000ed09   Init_Player
00010865   Init_Port
0000e2b1   Init_PowerUp
000110c9   Init_Sound
0000e381   Init_StartScreen
0001100f   Init_Timer0A
0001106b   Init_Timer1A
0000e3af   PowerUp_Status
00011ec5   ResetISR
UNDEFED    SHT$$INIT_ARRAY$$Base
UNDEFED    SHT$$INIT_ARRAY$$Limit
0000ee43   Sound_Handler
0000ee1f   Touchscreen_Handler
000119cd   _Dclass
20000600   _Denorm
00011599   _Dnorm
000114b1   _Dscale
00011a37   _Dunscale
20000610   _Eps
20000698   _Errno
20000690   _Fenv
20000620   _Hugeval
20000670   _Inf
20000660   _Nan
20000640   _Rteps
20000630   _Snan
20000694   _Tls_setup__Fenv
20000650   _Xbig
20000658   _Zero
20000400   __STACK_END
00000400   __STACK_SIZE
20000200   __STACK_TOP
00011f40   __TI_CINIT_Base
00011f50   __TI_CINIT_Limit
00011f28   __TI_Handler_Table_Base
00011f34   __TI_Handler_Table_Limit
00000001   __TI_args_main
000117b5   __TI_auto_init
20000688   __TI_cleanup_ptr
00011eb7   __TI_decompress_none
00011ed1   __TI_decompress_rle24
2000068c   __TI_dtors_ptr
0000ffb7   __TI_printfi
00000000   __TI_static_base__
00011ea5   __TI_zero_init
00011849   __aeabi_cdcmpeq
00011849   __aeabi_cdcmple
000118cf   __aeabi_cdrcmple
00011c39   __aeabi_d2iz
00011d09   __aeabi_d2uiz
00010de1   __aeabi_dadd
0001127d   __aeabi_ddiv
000113b3   __aeabi_dmul
00010dd7   __aeabi_dsub
00011dcd   __aeabi_i2d
00011e79   __aeabi_lmul
00011955   __aeabi_memclr
00011955   __aeabi_memclr4
00011955   __aeabi_memclr8
00011719   __aeabi_memcpy
00011719   __aeabi_memcpy4
00011719   __aeabi_memcpy8
00011957   __aeabi_memset
00011957   __aeabi_memset4
00011957   __aeabi_memset8
00011e41   __aeabi_ui2d
00010be3   __aeabi_uldivmod
ffffffff   __binit__
ffffffff   __c_args__
20000000   __stack
00011e61   _args_main
00011bf1   _c_int00
0000e0e4   _ctypes_
20000680   _lock
000114af   _nop
20000684   _unlock
00011cc9   abort
0000f17d   addAsteroidMedium
200004c4   asteroid
000002c6   asteroidm
00011ba5   atoi
ffffffff   binit
00010adf   check_eeprom_done
000107ad   clearArea
00010785   clearLCD
00000906   coin_fade_image
000005e6   coin_image
0000e479   collision
00011c81   copy_in
00010a0b   delayMS
0000ea9d   deployAsteroid
0000e82d   detectPlayerCollision
0000ec49   displayCountDown
0000e619   displayEndScreen
0000e721   displayExplosionAnimation
00010baf   erase_eeprom
00011cd1   exit
20000464   explosion
0000457e   explosionImage0
00005906   explosionImage1
00006c8e   explosionImage2
00008016   explosionImage3
00011e21   feraiseexcept
00000c26   font8x8_basic
00000000   g_pfnVectors
0000e451   getCenter
00002ffe   invulnerable_spaceship
0000ecab   level_one
0000ef91   level_two
0000e803   loopEndGame
00011af9   ltoa
0001165d   main
200006a0   main_func_sp
00011719   memcpy
0001195d   memset
0000eb3f   moveAsteroid
0000ebc1   movePowerUp
0000e7db   playSound
20000418   player
0000e985   playerControl
20000434   powerup
0000172e   powerup_points_image
00001026   powerup_shield_image
00001e36   powerup_star_image
0000e6b5   printBMP2
00011dfb   raise
00011d61   rand
0000eef9   randomValue
0000e511   read_highscore
20000400   reset
0000ed6f   resetGame
000107db   setCursor
00010739   setWindow
00011d91   signal
0000253e   spaceshipImage
00003abe   spaceship_item_acquired
0000ef15   spawnPowerUp
00011b75   sprintf
00011129   sqrt
00011d4d   srand
200006a4   start
0000939e   start_image
00011e91   strlen
0000e545   writeCharacter
00010151   writeCmd
0001019d   writeData
0000e5c3   writeString
0000e5e5   write_highscore


GLOBAL SYMBOLS: SORTED BY Symbol Address 

address    name
--------   ----
00000000   __TI_static_base__
00000000   g_pfnVectors
00000001   __TI_args_main
000002c6   asteroidm
00000400   __STACK_SIZE
000005e6   coin_image
00000906   coin_fade_image
00000c26   font8x8_basic
00001026   powerup_shield_image
0000172e   powerup_points_image
00001e36   powerup_star_image
0000253e   spaceshipImage
00002ffe   invulnerable_spaceship
00003abe   spaceship_item_acquired
0000457e   explosionImage0
00005906   explosionImage1
00006c8e   explosionImage2
00008016   explosionImage3
0000939e   start_image
0000e0e4   _ctypes_
0000e1fd   Init_Explosions
0000e2b1   Init_PowerUp
0000e301   Init_Asteroids
0000e381   Init_StartScreen
0000e3af   PowerUp_Status
0000e451   getCenter
0000e479   collision
0000e511   read_highscore
0000e545   writeCharacter
0000e5c3   writeString
0000e5e5   write_highscore
0000e619   displayEndScreen
0000e6b5   printBMP2
0000e721   displayExplosionAnimation
0000e7db   playSound
0000e803   loopEndGame
0000e82d   detectPlayerCollision
0000e985   playerControl
0000ea9d   deployAsteroid
0000eb3f   moveAsteroid
0000ebc1   movePowerUp
0000ec49   displayCountDown
0000ecab   level_one
0000ed09   Init_Player
0000ed6f   resetGame
0000ee1f   Touchscreen_Handler
0000ee43   Sound_Handler
0000ee7d   GPIOPortA_Handler
0000eef9   randomValue
0000ef15   spawnPowerUp
0000ef91   level_two
0000f12f   Distance_Handler
0000f17d   addAsteroidMedium
0000f1c1   Asteroid_Handler
0000ffb7   __TI_printfi
00010151   writeCmd
0001019d   writeData
000101e9   Init_LCD
00010739   setWindow
00010785   clearLCD
000107ad   clearArea
000107db   setCursor
000107fb   Init_PLL
00010865   Init_Port
00010a0b   delayMS
00010a3b   Init_Analog
00010adf   check_eeprom_done
00010af5   Init_EEPROM
00010b53   ADC1
00010b81   ADC0
00010baf   erase_eeprom
00010be3   __aeabi_uldivmod
00010dd7   __aeabi_dsub
00010de1   __aeabi_dadd
00010f8d   Init_Interrupt
0001100f   Init_Timer0A
0001106b   Init_Timer1A
000110c9   Init_Sound
00011129   sqrt
0001127d   __aeabi_ddiv
000113b3   __aeabi_dmul
000114af   _nop
000114b1   _Dscale
00011599   _Dnorm
0001165d   main
00011719   __aeabi_memcpy
00011719   __aeabi_memcpy4
00011719   __aeabi_memcpy8
00011719   memcpy
000117b5   __TI_auto_init
00011849   __aeabi_cdcmpeq
00011849   __aeabi_cdcmple
000118cf   __aeabi_cdrcmple
00011955   __aeabi_memclr
00011955   __aeabi_memclr4
00011955   __aeabi_memclr8
00011957   __aeabi_memset
00011957   __aeabi_memset4
00011957   __aeabi_memset8
0001195d   memset
000119cd   _Dclass
00011a37   _Dunscale
00011af9   ltoa
00011b75   sprintf
00011ba5   atoi
00011bf1   _c_int00
00011c39   __aeabi_d2iz
00011c81   copy_in
00011cc5   C$$EXIT
00011cc9   abort
00011cd1   exit
00011d09   __aeabi_d2uiz
00011d4d   srand
00011d61   rand
00011d91   signal
00011dcd   __aeabi_i2d
00011dfb   raise
00011e21   feraiseexcept
00011e41   __aeabi_ui2d
00011e61   _args_main
00011e79   __aeabi_lmul
00011e91   strlen
00011ea5   __TI_zero_init
00011eb7   __TI_decompress_none
00011ec5   ResetISR
00011ed1   __TI_decompress_rle24
00011f28   __TI_Handler_Table_Base
00011f34   __TI_Handler_Table_Limit
00011f40   __TI_CINIT_Base
00011f50   __TI_CINIT_Limit
20000000   __stack
20000200   __STACK_TOP
20000400   __STACK_END
20000400   reset
20000418   player
20000434   powerup
20000464   explosion
200004c4   asteroid
20000600   _Denorm
20000610   _Eps
20000620   _Hugeval
20000630   _Snan
20000640   _Rteps
20000650   _Xbig
20000658   _Zero
20000660   _Nan
20000670   _Inf
20000680   _lock
20000684   _unlock
20000688   __TI_cleanup_ptr
2000068c   __TI_dtors_ptr
20000690   _Fenv
20000694   _Tls_setup__Fenv
20000698   _Errno
200006a0   main_func_sp
200006a4   start
ffffffff   __binit__
ffffffff   __c_args__
ffffffff   binit
UNDEFED    SHT$$INIT_ARRAY$$Base
UNDEFED    SHT$$INIT_ARRAY$$Limit

[161 symbols]
