******************************************************************************
                  TI ARM Linker PC v5.1.6                      
******************************************************************************
>> Linked Wed Jul 23 18:24:15 2014

OUTPUT FILE NAME:   <Astroidz.out>
ENTRY POINT SYMBOL: "_c_int00"  address: 00009d59


MEMORY CONFIGURATION

         name            origin    length      used     unused   attr    fill
----------------------  --------  ---------  --------  --------  ----  --------
  FLASH                 00000000   00040000  0000a898  00035768  R  X
  SRAM                  20000000   00008000  00001706  000068fa  RW X


SEGMENT ALLOCATION MAP

run origin  load origin   length   init length attrs members
----------  ----------- ---------- ----------- ----- -------
00000000    00000000    0000a898   0000a898    r-x
  00000000    00000000    0000026c   0000026c    r-- .intvecs
  0000026c    0000026c    00005d90   00005d90    r-- .const
  00005ffc    00005ffc    000040d4   000040d4    r-x .text
  0000a0d0    0000a0d0    000007c8   000007c8    r-- .cinit
20000000    20000000    00001706   00000000    rw-
  20000000    20000000    000010f8   00000000    rw- .data
  200010f8    200010f8    00000400   00000000    rw- .stack
  200014f8    200014f8    0000020e   00000000    rw- .bss


SECTION ALLOCATION MAP

 output                                  attributes/
section   page    origin      length       input sections
--------  ----  ----------  ----------   ----------------
.intvecs   0    00000000    0000026c     
                  00000000    0000026c     tm4c123gh6pm_startup_ccs.obj (.intvecs)

.init_array 
*          0    00000000    00000000     UNINITIALIZED

.const     0    0000026c    00005d90     
                  0000026c    00001388     game.obj (.const:explosionImage0)
                  000015f4    00001388     game.obj (.const:explosionImage1)
                  0000297c    00001388     game.obj (.const:explosionImage2)
                  00003d04    00001388     game.obj (.const:explosionImage3)
                  0000508c    00000960     game.obj (.const:alienshipImg)
                  000059ec    00000400     game.obj (.const:font8x8_basic)
                  00005dec    00000102     rtsv7M4_T_le_v4SPD16_eabi.lib : ctype.obj (.const:.string:_ctypes_)
                  00005eee    000000aa     game.obj (.const:laserbeam)
                  00005f98    00000054     game.obj (.const:.string)
                  00005fec    00000010     game.obj (.const)

.text      0    00005ffc    000040d4     
                  00005ffc    000011f0     game.obj (.text)
                  000071ec    00000ec0     rtsv7M4_T_le_v4SPD16_eabi.lib : _printfi.obj (.text)
                  000080ac    00000654     driver.obj (.text)
                  00008700    00000554     LCD.obj (.text)
                  00008c54    00000280     interrupts.obj (.text)
                  00008ed4    000001f4     rtsv7M4_T_le_v4SPD16_eabi.lib : ull_div_t2.obj (.text)
                  000090c8    000001b6                                   : fd_add_t2.obj (.text)
                  0000927e    00000002     --HOLE-- [fill = 0]
                  00009280    00000148                                   : sqrt.obj (.text)
                  000093c8    00000136                                   : fd_div_t2.obj (.text)
                  000094fe    00000002     --HOLE-- [fill = 0]
                  00009500    00000110                                   : xdscale.obj (.text)
                  00009610    000000fc                                   : fd_mul_t2.obj (.text)
                  0000970c    000000c4                                   : xdnorm.obj (.text)
                  000097d0    000000c0     main.obj (.text)
                  00009890    0000009c     rtsv7M4_T_le_v4SPD16_eabi.lib : memcpy_t2.obj (.text)
                  0000992c    00000094                                   : auto_init.obj (.text)
                  000099c0    00000086                                   : fd_cmp_t2.obj (.text:__aeabi_cdcmple)
                  00009a46    00000086                                   : fd_cmp_t2.obj (.text:__aeabi_cdrcmple)
                  00009acc    00000078                                   : memset_t2.obj (.text)
                  00009b44    00000064                                   : xdunscal.obj (.text)
                  00009ba8    00000060                                   : sprintf.obj (.text)
                  00009c08    0000005e                                   : copy_decompress_rle.obj (.text)
                  00009c66    0000005a                                   : ltoa.obj (.text)
                  00009cc0    0000004c                                   : atoi.obj (.text)
                  00009d0c    0000004c                                   : rand.obj (.text)
                  00009d58    00000048                                   : boot.obj (.text)
                  00009da0    00000048                                   : fd_toi_t2.obj (.text)
                  00009de8    00000044                                   : cpy_tbl.obj (.text)
                  00009e2c    00000044                                   : exit.obj (.text)
                  00009e70    00000044                                   : fd_tou_t2.obj (.text)
                  00009eb4    00000044                                   : xdtest.obj (.text)
                  00009ef8    00000040                                   : signal.obj (.text)
                  00009f38    00000034                                   : feraiseexcept.obj (.text)
                  00009f6c    00000030                                   : xferaise.obj (.text)
                  00009f9c    0000002e                                   : i_tofd_t2.obj (.text)
                  00009fca    0000002e                                   : raise.obj (.text)
                  00009ff8    00000020                                   : u_tofd_t2.obj (.text)
                  0000a018    0000001c                                   : memccpy.obj (.text)
                  0000a034    00000018                                   : args_main.obj (.text)
                  0000a04c    00000018                                   : ll_mul_t2.obj (.text)
                  0000a064    00000014                                   : _lock.obj (.text)
                  0000a078    00000014                                   : strlen.obj (.text)
                  0000a08c    00000012                                   : copy_zero_init.obj (.text:decompress:ZI)
                  0000a09e    00000012                                   : xdclass.obj (.text)
                  0000a0b0    0000000e                                   : copy_decompress_none.obj (.text:decompress:none)
                  0000a0be    0000000c     tm4c123gh6pm_startup_ccs.obj (.text)
                  0000a0ca    00000006     rtsv7M4_T_le_v4SPD16_eabi.lib : copy_decompress_rle.obj (.text:decompress:rle24)

.cinit     0    0000a0d0    000007c8     
                  0000a0d0    000007a2     (.cinit..data.load) [load image, compression = rle]
                  0000a872    00000002     --HOLE-- [fill = 0]
                  0000a874    0000000c     (__TI_handler_table)
                  0000a880    00000008     (.cinit..bss.load) [load image, compression = zero_init]
                  0000a888    00000010     (__TI_cinit_table)

.data      0    20000000    000010f8     UNINITIALIZED
                  20000000    00000c80     game.obj (.data:spaceshipImage)
                  20000c80    00000320     game.obj (.data:asteroidm)
                  20000fa0    000000b0     rtsv7M4_T_le_v4SPD16_eabi.lib : signal.obj (.data:sigtable)
                  20001050    00000080                                   : xvalues.obj (.data)
                  200010d0    00000008                                   : _lock.obj (.data)
                  200010d8    00000008                                   : exit.obj (.data)
                  200010e0    00000008                                   : feraiseexcept.obj (.data)
                  200010e8    00000004     game.obj (.data)
                  200010ec    00000004     rtsv7M4_T_le_v4SPD16_eabi.lib : errno.obj (.data)
                  200010f0    00000004                                   : rand.obj (.data)
                  200010f4    00000004                                   : stkdepth_vars.obj (.data)

.stack     0    200010f8    00000400     UNINITIALIZED
                  200010f8    00000400     --HOLE--

.bss       0    200014f8    0000020e     UNINITIALIZED
                  200014f8    000000a8     game.obj (.bss:asteroid)
                  200015a0    000000a8     game.obj (.bss:laser)
                  20001648    00000060     game.obj (.bss:explosion)
                  200016a8    00000038     game.obj (.bss:alien)
                  200016e0    0000001c     (.common:player)
                  200016fc    00000004     (.common:TimerCount)
                  20001700    00000004     (.common:sliderPosition)
                  20001704    00000001     (.common:Index)
                  20001705    00000001     (.common:start)


LINKER GENERATED COPY TABLES

__TI_cinit_table @ 0000a888 records: 2, size/record: 8, table size: 16
	.data: load addr=0000a0d0, load size=000007a2 bytes, run addr=20000000, run size=000010f8 bytes, compression=rle
	.bss: load addr=0000a880, load size=00000008 bytes, run addr=200014f8, run size=0000020e bytes, compression=zero_init


LINKER GENERATED HANDLER TABLE

__TI_handler_table @ 0000a874 records: 3, size/record: 4, table size: 12
	index: 0, handler: __TI_decompress_rle24
	index: 1, handler: __TI_decompress_none
	index: 2, handler: __TI_zero_init


GLOBAL SYMBOLS: SORTED ALPHABETICALLY BY Name 

address    name
--------   ----
00008339   ADC0
0000705b   Asteroid_Handler
00008d43   Asteroid_Start
00008d37   Asteroid_Stop
00009e2d   C$$EXIT
0000709b   Distance_Handler
00008db9   Distance_Start
00008dad   Distance_Stop
00006ffd   GPIOPortA_Handler
20001704   Index
0000603f   Init_Alien
000082ef   Init_Analog
00008549   Init_DMA
00008361   Init_EEPROM
000060fb   Init_Explosions
00008c55   Init_Interrupt
00008701   Init_LCD
00008105   Init_PLL
00005ffd   Init_Player
0000816b   Init_Port
000082c5   Init_SSI0
00008dc5   Init_Sound
000061ad   Init_StartScreen
000080ad   Init_SysTick
00008cd9   Init_Timer0A
00008d4f   Init_Timer1A
0000a0bf   ResetISR
UNDEFED    SHT$$INIT_ARRAY$$Base
UNDEFED    SHT$$INIT_ARRAY$$Limit
0000850d   Set_DMA_Base_Address
00005f98   SineWave
000070b1   Sound_Handler
00008e35   Sound_Start
00008e29   Sound_Stop
200016fc   TimerCount
00007041   Touchscreen_Handler
000080bb   Wait_SysTick
0000a09f   _Dclass
20001050   _Denorm
0000970d   _Dnorm
00009501   _Dscale
00009eb5   _Dtest
00009b45   _Dunscale
20001060   _Eps
200010ec   _Errno
200010e0   _Fenv
00009f6d   _Feraise
20001070   _Hugeval
20001080   _Inf
20001090   _Nan
200010b0   _Rteps
200010a0   _Snan
200010e4   _Tls_setup__Fenv
200010c0   _Xbig
200010c8   _Zero
200014f8   __STACK_END
00000400   __STACK_SIZE
200012f8   __STACK_TOP
0000a888   __TI_CINIT_Base
0000a898   __TI_CINIT_Limit
0000a874   __TI_Handler_Table_Base
0000a880   __TI_Handler_Table_Limit
00000001   __TI_args_main
0000992d   __TI_auto_init
200010d8   __TI_cleanup_ptr
0000a0b1   __TI_decompress_none
0000a0cb   __TI_decompress_rle24
200010dc   __TI_dtors_ptr
00007da3   __TI_printfi
00000000   __TI_static_base__
0000a08d   __TI_zero_init
000099c1   __aeabi_cdcmpeq
000099c1   __aeabi_cdcmple
00009a47   __aeabi_cdrcmple
00009da1   __aeabi_d2iz
00009e71   __aeabi_d2uiz
000090d3   __aeabi_dadd
000093c9   __aeabi_ddiv
00009611   __aeabi_dmul
000090c9   __aeabi_dsub
00009f9d   __aeabi_i2d
0000a04d   __aeabi_lmul
00009acd   __aeabi_memclr
00009acd   __aeabi_memclr4
00009acd   __aeabi_memclr8
00009891   __aeabi_memcpy
00009891   __aeabi_memcpy4
00009891   __aeabi_memcpy8
00009acf   __aeabi_memset
00009acf   __aeabi_memset4
00009acf   __aeabi_memset8
00009ff9   __aeabi_ui2d
00008ed5   __aeabi_uldivmod
ffffffff   __binit__
ffffffff   __c_args__
200010f8   __stack
0000a035   _args_main
00009d59   _c_int00
00005dec   _ctypes_
200010d0   _lock
0000a073   _nop
0000a06b   _register_lock
0000a065   _register_unlock
200010d4   _unlock
00009e31   abort
000067f1   addAsteroidMedium
00006b69   addLaser
200016a8   alien
0000508c   alienshipImg
200014f8   asteroid
20000c80   asteroidm
00009cc1   atoi
ffffffff   binit
000083bf   check_eeprom_done
00008461   check_flash_done
00008b3b   clearArea
00008afd   clearLCD
000069e5   collision
000085f1   config_DMA_channel
00009de9   copy_in
000080db   delayMS
000067c9   deleteAsteroid
000064cd   deployAsteroid
00006aeb   detectPlayerCollision
00006e39   displayCountDown
000061df   displayEndScreen
000068dd   displayExplosionAnimation
0000842d   erase_eeprom
00009e39   exit
20001648   explosion
0000026c   explosionImage0
000015f4   explosionImage1
0000297c   explosionImage2
00003d04   explosionImage3
00009f39   feraiseexcept
000059ec   font8x8_basic
00000000   g_pfnVectors
000062a3   getCenter
000064a1   getPlayerPosition
00008bab   getX
00008bf1   getY
200015a0   laser
00005eee   laserbeam
00006b25   loopEndGame
00009c67   ltoa
000097d1   main
200010f4   main_func_sp
0000a019   memccpy
00009891   memcpy
00009ad5   memset
00006665   moveAsteroid
00006c95   moveLaser
00006df1   playSound
200016e0   player
00006439   playerControl
00006311   printBMP
00006365   printBMP2
00009fcb   raise
00009d23   rand
00006ed9   randomValue
000083ff   read_eeprom
00006297   read_highscore
200010ea   reset
000070e9   resetGame
00008a79   setCursor
00008a99   setWindow
00009ef9   signal
20001700   sliderPosition
20000000   spaceshipImage
00009ba9   sprintf
00009281   sqrt
00009d0d   srand
20001705   start
00008675   start_DMA_transfer
0000a079   strlen
00006f6f   writeCharacter
000089a5   writeCmd
00008a01   writeData
00008a5d   writeReg
00006f1d   writeString
000083d1   write_eeprom
00008495   write_flash
000084c9   write_flash_buffer
00006287   write_highscore


GLOBAL SYMBOLS: SORTED BY Symbol Address 

address    name
--------   ----
00000000   __TI_static_base__
00000000   g_pfnVectors
00000001   __TI_args_main
0000026c   explosionImage0
00000400   __STACK_SIZE
000015f4   explosionImage1
0000297c   explosionImage2
00003d04   explosionImage3
0000508c   alienshipImg
000059ec   font8x8_basic
00005dec   _ctypes_
00005eee   laserbeam
00005f98   SineWave
00005ffd   Init_Player
0000603f   Init_Alien
000060fb   Init_Explosions
000061ad   Init_StartScreen
000061df   displayEndScreen
00006287   write_highscore
00006297   read_highscore
000062a3   getCenter
00006311   printBMP
00006365   printBMP2
00006439   playerControl
000064a1   getPlayerPosition
000064cd   deployAsteroid
00006665   moveAsteroid
000067c9   deleteAsteroid
000067f1   addAsteroidMedium
000068dd   displayExplosionAnimation
000069e5   collision
00006aeb   detectPlayerCollision
00006b25   loopEndGame
00006b69   addLaser
00006c95   moveLaser
00006df1   playSound
00006e39   displayCountDown
00006ed9   randomValue
00006f1d   writeString
00006f6f   writeCharacter
00006ffd   GPIOPortA_Handler
00007041   Touchscreen_Handler
0000705b   Asteroid_Handler
0000709b   Distance_Handler
000070b1   Sound_Handler
000070e9   resetGame
00007da3   __TI_printfi
000080ad   Init_SysTick
000080bb   Wait_SysTick
000080db   delayMS
00008105   Init_PLL
0000816b   Init_Port
000082c5   Init_SSI0
000082ef   Init_Analog
00008339   ADC0
00008361   Init_EEPROM
000083bf   check_eeprom_done
000083d1   write_eeprom
000083ff   read_eeprom
0000842d   erase_eeprom
00008461   check_flash_done
00008495   write_flash
000084c9   write_flash_buffer
0000850d   Set_DMA_Base_Address
00008549   Init_DMA
000085f1   config_DMA_channel
00008675   start_DMA_transfer
00008701   Init_LCD
000089a5   writeCmd
00008a01   writeData
00008a5d   writeReg
00008a79   setCursor
00008a99   setWindow
00008afd   clearLCD
00008b3b   clearArea
00008bab   getX
00008bf1   getY
00008c55   Init_Interrupt
00008cd9   Init_Timer0A
00008d37   Asteroid_Stop
00008d43   Asteroid_Start
00008d4f   Init_Timer1A
00008dad   Distance_Stop
00008db9   Distance_Start
00008dc5   Init_Sound
00008e29   Sound_Stop
00008e35   Sound_Start
00008ed5   __aeabi_uldivmod
000090c9   __aeabi_dsub
000090d3   __aeabi_dadd
00009281   sqrt
000093c9   __aeabi_ddiv
00009501   _Dscale
00009611   __aeabi_dmul
0000970d   _Dnorm
000097d1   main
00009891   __aeabi_memcpy
00009891   __aeabi_memcpy4
00009891   __aeabi_memcpy8
00009891   memcpy
0000992d   __TI_auto_init
000099c1   __aeabi_cdcmpeq
000099c1   __aeabi_cdcmple
00009a47   __aeabi_cdrcmple
00009acd   __aeabi_memclr
00009acd   __aeabi_memclr4
00009acd   __aeabi_memclr8
00009acf   __aeabi_memset
00009acf   __aeabi_memset4
00009acf   __aeabi_memset8
00009ad5   memset
00009b45   _Dunscale
00009ba9   sprintf
00009c67   ltoa
00009cc1   atoi
00009d0d   srand
00009d23   rand
00009d59   _c_int00
00009da1   __aeabi_d2iz
00009de9   copy_in
00009e2d   C$$EXIT
00009e31   abort
00009e39   exit
00009e71   __aeabi_d2uiz
00009eb5   _Dtest
00009ef9   signal
00009f39   feraiseexcept
00009f6d   _Feraise
00009f9d   __aeabi_i2d
00009fcb   raise
00009ff9   __aeabi_ui2d
0000a019   memccpy
0000a035   _args_main
0000a04d   __aeabi_lmul
0000a065   _register_unlock
0000a06b   _register_lock
0000a073   _nop
0000a079   strlen
0000a08d   __TI_zero_init
0000a09f   _Dclass
0000a0b1   __TI_decompress_none
0000a0bf   ResetISR
0000a0cb   __TI_decompress_rle24
0000a874   __TI_Handler_Table_Base
0000a880   __TI_Handler_Table_Limit
0000a888   __TI_CINIT_Base
0000a898   __TI_CINIT_Limit
20000000   spaceshipImage
20000c80   asteroidm
20001050   _Denorm
20001060   _Eps
20001070   _Hugeval
20001080   _Inf
20001090   _Nan
200010a0   _Snan
200010b0   _Rteps
200010c0   _Xbig
200010c8   _Zero
200010d0   _lock
200010d4   _unlock
200010d8   __TI_cleanup_ptr
200010dc   __TI_dtors_ptr
200010e0   _Fenv
200010e4   _Tls_setup__Fenv
200010ea   reset
200010ec   _Errno
200010f4   main_func_sp
200010f8   __stack
200012f8   __STACK_TOP
200014f8   __STACK_END
200014f8   asteroid
200015a0   laser
20001648   explosion
200016a8   alien
200016e0   player
200016fc   TimerCount
20001700   sliderPosition
20001704   Index
20001705   start
ffffffff   __binit__
ffffffff   __c_args__
ffffffff   binit
UNDEFED    SHT$$INIT_ARRAY$$Base
UNDEFED    SHT$$INIT_ARRAY$$Limit

[184 symbols]
