******************************************************************************
                  TI ARM Linker PC v5.1.6                      
******************************************************************************
>> Linked Thu Jul 17 20:29:27 2014

OUTPUT FILE NAME:   <Astroidz v2.out>
ENTRY POINT SYMBOL: "_c_int00"  address: 0001925d


MEMORY CONFIGURATION

         name            origin    length      used     unused   attr    fill
----------------------  --------  ---------  --------  --------  ----  --------
  FLASH                 00000000   00040000  00019904  000266fc  R  X
  SRAM                  20000000   00008000  00000a98  00007568  RW X


SEGMENT ALLOCATION MAP

run origin  load origin   length   init length attrs members
----------  ----------- ---------- ----------- ----- -------
00000000    00000000    00019908   00019908    r-x
  00000000    00000000    0000026c   0000026c    r-- .intvecs
  0000026c    0000026c    00015524   00015524    r-- .const
  00015790    00015790    00003e44   00003e44    r-x .text
  000195d8    000195d8    00000330   00000330    r-- .cinit
20000000    20000000    00000a9a   00000000    rw-
  20000000    20000000    00000556   00000000    rw- .data
  20000558    20000558    00000400   00000000    rw- .stack
  20000958    20000958    00000142   00000000    rw- .bss


SECTION ALLOCATION MAP

 output                                  attributes/
section   page    origin      length       input sections
--------  ----  ----------  ----------   ----------------
.intvecs   0    00000000    0000026c     
                  00000000    0000026c     tm4c123gh6pm_startup_ccs.obj (.intvecs)

.init_array 
*          0    00000000    00000000     UNINITIALIZED

.const     0    0000026c    00015524     
                  0000026c    00012c00     game.obj (.const:.string:startImage)
                  00012e6c    000009c4     game.obj (.const:.string:asteroidm)
                  00013830    000009c4     game.obj (.const:.string:explosionImage3)
                  000141f4    00000640     game.obj (.const:.string:explosionImage2)
                  00014834    00000640     game.obj (.const:.string:spaceshipImage)
                  00014e74    000001f8     game.obj (.const:explosion2Palette)
                  0001506c    000001ee     game.obj (.const:explosion3Palette)
                  0001525a    00000190     game.obj (.const:.string:explosionImage1)
                  000153ea    00000148     game.obj (.const:spaceshipPalette)
                  00015532    00000102     rtsv7M4_T_le_v4SPD16_eabi.lib : ctype.obj (.const:.string:_ctypes_)
                  00015634    00000080     game.obj (.const:asteroidPalette)
                  000156b4    00000078     game.obj (.const:explosion1Palette)
                  0001572c    00000054     game.obj (.const:.string)
                  00015780    00000010     game.obj (.const)

.text      0    00015790    00003e44     
                  00015790    00001104     game.obj (.text)
                  00016894    00000ec0     rtsv7M4_T_le_v4SPD16_eabi.lib : _printfi.obj (.text)
                  00017754    00000a10     LCD.obj (.text)
                  00018164    00000280     interrupts.obj (.text)
                  000183e4    000001f4     rtsv7M4_T_le_v4SPD16_eabi.lib : ull_div_t2.obj (.text)
                  000185d8    000001b6                                   : fd_add_t2.obj (.text)
                  0001878e    00000002     --HOLE-- [fill = 0]
                  00018790    00000148                                   : sqrt.obj (.text)
                  000188d8    00000136                                   : fd_div_t2.obj (.text)
                  00018a0e    00000002     --HOLE-- [fill = 0]
                  00018a10    00000110                                   : xdscale.obj (.text)
                  00018b20    000000fc                                   : fd_mul_t2.obj (.text)
                  00018c1c    000000c4                                   : xdnorm.obj (.text)
                  00018ce0    000000b4     main.obj (.text)
                  00018d94    0000009c     rtsv7M4_T_le_v4SPD16_eabi.lib : memcpy_t2.obj (.text)
                  00018e30    00000094                                   : auto_init.obj (.text)
                  00018ec4    00000086                                   : fd_cmp_t2.obj (.text:__aeabi_cdcmple)
                  00018f4a    00000086                                   : fd_cmp_t2.obj (.text:__aeabi_cdrcmple)
                  00018fd0    00000078                                   : memset_t2.obj (.text)
                  00019048    00000064                                   : xdunscal.obj (.text)
                  000190ac    00000060                                   : sprintf.obj (.text)
                  0001910c    0000005e                                   : copy_decompress_rle.obj (.text)
                  0001916a    0000005a                                   : ltoa.obj (.text)
                  000191c4    0000004c                                   : atoi.obj (.text)
                  00019210    0000004c                                   : rand.obj (.text)
                  0001925c    00000048                                   : boot.obj (.text)
                  000192a4    00000048                                   : fd_toi_t2.obj (.text)
                  000192ec    00000044                                   : cpy_tbl.obj (.text)
                  00019330    00000044                                   : exit.obj (.text)
                  00019374    00000044                                   : fd_tou_t2.obj (.text)
                  000193b8    00000044                                   : xdtest.obj (.text)
                  000193fc    00000040                                   : signal.obj (.text)
                  0001943c    00000034                                   : feraiseexcept.obj (.text)
                  00019470    00000030                                   : xferaise.obj (.text)
                  000194a0    0000002e                                   : i_tofd_t2.obj (.text)
                  000194ce    0000002e                                   : raise.obj (.text)
                  000194fc    00000020                                   : u_tofd_t2.obj (.text)
                  0001951c    0000001c                                   : memccpy.obj (.text)
                  00019538    00000018                                   : args_main.obj (.text)
                  00019550    00000018                                   : ll_mul_t2.obj (.text)
                  00019568    00000014                                   : _lock.obj (.text)
                  0001957c    00000014                                   : strlen.obj (.text)
                  00019590    00000012                                   : copy_zero_init.obj (.text:decompress:ZI)
                  000195a2    00000012                                   : xdclass.obj (.text)
                  000195b4    0000000e                                   : copy_decompress_none.obj (.text:decompress:none)
                  000195c2    0000000c     tm4c123gh6pm_startup_ccs.obj (.text)
                  000195ce    00000006     rtsv7M4_T_le_v4SPD16_eabi.lib : copy_decompress_rle.obj (.text:decompress:rle24)

.cinit     0    000195d8    00000330     
                  000195d8    0000030b     (.cinit..data.load) [load image, compression = rle]
                  000198e3    00000001     --HOLE-- [fill = 0]
                  000198e4    0000000c     (__TI_handler_table)
                  000198f0    00000008     (.cinit..bss.load) [load image, compression = zero_init]
                  000198f8    00000010     (__TI_cinit_table)

.data      0    20000000    00000556     UNINITIALIZED
                  20000000    00000400     game.obj (.data:font8x8_basic)
                  20000400    000000b0     rtsv7M4_T_le_v4SPD16_eabi.lib : signal.obj (.data:sigtable)
                  200004b0    00000080                                   : xvalues.obj (.data)
                  20000530    00000008                                   : _lock.obj (.data)
                  20000538    00000008                                   : exit.obj (.data)
                  20000540    00000008                                   : feraiseexcept.obj (.data)
                  20000548    00000004                                   : errno.obj (.data)
                  2000054c    00000004                                   : rand.obj (.data)
                  20000550    00000004                                   : stkdepth_vars.obj (.data)
                  20000554    00000002     game.obj (.data)

.stack     0    20000558    00000400     UNINITIALIZED
                  20000558    00000400     --HOLE--

.bss       0    20000958    00000142     UNINITIALIZED
                  20000958    0000006c     game.obj (.bss:laser)
                  200009c4    00000060     game.obj (.bss:explosion)
                  20000a24    00000048     game.obj (.bss:asteroid)
                  20000a6c    00000024     game.obj (.bss:player)
                  20000a90    00000004     (.common:TimerCount)
                  20000a94    00000004     (.common:sliderPosition)
                  20000a98    00000001     (.common:Index)
                  20000a99    00000001     (.common:start)


LINKER GENERATED COPY TABLES

__TI_cinit_table @ 000198f8 records: 2, size/record: 8, table size: 16
	.data: load addr=000195d8, load size=0000030b bytes, run addr=20000000, run size=00000556 bytes, compression=rle
	.bss: load addr=000198f0, load size=00000008 bytes, run addr=20000958, run size=00000142 bytes, compression=zero_init


LINKER GENERATED HANDLER TABLE

__TI_handler_table @ 000198e4 records: 3, size/record: 4, table size: 12
	index: 0, handler: __TI_decompress_rle24
	index: 1, handler: __TI_decompress_none
	index: 2, handler: __TI_zero_init


GLOBAL SYMBOLS: SORTED ALPHABETICALLY BY Name 

address    name
--------   ----
00017fc7   ADC0
00016751   Asteroid_Handler
00018253   Asteroid_Start
00018247   Asteroid_Stop
00019331   C$$EXIT
00016789   Distance_Handler
000182c9   Distance_Start
000182bd   Distance_Stop
00016719   GPIOPortA_Handler
20000a98   Index
00017cc5   Init_Analog
00018015   Init_EEPROM
000157d9   Init_Explosions
00018165   Init_Interrupt
000179a9   Init_LCD
000177ad   Init_PLL
00015791   Init_Player
00017813   Init_Port
00017c61   Init_SSI0
000182d5   Init_Sound
0001589b   Init_StartScreen
00017755   Init_SysTick
000181e9   Init_Timer0A
0001825f   Init_Timer1A
000195c3   ResetISR
UNDEFED    SHT$$INIT_ARRAY$$Base
UNDEFED    SHT$$INIT_ARRAY$$Limit
0001572c   SineWave
00016799   Sound_Handler
00018345   Sound_Start
00018339   Sound_Stop
20000a90   TimerCount
00016737   Touchscreen_Handler
00017763   Wait_SysTick
000195a3   _Dclass
200004b0   _Denorm
00018c1d   _Dnorm
00018a11   _Dscale
000193b9   _Dtest
00019049   _Dunscale
200004c0   _Eps
20000548   _Errno
20000540   _Fenv
00019471   _Feraise
200004d0   _Hugeval
200004e0   _Inf
200004f0   _Nan
20000510   _Rteps
20000500   _Snan
20000544   _Tls_setup__Fenv
20000520   _Xbig
20000528   _Zero
20000958   __STACK_END
00000400   __STACK_SIZE
20000758   __STACK_TOP
000198f8   __TI_CINIT_Base
00019908   __TI_CINIT_Limit
000198e4   __TI_Handler_Table_Base
000198f0   __TI_Handler_Table_Limit
00000001   __TI_args_main
00018e31   __TI_auto_init
20000538   __TI_cleanup_ptr
000195b5   __TI_decompress_none
000195cf   __TI_decompress_rle24
2000053c   __TI_dtors_ptr
0001744b   __TI_printfi
00000000   __TI_static_base__
00019591   __TI_zero_init
00018ec5   __aeabi_cdcmpeq
00018ec5   __aeabi_cdcmple
00018f4b   __aeabi_cdrcmple
000192a5   __aeabi_d2iz
00019375   __aeabi_d2uiz
000185e3   __aeabi_dadd
000188d9   __aeabi_ddiv
00018b21   __aeabi_dmul
000185d9   __aeabi_dsub
000194a1   __aeabi_i2d
00019551   __aeabi_lmul
00018fd1   __aeabi_memclr
00018fd1   __aeabi_memclr4
00018fd1   __aeabi_memclr8
00018d95   __aeabi_memcpy
00018d95   __aeabi_memcpy4
00018d95   __aeabi_memcpy8
00018fd3   __aeabi_memset
00018fd3   __aeabi_memset4
00018fd3   __aeabi_memset8
000194fd   __aeabi_ui2d
000183e5   __aeabi_uldivmod
ffffffff   __binit__
ffffffff   __c_args__
20000558   __stack
00019539   _args_main
0001925d   _c_int00
00015532   _ctypes_
20000530   _lock
00019577   _nop
0001956f   _register_lock
00019569   _register_unlock
20000534   _unlock
00019335   abort
00015f49   addAsteroidMedium
00016299   addLaser
20000a24   asteroid
00015634   asteroidPalette
00012e6c   asteroidm
000191c5   atoi
ffffffff   binit
00018079   check_eeprom_done
00017ecb   clearArea
00017e8d   clearLCD
0001611d   collision
000192ed   copy_in
00017783   delayMS
00015f1d   deleteAsteroid
00015c2d   deployAsteroid
00016223   detectPlayerCollision
00016559   displayCountDown
000158d5   displayEndScreen
00016055   displayExplosionAnimation
000180fd   erase_sector
0001933d   exit
200009c4   explosion
000156b4   explosion1Palette
00014e74   explosion2Palette
0001506c   explosion3Palette
0001525a   explosionImage1
000141f4   explosionImage2
00013830   explosionImage3
0001943d   feraiseexcept
20000000   font8x8_basic
00000000   g_pfnVectors
00015999   getCenter
00015c11   getPlayerPosition
00017f3b   getX
00017f81   getY
20000958   laser
00016255   loopEndGame
0001916b   ltoa
00018ce1   main
20000550   main_func_sp
0001951d   memccpy
00018d95   memcpy
00018fd9   memset
00015dd5   moveAsteroid
000163bd   moveLaser
00016515   playSound
20000a6c   player
00015ba9   playerControl
00015a11   printBMP
00015af1   printBMP2
000159d7   printBMP3
000194cf   raise
00019227   rand
000165f9   randomValue
0001598d   read_highscore
000180cf   read_sector
20000554   reset
000167d1   resetGame
00017e3d   setAddress
00017e1d   setCursor
000193fd   signal
20000a94   sliderPosition
00014834   spaceshipImage
000153ea   spaceshipPalette
000190ad   sprintf
00018791   sqrt
00019211   srand
20000a99   start
0000026c   startImage
0001957d   strlen
0001668b   writeCharacter
00017d31   writeCmd
00017d9d   writeData
00017e01   writeReg
00016639   writeString
0001597d   write_highscore
000180a1   write_sector


GLOBAL SYMBOLS: SORTED BY Symbol Address 

address    name
--------   ----
00000000   __TI_static_base__
00000000   g_pfnVectors
00000001   __TI_args_main
0000026c   startImage
00000400   __STACK_SIZE
00012e6c   asteroidm
00013830   explosionImage3
000141f4   explosionImage2
00014834   spaceshipImage
00014e74   explosion2Palette
0001506c   explosion3Palette
0001525a   explosionImage1
000153ea   spaceshipPalette
00015532   _ctypes_
00015634   asteroidPalette
000156b4   explosion1Palette
0001572c   SineWave
00015791   Init_Player
000157d9   Init_Explosions
0001589b   Init_StartScreen
000158d5   displayEndScreen
0001597d   write_highscore
0001598d   read_highscore
00015999   getCenter
000159d7   printBMP3
00015a11   printBMP
00015af1   printBMP2
00015ba9   playerControl
00015c11   getPlayerPosition
00015c2d   deployAsteroid
00015dd5   moveAsteroid
00015f1d   deleteAsteroid
00015f49   addAsteroidMedium
00016055   displayExplosionAnimation
0001611d   collision
00016223   detectPlayerCollision
00016255   loopEndGame
00016299   addLaser
000163bd   moveLaser
00016515   playSound
00016559   displayCountDown
000165f9   randomValue
00016639   writeString
0001668b   writeCharacter
00016719   GPIOPortA_Handler
00016737   Touchscreen_Handler
00016751   Asteroid_Handler
00016789   Distance_Handler
00016799   Sound_Handler
000167d1   resetGame
0001744b   __TI_printfi
00017755   Init_SysTick
00017763   Wait_SysTick
00017783   delayMS
000177ad   Init_PLL
00017813   Init_Port
000179a9   Init_LCD
00017c61   Init_SSI0
00017cc5   Init_Analog
00017d31   writeCmd
00017d9d   writeData
00017e01   writeReg
00017e1d   setCursor
00017e3d   setAddress
00017e8d   clearLCD
00017ecb   clearArea
00017f3b   getX
00017f81   getY
00017fc7   ADC0
00018015   Init_EEPROM
00018079   check_eeprom_done
000180a1   write_sector
000180cf   read_sector
000180fd   erase_sector
00018165   Init_Interrupt
000181e9   Init_Timer0A
00018247   Asteroid_Stop
00018253   Asteroid_Start
0001825f   Init_Timer1A
000182bd   Distance_Stop
000182c9   Distance_Start
000182d5   Init_Sound
00018339   Sound_Stop
00018345   Sound_Start
000183e5   __aeabi_uldivmod
000185d9   __aeabi_dsub
000185e3   __aeabi_dadd
00018791   sqrt
000188d9   __aeabi_ddiv
00018a11   _Dscale
00018b21   __aeabi_dmul
00018c1d   _Dnorm
00018ce1   main
00018d95   __aeabi_memcpy
00018d95   __aeabi_memcpy4
00018d95   __aeabi_memcpy8
00018d95   memcpy
00018e31   __TI_auto_init
00018ec5   __aeabi_cdcmpeq
00018ec5   __aeabi_cdcmple
00018f4b   __aeabi_cdrcmple
00018fd1   __aeabi_memclr
00018fd1   __aeabi_memclr4
00018fd1   __aeabi_memclr8
00018fd3   __aeabi_memset
00018fd3   __aeabi_memset4
00018fd3   __aeabi_memset8
00018fd9   memset
00019049   _Dunscale
000190ad   sprintf
0001916b   ltoa
000191c5   atoi
00019211   srand
00019227   rand
0001925d   _c_int00
000192a5   __aeabi_d2iz
000192ed   copy_in
00019331   C$$EXIT
00019335   abort
0001933d   exit
00019375   __aeabi_d2uiz
000193b9   _Dtest
000193fd   signal
0001943d   feraiseexcept
00019471   _Feraise
000194a1   __aeabi_i2d
000194cf   raise
000194fd   __aeabi_ui2d
0001951d   memccpy
00019539   _args_main
00019551   __aeabi_lmul
00019569   _register_unlock
0001956f   _register_lock
00019577   _nop
0001957d   strlen
00019591   __TI_zero_init
000195a3   _Dclass
000195b5   __TI_decompress_none
000195c3   ResetISR
000195cf   __TI_decompress_rle24
000198e4   __TI_Handler_Table_Base
000198f0   __TI_Handler_Table_Limit
000198f8   __TI_CINIT_Base
00019908   __TI_CINIT_Limit
20000000   font8x8_basic
200004b0   _Denorm
200004c0   _Eps
200004d0   _Hugeval
200004e0   _Inf
200004f0   _Nan
20000500   _Snan
20000510   _Rteps
20000520   _Xbig
20000528   _Zero
20000530   _lock
20000534   _unlock
20000538   __TI_cleanup_ptr
2000053c   __TI_dtors_ptr
20000540   _Fenv
20000544   _Tls_setup__Fenv
20000548   _Errno
20000550   main_func_sp
20000554   reset
20000558   __stack
20000758   __STACK_TOP
20000958   __STACK_END
20000958   laser
200009c4   explosion
20000a24   asteroid
20000a6c   player
20000a90   TimerCount
20000a94   sliderPosition
20000a98   Index
20000a99   start
ffffffff   __binit__
ffffffff   __c_args__
ffffffff   binit
UNDEFED    SHT$$INIT_ARRAY$$Base
UNDEFED    SHT$$INIT_ARRAY$$Limit

[179 symbols]
