******************************************************************************
                  TI ARM Linker PC v5.1.6                      
******************************************************************************
>> Linked Tue Jul 15 00:14:42 2014

OUTPUT FILE NAME:   <Astroidz.out>
ENTRY POINT SYMBOL: "_c_int00"  address: 00007dad


MEMORY CONFIGURATION

         name            origin    length      used     unused   attr    fill
----------------------  --------  ---------  --------  --------  ----  --------
  FLASH                 00000000   00040000  00008454  00037bac  R  X
  SRAM                  20000000   00008000  0000085b  000077a5  RW X


SEGMENT ALLOCATION MAP

run origin  load origin   length   init length attrs members
----------  ----------- ---------- ----------- ----- -------
00000000    00000000    00008458   00008458    r-x
  00000000    00000000    0000026c   0000026c    r-- .intvecs
  0000026c    0000026c    000043c4   000043c4    r-- .const
  00004630    00004630    00003af4   00003af4    r-x .text
  00008128    00008128    00000330   00000330    r-- .cinit
20000000    20000000    0000085d   00000000    rw-
  20000000    20000000    00000556   00000000    rw- .data
  20000558    20000558    00000200   00000000    rw- .stack
  20000758    20000758    00000105   00000000    rw- .bss


SECTION ALLOCATION MAP

 output                                  attributes/
section   page    origin      length       input sections
--------  ----  ----------  ----------   ----------------
.intvecs   0    00000000    0000026c     
                  00000000    0000026c     tm4c123gh6pm_startup_ccs.obj (.intvecs)

.init_array 
*          0    00000000    00000000     UNINITIALIZED

.const     0    0000026c    000043c4     
                  0000026c    00001388     game.obj (.const:asteroidm)
                  000015f4    00001388     game.obj (.const:explosionImage3)
                  0000297c    00000c80     game.obj (.const:explosionImage2)
                  000035fc    00000960     game.obj (.const:spaceshipImage)
                  00003f5c    00000320     game.obj (.const:explosionImage1)
                  0000427c    00000258     game.obj (.const:laserbeam)
                  000044d4    00000102     rtsv7M4_T_le_v4SPD16_eabi.lib : ctype.obj (.const:.string:_ctypes_)
                  000045d6    00000002     --HOLE-- [fill = 0]
                  000045d8    00000048     game.obj (.const:.string)
                  00004620    00000010     game.obj (.const)

.text      0    00004630    00003af4     
                  00004630    00000f14     game.obj (.text)
                  00005544    00000ec0     rtsv7M4_T_le_v4SPD16_eabi.lib : _printfi.obj (.text)
                  00006404    000008f0     LCD.obj (.text)
                  00006cf4    00000280     interrupts.obj (.text)
                  00006f74    000001f4     rtsv7M4_T_le_v4SPD16_eabi.lib : ull_div_t2.obj (.text)
                  00007168    000001b6                                   : fd_add_t2.obj (.text)
                  0000731e    00000002     --HOLE-- [fill = 0]
                  00007320    00000148                                   : sqrt.obj (.text)
                  00007468    00000136                                   : fd_div_t2.obj (.text)
                  0000759e    00000002     --HOLE-- [fill = 0]
                  000075a0    00000110                                   : xdscale.obj (.text)
                  000076b0    000000fc                                   : fd_mul_t2.obj (.text)
                  000077ac    000000c4                                   : xdnorm.obj (.text)
                  00007870    0000009c                                   : memcpy_t2.obj (.text)
                  0000790c    00000094                                   : auto_init.obj (.text)
                  000079a0    00000086                                   : fd_cmp_t2.obj (.text:__aeabi_cdcmple)
                  00007a26    00000086                                   : fd_cmp_t2.obj (.text:__aeabi_cdrcmple)
                  00007aac    00000078                                   : memset_t2.obj (.text)
                  00007b24    00000074     main.obj (.text)
                  00007b98    00000064     rtsv7M4_T_le_v4SPD16_eabi.lib : xdunscal.obj (.text)
                  00007bfc    00000060                                   : sprintf.obj (.text)
                  00007c5c    0000005e                                   : copy_decompress_rle.obj (.text)
                  00007cba    0000005a                                   : ltoa.obj (.text)
                  00007d14    0000004c                                   : atoi.obj (.text)
                  00007d60    0000004c                                   : rand.obj (.text)
                  00007dac    00000048                                   : boot.obj (.text)
                  00007df4    00000048                                   : fd_toi_t2.obj (.text)
                  00007e3c    00000044                                   : cpy_tbl.obj (.text)
                  00007e80    00000044                                   : exit.obj (.text)
                  00007ec4    00000044                                   : fd_tou_t2.obj (.text)
                  00007f08    00000044                                   : xdtest.obj (.text)
                  00007f4c    00000040                                   : signal.obj (.text)
                  00007f8c    00000034                                   : feraiseexcept.obj (.text)
                  00007fc0    00000030                                   : xferaise.obj (.text)
                  00007ff0    0000002e                                   : i_tofd_t2.obj (.text)
                  0000801e    0000002e                                   : raise.obj (.text)
                  0000804c    00000020                                   : u_tofd_t2.obj (.text)
                  0000806c    0000001c                                   : memccpy.obj (.text)
                  00008088    00000018                                   : args_main.obj (.text)
                  000080a0    00000018                                   : ll_mul_t2.obj (.text)
                  000080b8    00000014                                   : _lock.obj (.text)
                  000080cc    00000014                                   : strlen.obj (.text)
                  000080e0    00000012                                   : copy_zero_init.obj (.text:decompress:ZI)
                  000080f2    00000012                                   : xdclass.obj (.text)
                  00008104    0000000e                                   : copy_decompress_none.obj (.text:decompress:none)
                  00008112    0000000c     tm4c123gh6pm_startup_ccs.obj (.text)
                  0000811e    00000006     rtsv7M4_T_le_v4SPD16_eabi.lib : copy_decompress_rle.obj (.text:decompress:rle24)

.cinit     0    00008128    00000330     
                  00008128    00000308     (.cinit..data.load) [load image, compression = rle]
                  00008430    0000000c     (__TI_handler_table)
                  0000843c    00000004     --HOLE-- [fill = 0]
                  00008440    00000008     (.cinit..bss.load) [load image, compression = zero_init]
                  00008448    00000010     (__TI_cinit_table)

.data      0    20000000    00000556     UNINITIALIZED
                  20000000    00000400     game.obj (.data:font8x8_basic)
                  20000400    000000b0     rtsv7M4_T_le_v4SPD16_eabi.lib : signal.obj (.data:sigtable)
                  200004b0    00000080                                   : xvalues.obj (.data)
                  20000530    00000008                                   : _lock.obj (.data)
                  20000538    00000008                                   : exit.obj (.data)
                  20000540    00000008                                   : feraiseexcept.obj (.data)
                  20000548    00000004                                   : errno.obj (.data)
                  2000054c    00000004                                   : rand.obj (.data)
                  20000550    00000004                                   : stkdepth_vars.obj (.data)
                  20000554    00000002     game.obj (.data)

.stack     0    20000558    00000200     UNINITIALIZED
                  20000558    00000200     --HOLE--

.bss       0    20000758    00000105     UNINITIALIZED
                  20000758    00000054     game.obj (.bss:laser)
                  200007ac    00000048     game.obj (.bss:explosion)
                  200007f4    00000038     game.obj (.bss:asteroid)
                  2000082c    0000001c     (.common:player)
                  20000848    0000000c     (.common:buffer)
                  20000854    00000004     (.common:TimerCount)
                  20000858    00000004     (.common:sliderPosition)
                  2000085c    00000001     (.common:semaphore)


LINKER GENERATED COPY TABLES

__TI_cinit_table @ 00008448 records: 2, size/record: 8, table size: 16
	.data: load addr=00008128, load size=00000308 bytes, run addr=20000000, run size=00000556 bytes, compression=rle
	.bss: load addr=00008440, load size=00000008 bytes, run addr=20000758, run size=00000105 bytes, compression=zero_init


LINKER GENERATED HANDLER TABLE

__TI_handler_table @ 00008430 records: 3, size/record: 4, table size: 12
	index: 0, handler: __TI_decompress_rle24
	index: 1, handler: __TI_decompress_none
	index: 2, handler: __TI_zero_init


GLOBAL SYMBOLS: SORTED ALPHABETICALLY BY Name 

address    name
--------   ----
00006c71   ADC0
00007e81   C$$EXIT
0000538f   GPIOPortA_Handler
00005463   GPIOPortE_Handler
20000554   Index
00006975   Init_Analog
0000466d   Init_Explosions
00006cf5   Init_Interrupt
00006659   Init_LCD
0000645d   Init_PLL
00004631   Init_Player
000064c3   Init_Port
00006911   Init_SSI0
00006e65   Init_Sound
0000471d   Init_StartScreen
00006405   Init_SysTick
00006d79   Init_Timer0A
00006def   Init_Timer1A
00008113   ResetISR
UNDEFED    SHT$$INIT_ARRAY$$Base
UNDEFED    SHT$$INIT_ARRAY$$Limit
000045d8   SineWave
000054d3   Sound_Handler
00006ed5   Sound_Start
00006ec9   Sound_Stop
0000547f   Timer0A_Handler
00006de3   Timer0A_Start
00006dd7   Timer0A_Stop
000054c3   Timer1A_Handler
00006e59   Timer1A_Start
00006e4d   Timer1A_Stop
20000854   TimerCount
00006413   Wait_SysTick
000080f3   _Dclass
200004b0   _Denorm
000077ad   _Dnorm
000075a1   _Dscale
00007f09   _Dtest
00007b99   _Dunscale
200004c0   _Eps
20000548   _Errno
20000540   _Fenv
00007fc1   _Feraise
200004d0   _Hugeval
200004e0   _Inf
200004f0   _Nan
20000510   _Rteps
20000500   _Snan
20000544   _Tls_setup__Fenv
20000520   _Xbig
20000528   _Zero
20000758   __STACK_END
00000200   __STACK_SIZE
20000758   __STACK_TOP
00008448   __TI_CINIT_Base
00008458   __TI_CINIT_Limit
00008430   __TI_Handler_Table_Base
0000843c   __TI_Handler_Table_Limit
00000001   __TI_args_main
0000790d   __TI_auto_init
20000538   __TI_cleanup_ptr
00008105   __TI_decompress_none
0000811f   __TI_decompress_rle24
2000053c   __TI_dtors_ptr
000060fb   __TI_printfi
00000000   __TI_static_base__
000080e1   __TI_zero_init
000079a1   __aeabi_cdcmpeq
000079a1   __aeabi_cdcmple
00007a27   __aeabi_cdrcmple
00007df5   __aeabi_d2iz
00007ec5   __aeabi_d2uiz
00007173   __aeabi_dadd
00007469   __aeabi_ddiv
000076b1   __aeabi_dmul
00007169   __aeabi_dsub
00007ff1   __aeabi_i2d
000080a1   __aeabi_lmul
00007aad   __aeabi_memclr
00007aad   __aeabi_memclr4
00007aad   __aeabi_memclr8
00007871   __aeabi_memcpy
00007871   __aeabi_memcpy4
00007871   __aeabi_memcpy8
00007aaf   __aeabi_memset
00007aaf   __aeabi_memset4
00007aaf   __aeabi_memset8
0000804d   __aeabi_ui2d
00006f75   __aeabi_uldivmod
ffffffff   __binit__
ffffffff   __c_args__
20000558   __stack
00008089   _args_main
00007dad   _c_int00
000044d4   _ctypes_
20000530   _lock
000080c7   _nop
000080bf   _register_lock
000080b9   _register_unlock
20000534   _unlock
00007e85   abort
00004ca9   addAsteroidMedium
00004f8d   addLaser
200007f4   asteroid
0000026c   asteroidm
00007d15   atoi
ffffffff   binit
20000848   buffer
00006b75   clearArea
00006b37   clearLCD
00004d89   collision
00007e3d   copy_in
00006433   delayMS
00004c8d   deleteAsteroid
000049b5   deployAsteroid
00004f49   detectPlayerCollision
000053d3   displayCountDown
0000474f   displayEndScreen
00007e8d   exit
200007ac   explosion
00003f5c   explosionImage1
0000297c   explosionImage2
000015f4   explosionImage3
00007f8d   feraiseexcept
20000000   font8x8_basic
00000000   g_pfnVectors
0000479f   getCenter
00004911   getPlayerPosition
00006be5   getX
00006c2b   getY
20000758   laser
0000427c   laserbeam
00007cbb   ltoa
00007b25   main
20000550   main_func_sp
0000806d   memccpy
00007871   memcpy
00007ab5   memset
00004b45   moveAsteroid
000050c1   moveLaser
00005219   playSound
2000082c   player
00004891   playerControl
000047dd   printBMP
0000480d   printBMP2
0000801f   raise
00007d77   rand
0000523f   randomValue
2000085c   semaphore
00006aed   setAddress
00006acd   setCursor
00007f4d   signal
20000858   sliderPosition
000035fc   spaceshipImage
00007bfd   sprintf
00007321   sqrt
00007d61   srand
000080cd   strlen
00005301   writeCharacter
000069e1   writeCmd
00006a4d   writeData
00006ab1   writeReg
00005285   writeString


GLOBAL SYMBOLS: SORTED BY Symbol Address 

address    name
--------   ----
00000000   __TI_static_base__
00000000   g_pfnVectors
00000001   __TI_args_main
00000200   __STACK_SIZE
0000026c   asteroidm
000015f4   explosionImage3
0000297c   explosionImage2
000035fc   spaceshipImage
00003f5c   explosionImage1
0000427c   laserbeam
000044d4   _ctypes_
000045d8   SineWave
00004631   Init_Player
0000466d   Init_Explosions
0000471d   Init_StartScreen
0000474f   displayEndScreen
0000479f   getCenter
000047dd   printBMP
0000480d   printBMP2
00004891   playerControl
00004911   getPlayerPosition
000049b5   deployAsteroid
00004b45   moveAsteroid
00004c8d   deleteAsteroid
00004ca9   addAsteroidMedium
00004d89   collision
00004f49   detectPlayerCollision
00004f8d   addLaser
000050c1   moveLaser
00005219   playSound
0000523f   randomValue
00005285   writeString
00005301   writeCharacter
0000538f   GPIOPortA_Handler
000053d3   displayCountDown
00005463   GPIOPortE_Handler
0000547f   Timer0A_Handler
000054c3   Timer1A_Handler
000054d3   Sound_Handler
000060fb   __TI_printfi
00006405   Init_SysTick
00006413   Wait_SysTick
00006433   delayMS
0000645d   Init_PLL
000064c3   Init_Port
00006659   Init_LCD
00006911   Init_SSI0
00006975   Init_Analog
000069e1   writeCmd
00006a4d   writeData
00006ab1   writeReg
00006acd   setCursor
00006aed   setAddress
00006b37   clearLCD
00006b75   clearArea
00006be5   getX
00006c2b   getY
00006c71   ADC0
00006cf5   Init_Interrupt
00006d79   Init_Timer0A
00006dd7   Timer0A_Stop
00006de3   Timer0A_Start
00006def   Init_Timer1A
00006e4d   Timer1A_Stop
00006e59   Timer1A_Start
00006e65   Init_Sound
00006ec9   Sound_Stop
00006ed5   Sound_Start
00006f75   __aeabi_uldivmod
00007169   __aeabi_dsub
00007173   __aeabi_dadd
00007321   sqrt
00007469   __aeabi_ddiv
000075a1   _Dscale
000076b1   __aeabi_dmul
000077ad   _Dnorm
00007871   __aeabi_memcpy
00007871   __aeabi_memcpy4
00007871   __aeabi_memcpy8
00007871   memcpy
0000790d   __TI_auto_init
000079a1   __aeabi_cdcmpeq
000079a1   __aeabi_cdcmple
00007a27   __aeabi_cdrcmple
00007aad   __aeabi_memclr
00007aad   __aeabi_memclr4
00007aad   __aeabi_memclr8
00007aaf   __aeabi_memset
00007aaf   __aeabi_memset4
00007aaf   __aeabi_memset8
00007ab5   memset
00007b25   main
00007b99   _Dunscale
00007bfd   sprintf
00007cbb   ltoa
00007d15   atoi
00007d61   srand
00007d77   rand
00007dad   _c_int00
00007df5   __aeabi_d2iz
00007e3d   copy_in
00007e81   C$$EXIT
00007e85   abort
00007e8d   exit
00007ec5   __aeabi_d2uiz
00007f09   _Dtest
00007f4d   signal
00007f8d   feraiseexcept
00007fc1   _Feraise
00007ff1   __aeabi_i2d
0000801f   raise
0000804d   __aeabi_ui2d
0000806d   memccpy
00008089   _args_main
000080a1   __aeabi_lmul
000080b9   _register_unlock
000080bf   _register_lock
000080c7   _nop
000080cd   strlen
000080e1   __TI_zero_init
000080f3   _Dclass
00008105   __TI_decompress_none
00008113   ResetISR
0000811f   __TI_decompress_rle24
00008430   __TI_Handler_Table_Base
0000843c   __TI_Handler_Table_Limit
00008448   __TI_CINIT_Base
00008458   __TI_CINIT_Limit
20000000   font8x8_basic
200004b0   _Denorm
200004c0   _Eps
200004d0   _Hugeval
200004e0   _Inf
200004f0   _Nan
20000500   _Snan
20000510   _Rteps
20000520   _Xbig
20000528   _Zero
20000530   _lock
20000534   _unlock
20000538   __TI_cleanup_ptr
2000053c   __TI_dtors_ptr
20000540   _Fenv
20000544   _Tls_setup__Fenv
20000548   _Errno
20000550   main_func_sp
20000554   Index
20000558   __stack
20000758   __STACK_END
20000758   __STACK_TOP
20000758   laser
200007ac   explosion
200007f4   asteroid
2000082c   player
20000848   buffer
20000854   TimerCount
20000858   sliderPosition
2000085c   semaphore
ffffffff   __binit__
ffffffff   __c_args__
ffffffff   binit
UNDEFED    SHT$$INIT_ARRAY$$Base
UNDEFED    SHT$$INIT_ARRAY$$Limit

[163 symbols]
