<?xml version="1.0"?>
<link_info>
   <banner>TI ARM Linker PC v5.1.6</banner>
   <copyright>Copyright (c) 1996-2014 Texas Instruments Incorporated</copyright>
   <link_time>0x53b7aa4e</link_time>
   <link_errors>0x0</link_errors>
   <output_file>Astroidz.out</output_file>
   <entry_point>
      <name>_c_int00</name>
      <address>0x7dc1</address>
   </entry_point>
   <input_file_list>
      <input_file id="fl-2">
         <path>.\</path>
         <kind>object</kind>
         <file>tm4c123gh6pm_startup_ccs.obj</file>
         <name>tm4c123gh6pm_startup_ccs.obj</name>
      </input_file>
      <input_file id="fl-3">
         <path>.\</path>
         <kind>object</kind>
         <file>main.obj</file>
         <name>main.obj</name>
      </input_file>
      <input_file id="fl-4">
         <path>.\</path>
         <kind>object</kind>
         <file>interrupts.obj</file>
         <name>interrupts.obj</name>
      </input_file>
      <input_file id="fl-5">
         <path>.\</path>
         <kind>object</kind>
         <file>game.obj</file>
         <name>game.obj</name>
      </input_file>
      <input_file id="fl-6">
         <path>.\</path>
         <kind>object</kind>
         <file>LCD.obj</file>
         <name>LCD.obj</name>
      </input_file>
      <input_file id="fl-133">
         <path>c:\ti\ccsv6\tools\compiler\arm_5.1.6\lib\</path>
         <kind>archive</kind>
         <file>rtsv7M4_T_le_v4SPD16_eabi.lib</file>
         <name>boot.obj</name>
      </input_file>
      <input_file id="fl-134">
         <path>c:\ti\ccsv6\tools\compiler\arm_5.1.6\lib\</path>
         <kind>archive</kind>
         <file>rtsv7M4_T_le_v4SPD16_eabi.lib</file>
         <name>copy_decompress_none.obj</name>
      </input_file>
      <input_file id="fl-135">
         <path>c:\ti\ccsv6\tools\compiler\arm_5.1.6\lib\</path>
         <kind>archive</kind>
         <file>rtsv7M4_T_le_v4SPD16_eabi.lib</file>
         <name>copy_decompress_rle.obj</name>
      </input_file>
      <input_file id="fl-136">
         <path>c:\ti\ccsv6\tools\compiler\arm_5.1.6\lib\</path>
         <kind>archive</kind>
         <file>rtsv7M4_T_le_v4SPD16_eabi.lib</file>
         <name>copy_zero_init.obj</name>
      </input_file>
      <input_file id="fl-137">
         <path>c:\ti\ccsv6\tools\compiler\arm_5.1.6\lib\</path>
         <kind>archive</kind>
         <file>rtsv7M4_T_le_v4SPD16_eabi.lib</file>
         <name>exit.obj</name>
      </input_file>
      <input_file id="fl-138">
         <path>c:\ti\ccsv6\tools\compiler\arm_5.1.6\lib\</path>
         <kind>archive</kind>
         <file>rtsv7M4_T_le_v4SPD16_eabi.lib</file>
         <name>fd_mul_t2.obj</name>
      </input_file>
      <input_file id="fl-139">
         <path>c:\ti\ccsv6\tools\compiler\arm_5.1.6\lib\</path>
         <kind>archive</kind>
         <file>rtsv7M4_T_le_v4SPD16_eabi.lib</file>
         <name>fd_toi_t2.obj</name>
      </input_file>
      <input_file id="fl-13a">
         <path>c:\ti\ccsv6\tools\compiler\arm_5.1.6\lib\</path>
         <kind>archive</kind>
         <file>rtsv7M4_T_le_v4SPD16_eabi.lib</file>
         <name>fd_tou_t2.obj</name>
      </input_file>
      <input_file id="fl-13b">
         <path>c:\ti\ccsv6\tools\compiler\arm_5.1.6\lib\</path>
         <kind>archive</kind>
         <file>rtsv7M4_T_le_v4SPD16_eabi.lib</file>
         <name>i_tofd_t2.obj</name>
      </input_file>
      <input_file id="fl-13c">
         <path>c:\ti\ccsv6\tools\compiler\arm_5.1.6\lib\</path>
         <kind>archive</kind>
         <file>rtsv7M4_T_le_v4SPD16_eabi.lib</file>
         <name>memcpy_t2.obj</name>
      </input_file>
      <input_file id="fl-13d">
         <path>c:\ti\ccsv6\tools\compiler\arm_5.1.6\lib\</path>
         <kind>archive</kind>
         <file>rtsv7M4_T_le_v4SPD16_eabi.lib</file>
         <name>rand.obj</name>
      </input_file>
      <input_file id="fl-13e">
         <path>c:\ti\ccsv6\tools\compiler\arm_5.1.6\lib\</path>
         <kind>archive</kind>
         <file>rtsv7M4_T_le_v4SPD16_eabi.lib</file>
         <name>sprintf.obj</name>
      </input_file>
      <input_file id="fl-13f">
         <path>c:\ti\ccsv6\tools\compiler\arm_5.1.6\lib\</path>
         <kind>archive</kind>
         <file>rtsv7M4_T_le_v4SPD16_eabi.lib</file>
         <name>sqrt.obj</name>
      </input_file>
      <input_file id="fl-140">
         <path>c:\ti\ccsv6\tools\compiler\arm_5.1.6\lib\</path>
         <kind>archive</kind>
         <file>rtsv7M4_T_le_v4SPD16_eabi.lib</file>
         <name>stkdepth_vars.obj</name>
      </input_file>
      <input_file id="fl-141">
         <path>c:\ti\ccsv6\tools\compiler\arm_5.1.6\lib\</path>
         <kind>archive</kind>
         <file>rtsv7M4_T_le_v4SPD16_eabi.lib</file>
         <name>u_tofd_t2.obj</name>
      </input_file>
      <input_file id="fl-142">
         <path>c:\ti\ccsv6\tools\compiler\arm_5.1.6\lib\</path>
         <kind>archive</kind>
         <file>rtsv7M4_T_le_v4SPD16_eabi.lib</file>
         <name>xdscale.obj</name>
      </input_file>
      <input_file id="fl-143">
         <path>c:\ti\ccsv6\tools\compiler\arm_5.1.6\lib\</path>
         <kind>archive</kind>
         <file>rtsv7M4_T_le_v4SPD16_eabi.lib</file>
         <name>xdunscal.obj</name>
      </input_file>
      <input_file id="fl-144">
         <path>c:\ti\ccsv6\tools\compiler\arm_5.1.6\lib\</path>
         <kind>archive</kind>
         <file>rtsv7M4_T_le_v4SPD16_eabi.lib</file>
         <name>xferaise.obj</name>
      </input_file>
      <input_file id="fl-145">
         <path>c:\ti\ccsv6\tools\compiler\arm_5.1.6\lib\</path>
         <kind>archive</kind>
         <file>rtsv7M4_T_le_v4SPD16_eabi.lib</file>
         <name>xvalues.obj</name>
      </input_file>
      <input_file id="fl-146">
         <path>c:\ti\ccsv6\tools\compiler\arm_5.1.6\lib\</path>
         <kind>archive</kind>
         <file>rtsv7M4_T_le_v4SPD16_eabi.lib</file>
         <name>_lock.obj</name>
      </input_file>
      <input_file id="fl-147">
         <path>c:\ti\ccsv6\tools\compiler\arm_5.1.6\lib\</path>
         <kind>archive</kind>
         <file>rtsv7M4_T_le_v4SPD16_eabi.lib</file>
         <name>_printfi.obj</name>
      </input_file>
      <input_file id="fl-148">
         <path>c:\ti\ccsv6\tools\compiler\arm_5.1.6\lib\</path>
         <kind>archive</kind>
         <file>rtsv7M4_T_le_v4SPD16_eabi.lib</file>
         <name>args_main.obj</name>
      </input_file>
      <input_file id="fl-149">
         <path>c:\ti\ccsv6\tools\compiler\arm_5.1.6\lib\</path>
         <kind>archive</kind>
         <file>rtsv7M4_T_le_v4SPD16_eabi.lib</file>
         <name>atoi.obj</name>
      </input_file>
      <input_file id="fl-14a">
         <path>c:\ti\ccsv6\tools\compiler\arm_5.1.6\lib\</path>
         <kind>archive</kind>
         <file>rtsv7M4_T_le_v4SPD16_eabi.lib</file>
         <name>auto_init.obj</name>
      </input_file>
      <input_file id="fl-14b">
         <path>c:\ti\ccsv6\tools\compiler\arm_5.1.6\lib\</path>
         <kind>archive</kind>
         <file>rtsv7M4_T_le_v4SPD16_eabi.lib</file>
         <name>cpy_tbl.obj</name>
      </input_file>
      <input_file id="fl-14c">
         <path>c:\ti\ccsv6\tools\compiler\arm_5.1.6\lib\</path>
         <kind>archive</kind>
         <file>rtsv7M4_T_le_v4SPD16_eabi.lib</file>
         <name>ctype.obj</name>
      </input_file>
      <input_file id="fl-14d">
         <path>c:\ti\ccsv6\tools\compiler\arm_5.1.6\lib\</path>
         <kind>archive</kind>
         <file>rtsv7M4_T_le_v4SPD16_eabi.lib</file>
         <name>errno.obj</name>
      </input_file>
      <input_file id="fl-14e">
         <path>c:\ti\ccsv6\tools\compiler\arm_5.1.6\lib\</path>
         <kind>archive</kind>
         <file>rtsv7M4_T_le_v4SPD16_eabi.lib</file>
         <name>fd_add_t2.obj</name>
      </input_file>
      <input_file id="fl-14f">
         <path>c:\ti\ccsv6\tools\compiler\arm_5.1.6\lib\</path>
         <kind>archive</kind>
         <file>rtsv7M4_T_le_v4SPD16_eabi.lib</file>
         <name>fd_cmp_t2.obj</name>
      </input_file>
      <input_file id="fl-150">
         <path>c:\ti\ccsv6\tools\compiler\arm_5.1.6\lib\</path>
         <kind>archive</kind>
         <file>rtsv7M4_T_le_v4SPD16_eabi.lib</file>
         <name>fd_div_t2.obj</name>
      </input_file>
      <input_file id="fl-151">
         <path>c:\ti\ccsv6\tools\compiler\arm_5.1.6\lib\</path>
         <kind>archive</kind>
         <file>rtsv7M4_T_le_v4SPD16_eabi.lib</file>
         <name>feraiseexcept.obj</name>
      </input_file>
      <input_file id="fl-152">
         <path>c:\ti\ccsv6\tools\compiler\arm_5.1.6\lib\</path>
         <kind>archive</kind>
         <file>rtsv7M4_T_le_v4SPD16_eabi.lib</file>
         <name>ll_mul_t2.obj</name>
      </input_file>
      <input_file id="fl-153">
         <path>c:\ti\ccsv6\tools\compiler\arm_5.1.6\lib\</path>
         <kind>archive</kind>
         <file>rtsv7M4_T_le_v4SPD16_eabi.lib</file>
         <name>ltoa.obj</name>
      </input_file>
      <input_file id="fl-154">
         <path>c:\ti\ccsv6\tools\compiler\arm_5.1.6\lib\</path>
         <kind>archive</kind>
         <file>rtsv7M4_T_le_v4SPD16_eabi.lib</file>
         <name>memccpy.obj</name>
      </input_file>
      <input_file id="fl-155">
         <path>c:\ti\ccsv6\tools\compiler\arm_5.1.6\lib\</path>
         <kind>archive</kind>
         <file>rtsv7M4_T_le_v4SPD16_eabi.lib</file>
         <name>memset_t2.obj</name>
      </input_file>
      <input_file id="fl-156">
         <path>c:\ti\ccsv6\tools\compiler\arm_5.1.6\lib\</path>
         <kind>archive</kind>
         <file>rtsv7M4_T_le_v4SPD16_eabi.lib</file>
         <name>raise.obj</name>
      </input_file>
      <input_file id="fl-157">
         <path>c:\ti\ccsv6\tools\compiler\arm_5.1.6\lib\</path>
         <kind>archive</kind>
         <file>rtsv7M4_T_le_v4SPD16_eabi.lib</file>
         <name>signal.obj</name>
      </input_file>
      <input_file id="fl-158">
         <path>c:\ti\ccsv6\tools\compiler\arm_5.1.6\lib\</path>
         <kind>archive</kind>
         <file>rtsv7M4_T_le_v4SPD16_eabi.lib</file>
         <name>strlen.obj</name>
      </input_file>
      <input_file id="fl-159">
         <path>c:\ti\ccsv6\tools\compiler\arm_5.1.6\lib\</path>
         <kind>archive</kind>
         <file>rtsv7M4_T_le_v4SPD16_eabi.lib</file>
         <name>ull_div_t2.obj</name>
      </input_file>
      <input_file id="fl-15a">
         <path>c:\ti\ccsv6\tools\compiler\arm_5.1.6\lib\</path>
         <kind>archive</kind>
         <file>rtsv7M4_T_le_v4SPD16_eabi.lib</file>
         <name>xdclass.obj</name>
      </input_file>
      <input_file id="fl-15b">
         <path>c:\ti\ccsv6\tools\compiler\arm_5.1.6\lib\</path>
         <kind>archive</kind>
         <file>rtsv7M4_T_le_v4SPD16_eabi.lib</file>
         <name>xdnorm.obj</name>
      </input_file>
      <input_file id="fl-15c">
         <path>c:\ti\ccsv6\tools\compiler\arm_5.1.6\lib\</path>
         <kind>archive</kind>
         <file>rtsv7M4_T_le_v4SPD16_eabi.lib</file>
         <name>xdtest.obj</name>
      </input_file>
   </input_file_list>
   <object_component_list>
      <object_component id="oc-e">
         <name>.intvecs</name>
         <load_address>0x0</load_address>
         <run_address>0x0</run_address>
         <size>0x26c</size>
         <input_file_ref idref="fl-2"/>
      </object_component>
      <object_component id="oc-2f">
         <name>.text</name>
         <load_address>0x4630</load_address>
         <run_address>0x4630</run_address>
         <size>0xfa0</size>
         <input_file_ref idref="fl-5"/>
      </object_component>
      <object_component id="oc-12a">
         <name>.text</name>
         <load_address>0x55d0</load_address>
         <run_address>0x55d0</run_address>
         <size>0xec0</size>
         <input_file_ref idref="fl-147"/>
      </object_component>
      <object_component id="oc-6e">
         <name>.text</name>
         <load_address>0x6490</load_address>
         <run_address>0x6490</run_address>
         <size>0x8f0</size>
         <input_file_ref idref="fl-6"/>
      </object_component>
      <object_component id="oc-74">
         <name>.text</name>
         <load_address>0x6d80</load_address>
         <run_address>0x6d80</run_address>
         <size>0x27c</size>
         <input_file_ref idref="fl-4"/>
      </object_component>
      <object_component id="oc-19e">
         <name>.text</name>
         <load_address>0x6ffc</load_address>
         <run_address>0x6ffc</run_address>
         <size>0x1f4</size>
         <input_file_ref idref="fl-159"/>
      </object_component>
      <object_component id="oc-157">
         <name>.text</name>
         <load_address>0x71f0</load_address>
         <run_address>0x71f0</run_address>
         <size>0x1b6</size>
         <input_file_ref idref="fl-14e"/>
      </object_component>
      <object_component id="oc-c2">
         <name>.text</name>
         <load_address>0x73a8</load_address>
         <run_address>0x73a8</run_address>
         <size>0x148</size>
         <input_file_ref idref="fl-13f"/>
      </object_component>
      <object_component id="oc-15c">
         <name>.text</name>
         <load_address>0x74f0</load_address>
         <run_address>0x74f0</run_address>
         <size>0x136</size>
         <input_file_ref idref="fl-150"/>
      </object_component>
      <object_component id="oc-161">
         <name>.text</name>
         <load_address>0x7628</load_address>
         <run_address>0x7628</run_address>
         <size>0x110</size>
         <input_file_ref idref="fl-142"/>
      </object_component>
      <object_component id="oc-98">
         <name>.text</name>
         <load_address>0x7738</load_address>
         <run_address>0x7738</run_address>
         <size>0xfc</size>
         <input_file_ref idref="fl-138"/>
      </object_component>
      <object_component id="oc-1e9">
         <name>.text</name>
         <load_address>0x7834</load_address>
         <run_address>0x7834</run_address>
         <size>0xc4</size>
         <input_file_ref idref="fl-15b"/>
      </object_component>
      <object_component id="oc-4d">
         <name>.text</name>
         <load_address>0x78f8</load_address>
         <run_address>0x78f8</run_address>
         <size>0x9c</size>
         <input_file_ref idref="fl-13c"/>
      </object_component>
      <object_component id="oc-38">
         <name>.text</name>
         <load_address>0x7994</load_address>
         <run_address>0x7994</run_address>
         <size>0x94</size>
         <input_file_ref idref="fl-14a"/>
      </object_component>
      <object_component id="oc-1ae">
         <name>.text:__aeabi_cdcmple</name>
         <load_address>0x7a28</load_address>
         <run_address>0x7a28</run_address>
         <size>0x86</size>
         <input_file_ref idref="fl-14f"/>
      </object_component>
      <object_component id="oc-1b3">
         <name>.text:__aeabi_cdrcmple</name>
         <load_address>0x7aae</load_address>
         <run_address>0x7aae</run_address>
         <size>0x86</size>
         <input_file_ref idref="fl-14f"/>
      </object_component>
      <object_component id="oc-1be">
         <name>.text</name>
         <load_address>0x7b34</load_address>
         <run_address>0x7b34</run_address>
         <size>0x78</size>
         <input_file_ref idref="fl-155"/>
      </object_component>
      <object_component id="oc-151">
         <name>.text</name>
         <load_address>0x7bac</load_address>
         <run_address>0x7bac</run_address>
         <size>0x64</size>
         <input_file_ref idref="fl-143"/>
      </object_component>
      <object_component id="oc-7a">
         <name>.text</name>
         <load_address>0x7c10</load_address>
         <run_address>0x7c10</run_address>
         <size>0x60</size>
         <input_file_ref idref="fl-13e"/>
      </object_component>
      <object_component id="oc-60">
         <name>.text</name>
         <load_address>0x7c70</load_address>
         <run_address>0x7c70</run_address>
         <size>0x5e</size>
         <input_file_ref idref="fl-135"/>
      </object_component>
      <object_component id="oc-1b8">
         <name>.text</name>
         <load_address>0x7cce</load_address>
         <run_address>0x7cce</run_address>
         <size>0x5a</size>
         <input_file_ref idref="fl-153"/>
      </object_component>
      <object_component id="oc-1cf">
         <name>.text</name>
         <load_address>0x7d28</load_address>
         <run_address>0x7d28</run_address>
         <size>0x4c</size>
         <input_file_ref idref="fl-149"/>
      </object_component>
      <object_component id="oc-cc">
         <name>.text</name>
         <load_address>0x7d74</load_address>
         <run_address>0x7d74</run_address>
         <size>0x4c</size>
         <input_file_ref idref="fl-13d"/>
      </object_component>
      <object_component id="oc-11">
         <name>.text</name>
         <load_address>0x7dc0</load_address>
         <run_address>0x7dc0</run_address>
         <size>0x48</size>
         <input_file_ref idref="fl-133"/>
      </object_component>
      <object_component id="oc-9d">
         <name>.text</name>
         <load_address>0x7e08</load_address>
         <run_address>0x7e08</run_address>
         <size>0x48</size>
         <input_file_ref idref="fl-139"/>
      </object_component>
      <object_component id="oc-f9">
         <name>.text</name>
         <load_address>0x7e50</load_address>
         <run_address>0x7e50</run_address>
         <size>0x44</size>
         <input_file_ref idref="fl-14b"/>
      </object_component>
      <object_component id="oc-43">
         <name>.text</name>
         <load_address>0x7e94</load_address>
         <run_address>0x7e94</run_address>
         <size>0x44</size>
         <input_file_ref idref="fl-137"/>
      </object_component>
      <object_component id="oc-a5">
         <name>.text</name>
         <load_address>0x7ed8</load_address>
         <run_address>0x7ed8</run_address>
         <size>0x44</size>
         <input_file_ref idref="fl-13a"/>
      </object_component>
      <object_component id="oc-21d">
         <name>.text</name>
         <load_address>0x7f1c</load_address>
         <run_address>0x7f1c</run_address>
         <size>0x44</size>
         <input_file_ref idref="fl-15c"/>
      </object_component>
      <object_component id="oc-255">
         <name>.text</name>
         <load_address>0x7f60</load_address>
         <run_address>0x7f60</run_address>
         <size>0x40</size>
         <input_file_ref idref="fl-157"/>
      </object_component>
      <object_component id="oc-100">
         <name>.text</name>
         <load_address>0x7fa0</load_address>
         <run_address>0x7fa0</run_address>
         <size>0x38</size>
         <input_file_ref idref="fl-3"/>
      </object_component>
      <object_component id="oc-1f5">
         <name>.text</name>
         <load_address>0x7fd8</load_address>
         <run_address>0x7fd8</run_address>
         <size>0x34</size>
         <input_file_ref idref="fl-151"/>
      </object_component>
      <object_component id="oc-167">
         <name>.text</name>
         <load_address>0x800c</load_address>
         <run_address>0x800c</run_address>
         <size>0x30</size>
         <input_file_ref idref="fl-144"/>
      </object_component>
      <object_component id="oc-bd">
         <name>.text</name>
         <load_address>0x803c</load_address>
         <run_address>0x803c</run_address>
         <size>0x2e</size>
         <input_file_ref idref="fl-13b"/>
      </object_component>
      <object_component id="oc-23a">
         <name>.text</name>
         <load_address>0x806a</load_address>
         <run_address>0x806a</run_address>
         <size>0x2e</size>
         <input_file_ref idref="fl-156"/>
      </object_component>
      <object_component id="oc-93">
         <name>.text</name>
         <load_address>0x8098</load_address>
         <run_address>0x8098</run_address>
         <size>0x20</size>
         <input_file_ref idref="fl-141"/>
      </object_component>
      <object_component id="oc-1c9">
         <name>.text</name>
         <load_address>0x80b8</load_address>
         <run_address>0x80b8</run_address>
         <size>0x1c</size>
         <input_file_ref idref="fl-154"/>
      </object_component>
      <object_component id="oc-3d">
         <name>.text</name>
         <load_address>0x80d4</load_address>
         <run_address>0x80d4</run_address>
         <size>0x18</size>
         <input_file_ref idref="fl-148"/>
      </object_component>
      <object_component id="oc-1a3">
         <name>.text</name>
         <load_address>0x80ec</load_address>
         <run_address>0x80ec</run_address>
         <size>0x18</size>
         <input_file_ref idref="fl-152"/>
      </object_component>
      <object_component id="oc-18c">
         <name>.text</name>
         <load_address>0x8104</load_address>
         <run_address>0x8104</run_address>
         <size>0x14</size>
         <input_file_ref idref="fl-146"/>
      </object_component>
      <object_component id="oc-1a8">
         <name>.text</name>
         <load_address>0x8118</load_address>
         <run_address>0x8118</run_address>
         <size>0x14</size>
         <input_file_ref idref="fl-158"/>
      </object_component>
      <object_component id="oc-1c">
         <name>.text:decompress:ZI</name>
         <load_address>0x812c</load_address>
         <run_address>0x812c</run_address>
         <size>0x12</size>
         <input_file_ref idref="fl-136"/>
      </object_component>
      <object_component id="oc-1c3">
         <name>.text</name>
         <load_address>0x813e</load_address>
         <run_address>0x813e</run_address>
         <size>0x12</size>
         <input_file_ref idref="fl-15a"/>
      </object_component>
      <object_component id="oc-16">
         <name>.text:decompress:none</name>
         <load_address>0x8150</load_address>
         <run_address>0x8150</run_address>
         <size>0xe</size>
         <input_file_ref idref="fl-134"/>
      </object_component>
      <object_component id="oc-29">
         <name>.text</name>
         <load_address>0x815e</load_address>
         <run_address>0x815e</run_address>
         <size>0xc</size>
         <input_file_ref idref="fl-2"/>
      </object_component>
      <object_component id="oc-22">
         <name>.text:decompress:rle24</name>
         <load_address>0x816a</load_address>
         <run_address>0x816a</run_address>
         <size>0x6</size>
         <input_file_ref idref="fl-135"/>
      </object_component>
      <object_component id="oc-c8">
         <name>.const:asteroidm</name>
         <load_address>0x26c</load_address>
         <run_address>0x26c</run_address>
         <size>0x1388</size>
         <input_file_ref idref="fl-5"/>
      </object_component>
      <object_component id="oc-aa">
         <name>.const:explosion3</name>
         <load_address>0x15f4</load_address>
         <run_address>0x15f4</run_address>
         <size>0x1388</size>
         <input_file_ref idref="fl-5"/>
      </object_component>
      <object_component id="oc-a2">
         <name>.const:explosion2</name>
         <load_address>0x297c</load_address>
         <run_address>0x297c</run_address>
         <size>0xc80</size>
         <input_file_ref idref="fl-5"/>
      </object_component>
      <object_component id="oc-88">
         <name>.const:spaceshipImage</name>
         <load_address>0x35fc</load_address>
         <run_address>0x35fc</run_address>
         <size>0x960</size>
         <input_file_ref idref="fl-5"/>
      </object_component>
      <object_component id="oc-90">
         <name>.const:explosion1</name>
         <load_address>0x3f5c</load_address>
         <run_address>0x3f5c</run_address>
         <size>0x320</size>
         <input_file_ref idref="fl-5"/>
      </object_component>
      <object_component id="oc-d7">
         <name>.const:laserbeam</name>
         <load_address>0x427c</load_address>
         <run_address>0x427c</run_address>
         <size>0x258</size>
         <input_file_ref idref="fl-5"/>
      </object_component>
      <object_component id="oc-226">
         <name>.const:.string:_ctypes_</name>
         <load_address>0x44d4</load_address>
         <run_address>0x44d4</run_address>
         <size>0x102</size>
         <input_file_ref idref="fl-14c"/>
      </object_component>
      <object_component id="oc-b0">
         <name>.const:.string</name>
         <load_address>0x45d8</load_address>
         <run_address>0x45d8</run_address>
         <size>0x46</size>
         <input_file_ref idref="fl-5"/>
      </object_component>
      <object_component id="oc-de">
         <name>.const</name>
         <load_address>0x4620</load_address>
         <run_address>0x4620</run_address>
         <size>0x10</size>
         <input_file_ref idref="fl-5"/>
      </object_component>
      <object_component id="oc-29a">
         <name>.cinit..data.load</name>
         <load_address>0x8170</load_address>
         <run_address>0x8170</run_address>
         <size>0x308</size>
      </object_component>
      <object_component id="oc-298">
         <name>__TI_handler_table</name>
         <load_address>0x8478</load_address>
         <run_address>0x8478</run_address>
         <size>0xc</size>
      </object_component>
      <object_component id="oc-29b">
         <name>.cinit..bss.load</name>
         <load_address>0x8488</load_address>
         <run_address>0x8488</run_address>
         <size>0x8</size>
      </object_component>
      <object_component id="oc-299">
         <name>__TI_cinit_table</name>
         <load_address>0x8490</load_address>
         <run_address>0x8490</run_address>
         <size>0x10</size>
      </object_component>
      <object_component id="oc-49">
         <name>.data</name>
         <load_address>0x20000550</load_address>
         <run_address>0x20000550</run_address>
         <size>0x4</size>
         <input_file_ref idref="fl-140"/>
      </object_component>
      <object_component id="oc-db">
         <name>.data:font8x8_basic</name>
         <load_address>0x20000000</load_address>
         <run_address>0x20000000</run_address>
         <size>0x400</size>
         <input_file_ref idref="fl-5"/>
      </object_component>
      <object_component id="oc-e3">
         <name>.data</name>
         <load_address>0x20000554</load_address>
         <run_address>0x20000554</run_address>
         <size>0x1</size>
         <input_file_ref idref="fl-5"/>
      </object_component>
      <object_component id="oc-108">
         <name>.data</name>
         <load_address>0x20000530</load_address>
         <run_address>0x20000530</run_address>
         <size>0x8</size>
         <input_file_ref idref="fl-146"/>
      </object_component>
      <object_component id="oc-10b">
         <name>.data</name>
         <load_address>0x20000538</load_address>
         <run_address>0x20000538</run_address>
         <size>0x8</size>
         <input_file_ref idref="fl-137"/>
      </object_component>
      <object_component id="oc-16d">
         <name>.data</name>
         <load_address>0x200004b0</load_address>
         <run_address>0x200004b0</run_address>
         <size>0x80</size>
         <input_file_ref idref="fl-145"/>
      </object_component>
      <object_component id="oc-173">
         <name>.data</name>
         <load_address>0x2000054c</load_address>
         <run_address>0x2000054c</run_address>
         <size>0x4</size>
         <input_file_ref idref="fl-13d"/>
      </object_component>
      <object_component id="oc-1fb">
         <name>.data</name>
         <load_address>0x20000548</load_address>
         <run_address>0x20000548</run_address>
         <size>0x4</size>
         <input_file_ref idref="fl-14d"/>
      </object_component>
      <object_component id="oc-240">
         <name>.data</name>
         <load_address>0x20000540</load_address>
         <run_address>0x20000540</run_address>
         <size>0x8</size>
         <input_file_ref idref="fl-151"/>
      </object_component>
      <object_component id="oc-26a">
         <name>.data:sigtable</name>
         <load_address>0x20000400</load_address>
         <run_address>0x20000400</run_address>
         <size>0xb0</size>
         <input_file_ref idref="fl-157"/>
      </object_component>
      <object_component id="oc-8d">
         <name>.bss:Explosion</name>
         <uninitialized>true</uninitialized>
         <run_address>0x200007ac</run_address>
         <size>0x48</size>
         <input_file_ref idref="fl-5"/>
      </object_component>
      <object_component id="oc-b4">
         <name>.bss:Asteroid</name>
         <uninitialized>true</uninitialized>
         <run_address>0x200007f4</run_address>
         <size>0x38</size>
         <input_file_ref idref="fl-5"/>
      </object_component>
      <object_component id="oc-d3">
         <name>.bss:Laser</name>
         <uninitialized>true</uninitialized>
         <run_address>0x20000758</run_address>
         <size>0x54</size>
         <input_file_ref idref="fl-5"/>
      </object_component>
      <object_component id="oc-e6">
         <name>.common:tempvalue</name>
         <uninitialized>true</uninitialized>
         <run_address>0x2000085c</run_address>
         <size>0x2</size>
      </object_component>
      <object_component id="oc-e1">
         <name>.common:semaphore</name>
         <uninitialized>true</uninitialized>
         <run_address>0x2000085f</run_address>
         <size>0x1</size>
      </object_component>
      <object_component id="oc-e2">
         <name>.common:TimerCount</name>
         <uninitialized>true</uninitialized>
         <run_address>0x20000854</run_address>
         <size>0x4</size>
      </object_component>
      <object_component id="oc-cb">
         <name>.common:explosionCounter</name>
         <uninitialized>true</uninitialized>
         <run_address>0x2000085e</run_address>
         <size>0x1</size>
      </object_component>
      <object_component id="oc-ae">
         <name>.common:sliderPosition</name>
         <uninitialized>true</uninitialized>
         <run_address>0x20000858</run_address>
         <size>0x4</size>
      </object_component>
      <object_component id="oc-b3">
         <name>.common:buffer</name>
         <uninitialized>true</uninitialized>
         <run_address>0x20000848</run_address>
         <size>0xc</size>
      </object_component>
      <object_component id="oc-da">
         <name>.common:Player</name>
         <uninitialized>true</uninitialized>
         <run_address>0x2000082c</run_address>
         <size>0x1c</size>
      </object_component>
      <object_component id="oc-28">
         <name>.stack</name>
         <uninitialized>true</uninitialized>
         <run_address>0x20000558</run_address>
         <size>0x0</size>
         <input_file_ref idref="fl-133"/>
      </object_component>
      <object_component id="oc-29c">
         <name>.stack</name>
         <uninitialized>true</uninitialized>
         <run_address>0x20000558</run_address>
         <size>0x0</size>
      </object_component>
      <object_component id="oc-f">
         <name>.debug_info</name>
         <load_address>0x0</load_address>
         <run_address>0x0</run_address>
         <size>0xe2</size>
         <input_file_ref idref="fl-2"/>
      </object_component>
      <object_component id="oc-14">
         <name>.debug_info</name>
         <load_address>0xe2</load_address>
         <run_address>0xe2</run_address>
         <size>0xf3</size>
         <input_file_ref idref="fl-133"/>
      </object_component>
      <object_component id="oc-19">
         <name>.debug_info</name>
         <load_address>0x1d5</load_address>
         <run_address>0x1d5</run_address>
         <size>0x194</size>
         <input_file_ref idref="fl-134"/>
      </object_component>
      <object_component id="oc-1d">
         <name>.debug_info</name>
         <load_address>0x369</load_address>
         <run_address>0x369</run_address>
         <size>0x16a</size>
         <input_file_ref idref="fl-136"/>
      </object_component>
      <object_component id="oc-23">
         <name>.debug_info</name>
         <load_address>0x4d3</load_address>
         <run_address>0x4d3</run_address>
         <size>0x18e</size>
         <input_file_ref idref="fl-135"/>
      </object_component>
      <object_component id="oc-2a">
         <name>.debug_info</name>
         <load_address>0x661</load_address>
         <run_address>0x661</run_address>
         <size>0x25e</size>
         <input_file_ref idref="fl-2"/>
      </object_component>
      <object_component id="oc-30">
         <name>.debug_info</name>
         <load_address>0x8bf</load_address>
         <run_address>0x8bf</run_address>
         <size>0x11bb</size>
         <input_file_ref idref="fl-5"/>
      </object_component>
      <object_component id="oc-37">
         <name>.debug_info</name>
         <load_address>0x1a7a</load_address>
         <run_address>0x1a7a</run_address>
         <size>0x1b9</size>
         <input_file_ref idref="fl-2"/>
      </object_component>
      <object_component id="oc-39">
         <name>.debug_info</name>
         <load_address>0x1c33</load_address>
         <run_address>0x1c33</run_address>
         <size>0x13d</size>
         <input_file_ref idref="fl-14a"/>
      </object_component>
      <object_component id="oc-3f">
         <name>.debug_info</name>
         <load_address>0x1d70</load_address>
         <run_address>0x1d70</run_address>
         <size>0x11c</size>
         <input_file_ref idref="fl-148"/>
      </object_component>
      <object_component id="oc-44">
         <name>.debug_info</name>
         <load_address>0x1e8c</load_address>
         <run_address>0x1e8c</run_address>
         <size>0x1c2</size>
         <input_file_ref idref="fl-137"/>
      </object_component>
      <object_component id="oc-4a">
         <name>.debug_info</name>
         <load_address>0x204e</load_address>
         <run_address>0x204e</run_address>
         <size>0xbe</size>
         <input_file_ref idref="fl-140"/>
      </object_component>
      <object_component id="oc-4e">
         <name>.debug_info</name>
         <load_address>0x210c</load_address>
         <run_address>0x210c</run_address>
         <size>0xcc</size>
         <input_file_ref idref="fl-13c"/>
      </object_component>
      <object_component id="oc-53">
         <name>.debug_info</name>
         <load_address>0x21d8</load_address>
         <run_address>0x21d8</run_address>
         <size>0x46</size>
         <input_file_ref idref="fl-134"/>
      </object_component>
      <object_component id="oc-58">
         <name>.debug_info</name>
         <load_address>0x221e</load_address>
         <run_address>0x221e</run_address>
         <size>0xf2</size>
         <input_file_ref idref="fl-134"/>
      </object_component>
      <object_component id="oc-5a">
         <name>.debug_info</name>
         <load_address>0x2310</load_address>
         <run_address>0x2310</run_address>
         <size>0x46</size>
         <input_file_ref idref="fl-136"/>
      </object_component>
      <object_component id="oc-5f">
         <name>.debug_info</name>
         <load_address>0x2356</load_address>
         <run_address>0x2356</run_address>
         <size>0xad</size>
         <input_file_ref idref="fl-136"/>
      </object_component>
      <object_component id="oc-61">
         <name>.debug_info</name>
         <load_address>0x2403</load_address>
         <run_address>0x2403</run_address>
         <size>0x1ef</size>
         <input_file_ref idref="fl-135"/>
      </object_component>
      <object_component id="oc-67">
         <name>.debug_info</name>
         <load_address>0x25f2</load_address>
         <run_address>0x25f2</run_address>
         <size>0xb7</size>
         <input_file_ref idref="fl-135"/>
      </object_component>
      <object_component id="oc-68">
         <name>.debug_info</name>
         <load_address>0x26a9</load_address>
         <run_address>0x26a9</run_address>
         <size>0x39</size>
         <input_file_ref idref="fl-135"/>
      </object_component>
      <object_component id="oc-6f">
         <name>.debug_info</name>
         <load_address>0x26e2</load_address>
         <run_address>0x26e2</run_address>
         <size>0xddb</size>
         <input_file_ref idref="fl-6"/>
      </object_component>
      <object_component id="oc-75">
         <name>.debug_info</name>
         <load_address>0x34bd</load_address>
         <run_address>0x34bd</run_address>
         <size>0x4d4</size>
         <input_file_ref idref="fl-4"/>
      </object_component>
      <object_component id="oc-7b">
         <name>.debug_info</name>
         <load_address>0x3991</load_address>
         <run_address>0x3991</run_address>
         <size>0x2b5</size>
         <input_file_ref idref="fl-13e"/>
      </object_component>
      <object_component id="oc-81">
         <name>.debug_info</name>
         <load_address>0x3c46</load_address>
         <run_address>0x3c46</run_address>
         <size>0x56d</size>
         <input_file_ref idref="fl-5"/>
      </object_component>
      <object_component id="oc-89">
         <name>.debug_info</name>
         <load_address>0x41b3</load_address>
         <run_address>0x41b3</run_address>
         <size>0xd2</size>
         <input_file_ref idref="fl-5"/>
      </object_component>
      <object_component id="oc-8e">
         <name>.debug_info</name>
         <load_address>0x4285</load_address>
         <run_address>0x4285</run_address>
         <size>0xc8</size>
         <input_file_ref idref="fl-5"/>
      </object_component>
      <object_component id="oc-91">
         <name>.debug_info</name>
         <load_address>0x434d</load_address>
         <run_address>0x434d</run_address>
         <size>0xca</size>
         <input_file_ref idref="fl-5"/>
      </object_component>
      <object_component id="oc-95">
         <name>.debug_info</name>
         <load_address>0x4417</load_address>
         <run_address>0x4417</run_address>
         <size>0xe1</size>
         <input_file_ref idref="fl-141"/>
      </object_component>
      <object_component id="oc-9a">
         <name>.debug_info</name>
         <load_address>0x44f8</load_address>
         <run_address>0x44f8</run_address>
         <size>0xed</size>
         <input_file_ref idref="fl-138"/>
      </object_component>
      <object_component id="oc-9e">
         <name>.debug_info</name>
         <load_address>0x45e5</load_address>
         <run_address>0x45e5</run_address>
         <size>0xe1</size>
         <input_file_ref idref="fl-139"/>
      </object_component>
      <object_component id="oc-a3">
         <name>.debug_info</name>
         <load_address>0x46c6</load_address>
         <run_address>0x46c6</run_address>
         <size>0xca</size>
         <input_file_ref idref="fl-5"/>
      </object_component>
      <object_component id="oc-a6">
         <name>.debug_info</name>
         <load_address>0x4790</load_address>
         <run_address>0x4790</run_address>
         <size>0xec</size>
         <input_file_ref idref="fl-13a"/>
      </object_component>
      <object_component id="oc-ab">
         <name>.debug_info</name>
         <load_address>0x487c</load_address>
         <run_address>0x487c</run_address>
         <size>0xca</size>
         <input_file_ref idref="fl-5"/>
      </object_component>
      <object_component id="oc-b1">
         <name>.debug_info</name>
         <load_address>0x4946</load_address>
         <run_address>0x4946</run_address>
         <size>0xe4</size>
         <input_file_ref idref="fl-5"/>
      </object_component>
      <object_component id="oc-b5">
         <name>.debug_info</name>
         <load_address>0x4a2a</load_address>
         <run_address>0x4a2a</run_address>
         <size>0xc6</size>
         <input_file_ref idref="fl-5"/>
      </object_component>
      <object_component id="oc-be">
         <name>.debug_info</name>
         <load_address>0x4af0</load_address>
         <run_address>0x4af0</run_address>
         <size>0xdf</size>
         <input_file_ref idref="fl-13b"/>
      </object_component>
      <object_component id="oc-c4">
         <name>.debug_info</name>
         <load_address>0x4bcf</load_address>
         <run_address>0x4bcf</run_address>
         <size>0x237</size>
         <input_file_ref idref="fl-13f"/>
      </object_component>
      <object_component id="oc-c9">
         <name>.debug_info</name>
         <load_address>0x4e06</load_address>
         <run_address>0x4e06</run_address>
         <size>0xc8</size>
         <input_file_ref idref="fl-5"/>
      </object_component>
      <object_component id="oc-cd">
         <name>.debug_info</name>
         <load_address>0x4ece</load_address>
         <run_address>0x4ece</run_address>
         <size>0x159</size>
         <input_file_ref idref="fl-13d"/>
      </object_component>
      <object_component id="oc-d4">
         <name>.debug_info</name>
         <load_address>0x5027</load_address>
         <run_address>0x5027</run_address>
         <size>0xc0</size>
         <input_file_ref idref="fl-5"/>
      </object_component>
      <object_component id="oc-d8">
         <name>.debug_info</name>
         <load_address>0x50e7</load_address>
         <run_address>0x50e7</run_address>
         <size>0xc9</size>
         <input_file_ref idref="fl-5"/>
      </object_component>
      <object_component id="oc-dc">
         <name>.debug_info</name>
         <load_address>0x51b0</load_address>
         <run_address>0x51b0</run_address>
         <size>0xd1</size>
         <input_file_ref idref="fl-5"/>
      </object_component>
      <object_component id="oc-df">
         <name>.debug_info</name>
         <load_address>0x5281</load_address>
         <run_address>0x5281</run_address>
         <size>0xc4</size>
         <input_file_ref idref="fl-5"/>
      </object_component>
      <object_component id="oc-e4">
         <name>.debug_info</name>
         <load_address>0x5345</load_address>
         <run_address>0x5345</run_address>
         <size>0xc0</size>
         <input_file_ref idref="fl-5"/>
      </object_component>
      <object_component id="oc-e8">
         <name>.debug_info</name>
         <load_address>0x5405</load_address>
         <run_address>0x5405</run_address>
         <size>0x84</size>
         <input_file_ref idref="fl-2"/>
      </object_component>
      <object_component id="oc-ed">
         <name>.debug_info</name>
         <load_address>0x5489</load_address>
         <run_address>0x5489</run_address>
         <size>0x2c</size>
         <input_file_ref idref="fl-3"/>
      </object_component>
      <object_component id="oc-f4">
         <name>.debug_info</name>
         <load_address>0x54b5</load_address>
         <run_address>0x54b5</run_address>
         <size>0x18b</size>
         <input_file_ref idref="fl-2"/>
      </object_component>
      <object_component id="oc-fa">
         <name>.debug_info</name>
         <load_address>0x5640</load_address>
         <run_address>0x5640</run_address>
         <size>0x14b</size>
         <input_file_ref idref="fl-14b"/>
      </object_component>
      <object_component id="oc-101">
         <name>.debug_info</name>
         <load_address>0x578b</load_address>
         <run_address>0x578b</run_address>
         <size>0x1ac</size>
         <input_file_ref idref="fl-3"/>
      </object_component>
      <object_component id="oc-107">
         <name>.debug_info</name>
         <load_address>0x5937</load_address>
         <run_address>0x5937</run_address>
         <size>0x11b</size>
         <input_file_ref idref="fl-148"/>
      </object_component>
      <object_component id="oc-109">
         <name>.debug_info</name>
         <load_address>0x5a52</load_address>
         <run_address>0x5a52</run_address>
         <size>0xc8</size>
         <input_file_ref idref="fl-146"/>
      </object_component>
      <object_component id="oc-10c">
         <name>.debug_info</name>
         <load_address>0x5b1a</load_address>
         <run_address>0x5b1a</run_address>
         <size>0xeb</size>
         <input_file_ref idref="fl-137"/>
      </object_component>
      <object_component id="oc-10f">
         <name>.debug_info</name>
         <load_address>0x5c05</load_address>
         <run_address>0x5c05</run_address>
         <size>0x146</size>
         <input_file_ref idref="fl-137"/>
      </object_component>
      <object_component id="oc-114">
         <name>.debug_info</name>
         <load_address>0x5d4b</load_address>
         <run_address>0x5d4b</run_address>
         <size>0x2c</size>
         <input_file_ref idref="fl-134"/>
      </object_component>
      <object_component id="oc-11b">
         <name>.debug_info</name>
         <load_address>0x5d77</load_address>
         <run_address>0x5d77</run_address>
         <size>0x2c</size>
         <input_file_ref idref="fl-136"/>
      </object_component>
      <object_component id="oc-126">
         <name>.debug_info</name>
         <load_address>0x5da3</load_address>
         <run_address>0x5da3</run_address>
         <size>0xdb</size>
         <input_file_ref idref="fl-6"/>
      </object_component>
      <object_component id="oc-129">
         <name>.debug_info</name>
         <load_address>0x5e7e</load_address>
         <run_address>0x5e7e</run_address>
         <size>0xb0</size>
         <input_file_ref idref="fl-4"/>
      </object_component>
      <object_component id="oc-12c">
         <name>.debug_info</name>
         <load_address>0x5f2e</load_address>
         <run_address>0x5f2e</run_address>
         <size>0x12c3</size>
         <input_file_ref idref="fl-147"/>
      </object_component>
      <object_component id="oc-131">
         <name>.debug_info</name>
         <load_address>0x71f1</load_address>
         <run_address>0x71f1</run_address>
         <size>0x170</size>
         <input_file_ref idref="fl-13e"/>
      </object_component>
      <object_component id="oc-132">
         <name>.debug_info</name>
         <load_address>0x7361</load_address>
         <run_address>0x7361</run_address>
         <size>0x4e</size>
         <input_file_ref idref="fl-3"/>
      </object_component>
      <object_component id="oc-139">
         <name>.debug_info</name>
         <load_address>0x73af</load_address>
         <run_address>0x73af</run_address>
         <size>0x1df</size>
         <input_file_ref idref="fl-3"/>
      </object_component>
      <object_component id="oc-155">
         <name>.debug_info</name>
         <load_address>0x758e</load_address>
         <run_address>0x758e</run_address>
         <size>0x147</size>
         <input_file_ref idref="fl-143"/>
      </object_component>
      <object_component id="oc-158">
         <name>.debug_info</name>
         <load_address>0x76d5</load_address>
         <run_address>0x76d5</run_address>
         <size>0xff</size>
         <input_file_ref idref="fl-14e"/>
      </object_component>
      <object_component id="oc-15d">
         <name>.debug_info</name>
         <load_address>0x77d4</load_address>
         <run_address>0x77d4</run_address>
         <size>0xed</size>
         <input_file_ref idref="fl-150"/>
      </object_component>
      <object_component id="oc-162">
         <name>.debug_info</name>
         <load_address>0x78c1</load_address>
         <run_address>0x78c1</run_address>
         <size>0x172</size>
         <input_file_ref idref="fl-142"/>
      </object_component>
      <object_component id="oc-168">
         <name>.debug_info</name>
         <load_address>0x7a33</load_address>
         <run_address>0x7a33</run_address>
         <size>0x127</size>
         <input_file_ref idref="fl-144"/>
      </object_component>
      <object_component id="oc-16e">
         <name>.debug_info</name>
         <load_address>0x7b5a</load_address>
         <run_address>0x7b5a</run_address>
         <size>0x189</size>
         <input_file_ref idref="fl-145"/>
      </object_component>
      <object_component id="oc-174">
         <name>.debug_info</name>
         <load_address>0x7ce3</load_address>
         <run_address>0x7ce3</run_address>
         <size>0xa5</size>
         <input_file_ref idref="fl-13d"/>
      </object_component>
      <object_component id="oc-177">
         <name>.debug_info</name>
         <load_address>0x7d88</load_address>
         <run_address>0x7d88</run_address>
         <size>0xca</size>
         <input_file_ref idref="fl-13d"/>
      </object_component>
      <object_component id="oc-183">
         <name>.debug_info</name>
         <load_address>0x7e52</load_address>
         <run_address>0x7e52</run_address>
         <size>0x148</size>
         <input_file_ref idref="fl-14b"/>
      </object_component>
      <object_component id="oc-187">
         <name>.debug_info</name>
         <load_address>0x7f9a</load_address>
         <run_address>0x7f9a</run_address>
         <size>0x5e</size>
         <input_file_ref idref="fl-148"/>
      </object_component>
      <object_component id="oc-18f">
         <name>.debug_info</name>
         <load_address>0x7ff8</load_address>
         <run_address>0x7ff8</run_address>
         <size>0x1d4</size>
         <input_file_ref idref="fl-146"/>
      </object_component>
      <object_component id="oc-194">
         <name>.debug_info</name>
         <load_address>0x81cc</load_address>
         <run_address>0x81cc</run_address>
         <size>0xd9</size>
         <input_file_ref idref="fl-146"/>
      </object_component>
      <object_component id="oc-1a0">
         <name>.debug_info</name>
         <load_address>0x82a5</load_address>
         <run_address>0x82a5</run_address>
         <size>0x13a</size>
         <input_file_ref idref="fl-159"/>
      </object_component>
      <object_component id="oc-1a5">
         <name>.debug_info</name>
         <load_address>0x83df</load_address>
         <run_address>0x83df</run_address>
         <size>0xd5</size>
         <input_file_ref idref="fl-152"/>
      </object_component>
      <object_component id="oc-1a9">
         <name>.debug_info</name>
         <load_address>0x84b4</load_address>
         <run_address>0x84b4</run_address>
         <size>0x153</size>
         <input_file_ref idref="fl-158"/>
      </object_component>
      <object_component id="oc-1af">
         <name>.debug_info</name>
         <load_address>0x8607</load_address>
         <run_address>0x8607</run_address>
         <size>0xdb</size>
         <input_file_ref idref="fl-14f"/>
      </object_component>
      <object_component id="oc-1b4">
         <name>.debug_info</name>
         <load_address>0x86e2</load_address>
         <run_address>0x86e2</run_address>
         <size>0xdd</size>
         <input_file_ref idref="fl-14f"/>
      </object_component>
      <object_component id="oc-1b9">
         <name>.debug_info</name>
         <load_address>0x87bf</load_address>
         <run_address>0x87bf</run_address>
         <size>0x177</size>
         <input_file_ref idref="fl-153"/>
      </object_component>
      <object_component id="oc-1bf">
         <name>.debug_info</name>
         <load_address>0x8936</load_address>
         <run_address>0x8936</run_address>
         <size>0xfc</size>
         <input_file_ref idref="fl-155"/>
      </object_component>
      <object_component id="oc-1c4">
         <name>.debug_info</name>
         <load_address>0x8a32</load_address>
         <run_address>0x8a32</run_address>
         <size>0x111</size>
         <input_file_ref idref="fl-15a"/>
      </object_component>
      <object_component id="oc-1cb">
         <name>.debug_info</name>
         <load_address>0x8b43</load_address>
         <run_address>0x8b43</run_address>
         <size>0x160</size>
         <input_file_ref idref="fl-154"/>
      </object_component>
      <object_component id="oc-1d0">
         <name>.debug_info</name>
         <load_address>0x8ca3</load_address>
         <run_address>0x8ca3</run_address>
         <size>0x126</size>
         <input_file_ref idref="fl-149"/>
      </object_component>
      <object_component id="oc-1d6">
         <name>.debug_info</name>
         <load_address>0x8dc9</load_address>
         <run_address>0x8dc9</run_address>
         <size>0x26b</size>
         <input_file_ref idref="fl-147"/>
      </object_component>
      <object_component id="oc-1d7">
         <name>.debug_info</name>
         <load_address>0x9034</load_address>
         <run_address>0x9034</run_address>
         <size>0x86</size>
         <input_file_ref idref="fl-147"/>
      </object_component>
      <object_component id="oc-1dc">
         <name>.debug_info</name>
         <load_address>0x90ba</load_address>
         <run_address>0x90ba</run_address>
         <size>0x39</size>
         <input_file_ref idref="fl-147"/>
      </object_component>
      <object_component id="oc-1e3">
         <name>.debug_info</name>
         <load_address>0x90f3</load_address>
         <run_address>0x90f3</run_address>
         <size>0x2c</size>
         <input_file_ref idref="fl-13e"/>
      </object_component>
      <object_component id="oc-1e8">
         <name>.debug_info</name>
         <load_address>0x911f</load_address>
         <run_address>0x911f</run_address>
         <size>0x222</size>
         <input_file_ref idref="fl-3"/>
      </object_component>
      <object_component id="oc-1ea">
         <name>.debug_info</name>
         <load_address>0x9341</load_address>
         <run_address>0x9341</run_address>
         <size>0x121</size>
         <input_file_ref idref="fl-15b"/>
      </object_component>
      <object_component id="oc-1f0">
         <name>.debug_info</name>
         <load_address>0x9462</load_address>
         <run_address>0x9462</run_address>
         <size>0xcf</size>
         <input_file_ref idref="fl-143"/>
      </object_component>
      <object_component id="oc-1f4">
         <name>.debug_info</name>
         <load_address>0x9531</load_address>
         <run_address>0x9531</run_address>
         <size>0xe5</size>
         <input_file_ref idref="fl-142"/>
      </object_component>
      <object_component id="oc-1f6">
         <name>.debug_info</name>
         <load_address>0x9616</load_address>
         <run_address>0x9616</run_address>
         <size>0x143</size>
         <input_file_ref idref="fl-151"/>
      </object_component>
      <object_component id="oc-1fc">
         <name>.debug_info</name>
         <load_address>0x9759</load_address>
         <run_address>0x9759</run_address>
         <size>0xaa</size>
         <input_file_ref idref="fl-14d"/>
      </object_component>
      <object_component id="oc-201">
         <name>.debug_info</name>
         <load_address>0x9803</load_address>
         <run_address>0x9803</run_address>
         <size>0x86</size>
         <input_file_ref idref="fl-3"/>
      </object_component>
      <object_component id="oc-20c">
         <name>.debug_info</name>
         <load_address>0x9889</load_address>
         <run_address>0x9889</run_address>
         <size>0xcd</size>
         <input_file_ref idref="fl-14b"/>
      </object_component>
      <object_component id="oc-217">
         <name>.debug_info</name>
         <load_address>0x9956</load_address>
         <run_address>0x9956</run_address>
         <size>0x9f</size>
         <input_file_ref idref="fl-158"/>
      </object_component>
      <object_component id="oc-21b">
         <name>.debug_info</name>
         <load_address>0x99f5</load_address>
         <run_address>0x99f5</run_address>
         <size>0x101</size>
         <input_file_ref idref="fl-153"/>
      </object_component>
      <object_component id="oc-21e">
         <name>.debug_info</name>
         <load_address>0x9af6</load_address>
         <run_address>0x9af6</run_address>
         <size>0x10f</size>
         <input_file_ref idref="fl-15c"/>
      </object_component>
      <object_component id="oc-225">
         <name>.debug_info</name>
         <load_address>0x9c05</load_address>
         <run_address>0x9c05</run_address>
         <size>0xa6</size>
         <input_file_ref idref="fl-154"/>
      </object_component>
      <object_component id="oc-227">
         <name>.debug_info</name>
         <load_address>0x9cab</load_address>
         <run_address>0x9cab</run_address>
         <size>0xaf</size>
         <input_file_ref idref="fl-14c"/>
      </object_component>
      <object_component id="oc-22a">
         <name>.debug_info</name>
         <load_address>0x9d5a</load_address>
         <run_address>0x9d5a</run_address>
         <size>0xc5</size>
         <input_file_ref idref="fl-149"/>
      </object_component>
      <object_component id="oc-22d">
         <name>.debug_info</name>
         <load_address>0x9e1f</load_address>
         <run_address>0x9e1f</run_address>
         <size>0x46</size>
         <input_file_ref idref="fl-147"/>
      </object_component>
      <object_component id="oc-235">
         <name>.debug_info</name>
         <load_address>0x9e65</load_address>
         <run_address>0x9e65</run_address>
         <size>0x9a</size>
         <input_file_ref idref="fl-15b"/>
      </object_component>
      <object_component id="oc-23b">
         <name>.debug_info</name>
         <load_address>0x9eff</load_address>
         <run_address>0x9eff</run_address>
         <size>0x128</size>
         <input_file_ref idref="fl-156"/>
      </object_component>
      <object_component id="oc-241">
         <name>.debug_info</name>
         <load_address>0xa027</load_address>
         <run_address>0xa027</run_address>
         <size>0xe2</size>
         <input_file_ref idref="fl-151"/>
      </object_component>
      <object_component id="oc-24b">
         <name>.debug_info</name>
         <load_address>0xa109</load_address>
         <run_address>0xa109</run_address>
         <size>0x9a</size>
         <input_file_ref idref="fl-15c"/>
      </object_component>
      <object_component id="oc-250">
         <name>.debug_info</name>
         <load_address>0xa1a3</load_address>
         <run_address>0xa1a3</run_address>
         <size>0xa3</size>
         <input_file_ref idref="fl-14c"/>
      </object_component>
      <object_component id="oc-256">
         <name>.debug_info</name>
         <load_address>0xa246</load_address>
         <run_address>0xa246</run_address>
         <size>0x13e</size>
         <input_file_ref idref="fl-157"/>
      </object_component>
      <object_component id="oc-25c">
         <name>.debug_info</name>
         <load_address>0xa384</load_address>
         <run_address>0xa384</run_address>
         <size>0xd1</size>
         <input_file_ref idref="fl-156"/>
      </object_component>
      <object_component id="oc-25f">
         <name>.debug_info</name>
         <load_address>0xa455</load_address>
         <run_address>0xa455</run_address>
         <size>0x6f</size>
         <input_file_ref idref="fl-151"/>
      </object_component>
      <object_component id="oc-264">
         <name>.debug_info</name>
         <load_address>0xa4c4</load_address>
         <run_address>0xa4c4</run_address>
         <size>0x112</size>
         <input_file_ref idref="fl-151"/>
      </object_component>
      <object_component id="oc-26b">
         <name>.debug_info</name>
         <load_address>0xa5d6</load_address>
         <run_address>0xa5d6</run_address>
         <size>0xaf</size>
         <input_file_ref idref="fl-157"/>
      </object_component>
      <object_component id="oc-26e">
         <name>.debug_info</name>
         <load_address>0xa685</load_address>
         <run_address>0xa685</run_address>
         <size>0xf1</size>
         <input_file_ref idref="fl-157"/>
      </object_component>
      <object_component id="oc-271">
         <name>.debug_info</name>
         <load_address>0xa776</load_address>
         <run_address>0xa776</run_address>
         <size>0x2c</size>
         <input_file_ref idref="fl-156"/>
      </object_component>
      <object_component id="oc-29d">
         <name>.debug_info</name>
         <load_address>0xa7a2</load_address>
         <run_address>0xa7a2</run_address>
         <size>0x9c</size>
      </object_component>
      <object_component id="oc-10">
         <name>.debug_pubnames</name>
         <load_address>0x0</load_address>
         <run_address>0x0</run_address>
         <size>0x23</size>
         <input_file_ref idref="fl-2"/>
      </object_component>
      <object_component id="oc-15">
         <name>.debug_pubnames</name>
         <load_address>0x23</load_address>
         <run_address>0x23</run_address>
         <size>0x1f</size>
         <input_file_ref idref="fl-133"/>
      </object_component>
      <object_component id="oc-1a">
         <name>.debug_pubnames</name>
         <load_address>0x42</load_address>
         <run_address>0x42</run_address>
         <size>0x2b</size>
         <input_file_ref idref="fl-134"/>
      </object_component>
      <object_component id="oc-1f">
         <name>.debug_pubnames</name>
         <load_address>0x6d</load_address>
         <run_address>0x6d</run_address>
         <size>0x25</size>
         <input_file_ref idref="fl-136"/>
      </object_component>
      <object_component id="oc-25">
         <name>.debug_pubnames</name>
         <load_address>0x92</load_address>
         <run_address>0x92</run_address>
         <size>0x2c</size>
         <input_file_ref idref="fl-135"/>
      </object_component>
      <object_component id="oc-2c">
         <name>.debug_pubnames</name>
         <load_address>0xbe</load_address>
         <run_address>0xbe</run_address>
         <size>0x4c</size>
         <input_file_ref idref="fl-2"/>
      </object_component>
      <object_component id="oc-32">
         <name>.debug_pubnames</name>
         <load_address>0x10a</load_address>
         <run_address>0x10a</run_address>
         <size>0x1c4</size>
         <input_file_ref idref="fl-5"/>
      </object_component>
      <object_component id="oc-3b">
         <name>.debug_pubnames</name>
         <load_address>0x2ce</load_address>
         <run_address>0x2ce</run_address>
         <size>0x37</size>
         <input_file_ref idref="fl-14a"/>
      </object_component>
      <object_component id="oc-41">
         <name>.debug_pubnames</name>
         <load_address>0x305</load_address>
         <run_address>0x305</run_address>
         <size>0x21</size>
         <input_file_ref idref="fl-148"/>
      </object_component>
      <object_component id="oc-46">
         <name>.debug_pubnames</name>
         <load_address>0x326</load_address>
         <run_address>0x326</run_address>
         <size>0x35</size>
         <input_file_ref idref="fl-137"/>
      </object_component>
      <object_component id="oc-4b">
         <name>.debug_pubnames</name>
         <load_address>0x35b</load_address>
         <run_address>0x35b</run_address>
         <size>0x23</size>
         <input_file_ref idref="fl-140"/>
      </object_component>
      <object_component id="oc-50">
         <name>.debug_pubnames</name>
         <load_address>0x37e</load_address>
         <run_address>0x37e</run_address>
         <size>0x1d</size>
         <input_file_ref idref="fl-13c"/>
      </object_component>
      <object_component id="oc-63">
         <name>.debug_pubnames</name>
         <load_address>0x39b</load_address>
         <run_address>0x39b</run_address>
         <size>0x2f</size>
         <input_file_ref idref="fl-135"/>
      </object_component>
      <object_component id="oc-71">
         <name>.debug_pubnames</name>
         <load_address>0x3ca</load_address>
         <run_address>0x3ca</run_address>
         <size>0x101</size>
         <input_file_ref idref="fl-6"/>
      </object_component>
      <object_component id="oc-77">
         <name>.debug_pubnames</name>
         <load_address>0x4cb</load_address>
         <run_address>0x4cb</run_address>
         <size>0xbb</size>
         <input_file_ref idref="fl-4"/>
      </object_component>
      <object_component id="oc-7d">
         <name>.debug_pubnames</name>
         <load_address>0x586</load_address>
         <run_address>0x586</run_address>
         <size>0x32</size>
         <input_file_ref idref="fl-13e"/>
      </object_component>
      <object_component id="oc-82">
         <name>.debug_pubnames</name>
         <load_address>0x5b8</load_address>
         <run_address>0x5b8</run_address>
         <size>0x7b</size>
         <input_file_ref idref="fl-5"/>
      </object_component>
      <object_component id="oc-8a">
         <name>.debug_pubnames</name>
         <load_address>0x633</load_address>
         <run_address>0x633</run_address>
         <size>0x25</size>
         <input_file_ref idref="fl-5"/>
      </object_component>
      <object_component id="oc-8f">
         <name>.debug_pubnames</name>
         <load_address>0x658</load_address>
         <run_address>0x658</run_address>
         <size>0x20</size>
         <input_file_ref idref="fl-5"/>
      </object_component>
      <object_component id="oc-92">
         <name>.debug_pubnames</name>
         <load_address>0x678</load_address>
         <run_address>0x678</run_address>
         <size>0x21</size>
         <input_file_ref idref="fl-5"/>
      </object_component>
      <object_component id="oc-97">
         <name>.debug_pubnames</name>
         <load_address>0x699</load_address>
         <run_address>0x699</run_address>
         <size>0x23</size>
         <input_file_ref idref="fl-141"/>
      </object_component>
      <object_component id="oc-9c">
         <name>.debug_pubnames</name>
         <load_address>0x6bc</load_address>
         <run_address>0x6bc</run_address>
         <size>0x23</size>
         <input_file_ref idref="fl-138"/>
      </object_component>
      <object_component id="oc-a0">
         <name>.debug_pubnames</name>
         <load_address>0x6df</load_address>
         <run_address>0x6df</run_address>
         <size>0x23</size>
         <input_file_ref idref="fl-139"/>
      </object_component>
      <object_component id="oc-a4">
         <name>.debug_pubnames</name>
         <load_address>0x702</load_address>
         <run_address>0x702</run_address>
         <size>0x21</size>
         <input_file_ref idref="fl-5"/>
      </object_component>
      <object_component id="oc-a8">
         <name>.debug_pubnames</name>
         <load_address>0x723</load_address>
         <run_address>0x723</run_address>
         <size>0x24</size>
         <input_file_ref idref="fl-13a"/>
      </object_component>
      <object_component id="oc-ac">
         <name>.debug_pubnames</name>
         <load_address>0x747</load_address>
         <run_address>0x747</run_address>
         <size>0x21</size>
         <input_file_ref idref="fl-5"/>
      </object_component>
      <object_component id="oc-b2">
         <name>.debug_pubnames</name>
         <load_address>0x768</load_address>
         <run_address>0x768</run_address>
         <size>0x2b</size>
         <input_file_ref idref="fl-5"/>
      </object_component>
      <object_component id="oc-b6">
         <name>.debug_pubnames</name>
         <load_address>0x793</load_address>
         <run_address>0x793</run_address>
         <size>0x1f</size>
         <input_file_ref idref="fl-5"/>
      </object_component>
      <object_component id="oc-c0">
         <name>.debug_pubnames</name>
         <load_address>0x7b2</load_address>
         <run_address>0x7b2</run_address>
         <size>0x22</size>
         <input_file_ref idref="fl-13b"/>
      </object_component>
      <object_component id="oc-c6">
         <name>.debug_pubnames</name>
         <load_address>0x7d4</load_address>
         <run_address>0x7d4</run_address>
         <size>0x1b</size>
         <input_file_ref idref="fl-13f"/>
      </object_component>
      <object_component id="oc-ca">
         <name>.debug_pubnames</name>
         <load_address>0x7ef</load_address>
         <run_address>0x7ef</run_address>
         <size>0x20</size>
         <input_file_ref idref="fl-5"/>
      </object_component>
      <object_component id="oc-cf">
         <name>.debug_pubnames</name>
         <load_address>0x80f</load_address>
         <run_address>0x80f</run_address>
         <size>0x25</size>
         <input_file_ref idref="fl-13d"/>
      </object_component>
      <object_component id="oc-d5">
         <name>.debug_pubnames</name>
         <load_address>0x834</load_address>
         <run_address>0x834</run_address>
         <size>0x1c</size>
         <input_file_ref idref="fl-5"/>
      </object_component>
      <object_component id="oc-d9">
         <name>.debug_pubnames</name>
         <load_address>0x850</load_address>
         <run_address>0x850</run_address>
         <size>0x20</size>
         <input_file_ref idref="fl-5"/>
      </object_component>
      <object_component id="oc-dd">
         <name>.debug_pubnames</name>
         <load_address>0x870</load_address>
         <run_address>0x870</run_address>
         <size>0x24</size>
         <input_file_ref idref="fl-5"/>
      </object_component>
      <object_component id="oc-e0">
         <name>.debug_pubnames</name>
         <load_address>0x894</load_address>
         <run_address>0x894</run_address>
         <size>0x1e</size>
         <input_file_ref idref="fl-5"/>
      </object_component>
      <object_component id="oc-e5">
         <name>.debug_pubnames</name>
         <load_address>0x8b2</load_address>
         <run_address>0x8b2</run_address>
         <size>0x1c</size>
         <input_file_ref idref="fl-5"/>
      </object_component>
      <object_component id="oc-fc">
         <name>.debug_pubnames</name>
         <load_address>0x8ce</load_address>
         <run_address>0x8ce</run_address>
         <size>0x1e</size>
         <input_file_ref idref="fl-14b"/>
      </object_component>
      <object_component id="oc-103">
         <name>.debug_pubnames</name>
         <load_address>0x8ec</load_address>
         <run_address>0x8ec</run_address>
         <size>0x1b</size>
         <input_file_ref idref="fl-3"/>
      </object_component>
      <object_component id="oc-10a">
         <name>.debug_pubnames</name>
         <load_address>0x907</load_address>
         <run_address>0x907</run_address>
         <size>0x28</size>
         <input_file_ref idref="fl-146"/>
      </object_component>
      <object_component id="oc-10d">
         <name>.debug_pubnames</name>
         <load_address>0x92f</load_address>
         <run_address>0x92f</run_address>
         <size>0x3a</size>
         <input_file_ref idref="fl-137"/>
      </object_component>
      <object_component id="oc-127">
         <name>.debug_pubnames</name>
         <load_address>0x969</load_address>
         <run_address>0x969</run_address>
         <size>0x24</size>
         <input_file_ref idref="fl-6"/>
      </object_component>
      <object_component id="oc-12e">
         <name>.debug_pubnames</name>
         <load_address>0x98d</load_address>
         <run_address>0x98d</run_address>
         <size>0x89</size>
         <input_file_ref idref="fl-147"/>
      </object_component>
      <object_component id="oc-156">
         <name>.debug_pubnames</name>
         <load_address>0xa16</load_address>
         <run_address>0xa16</run_address>
         <size>0x20</size>
         <input_file_ref idref="fl-143"/>
      </object_component>
      <object_component id="oc-15a">
         <name>.debug_pubnames</name>
         <load_address>0xa36</load_address>
         <run_address>0xa36</run_address>
         <size>0x23</size>
         <input_file_ref idref="fl-14e"/>
      </object_component>
      <object_component id="oc-15f">
         <name>.debug_pubnames</name>
         <load_address>0xa59</load_address>
         <run_address>0xa59</run_address>
         <size>0x23</size>
         <input_file_ref idref="fl-150"/>
      </object_component>
      <object_component id="oc-164">
         <name>.debug_pubnames</name>
         <load_address>0xa7c</load_address>
         <run_address>0xa7c</run_address>
         <size>0x1e</size>
         <input_file_ref idref="fl-142"/>
      </object_component>
      <object_component id="oc-16a">
         <name>.debug_pubnames</name>
         <load_address>0xa9a</load_address>
         <run_address>0xa9a</run_address>
         <size>0x1f</size>
         <input_file_ref idref="fl-144"/>
      </object_component>
      <object_component id="oc-16f">
         <name>.debug_pubnames</name>
         <load_address>0xab9</load_address>
         <run_address>0xab9</run_address>
         <size>0x6f</size>
         <input_file_ref idref="fl-145"/>
      </object_component>
      <object_component id="oc-175">
         <name>.debug_pubnames</name>
         <load_address>0xb28</load_address>
         <run_address>0xb28</run_address>
         <size>0x1b</size>
         <input_file_ref idref="fl-13d"/>
      </object_component>
      <object_component id="oc-191">
         <name>.debug_pubnames</name>
         <load_address>0xb43</load_address>
         <run_address>0xb43</run_address>
         <size>0x43</size>
         <input_file_ref idref="fl-146"/>
      </object_component>
      <object_component id="oc-1a1">
         <name>.debug_pubnames</name>
         <load_address>0xb86</load_address>
         <run_address>0xb86</run_address>
         <size>0x39</size>
         <input_file_ref idref="fl-159"/>
      </object_component>
      <object_component id="oc-1a7">
         <name>.debug_pubnames</name>
         <load_address>0xbbf</load_address>
         <run_address>0xbbf</run_address>
         <size>0x23</size>
         <input_file_ref idref="fl-152"/>
      </object_component>
      <object_component id="oc-1ab">
         <name>.debug_pubnames</name>
         <load_address>0xbe2</load_address>
         <run_address>0xbe2</run_address>
         <size>0x1d</size>
         <input_file_ref idref="fl-158"/>
      </object_component>
      <object_component id="oc-1b1">
         <name>.debug_pubnames</name>
         <load_address>0xbff</load_address>
         <run_address>0xbff</run_address>
         <size>0x26</size>
         <input_file_ref idref="fl-14f"/>
      </object_component>
      <object_component id="oc-1b6">
         <name>.debug_pubnames</name>
         <load_address>0xc25</load_address>
         <run_address>0xc25</run_address>
         <size>0x27</size>
         <input_file_ref idref="fl-14f"/>
      </object_component>
      <object_component id="oc-1bb">
         <name>.debug_pubnames</name>
         <load_address>0xc4c</load_address>
         <run_address>0xc4c</run_address>
         <size>0x1b</size>
         <input_file_ref idref="fl-153"/>
      </object_component>
      <object_component id="oc-1c1">
         <name>.debug_pubnames</name>
         <load_address>0xc67</load_address>
         <run_address>0xc67</run_address>
         <size>0x37</size>
         <input_file_ref idref="fl-155"/>
      </object_component>
      <object_component id="oc-1c6">
         <name>.debug_pubnames</name>
         <load_address>0xc9e</load_address>
         <run_address>0xc9e</run_address>
         <size>0x1e</size>
         <input_file_ref idref="fl-15a"/>
      </object_component>
      <object_component id="oc-1cd">
         <name>.debug_pubnames</name>
         <load_address>0xcbc</load_address>
         <run_address>0xcbc</run_address>
         <size>0x1e</size>
         <input_file_ref idref="fl-154"/>
      </object_component>
      <object_component id="oc-1d2">
         <name>.debug_pubnames</name>
         <load_address>0xcda</load_address>
         <run_address>0xcda</run_address>
         <size>0x1b</size>
         <input_file_ref idref="fl-149"/>
      </object_component>
      <object_component id="oc-1ec">
         <name>.debug_pubnames</name>
         <load_address>0xcf5</load_address>
         <run_address>0xcf5</run_address>
         <size>0x1d</size>
         <input_file_ref idref="fl-15b"/>
      </object_component>
      <object_component id="oc-1f8">
         <name>.debug_pubnames</name>
         <load_address>0xd12</load_address>
         <run_address>0xd12</run_address>
         <size>0x24</size>
         <input_file_ref idref="fl-151"/>
      </object_component>
      <object_component id="oc-1fd">
         <name>.debug_pubnames</name>
         <load_address>0xd36</load_address>
         <run_address>0xd36</run_address>
         <size>0x1d</size>
         <input_file_ref idref="fl-14d"/>
      </object_component>
      <object_component id="oc-220">
         <name>.debug_pubnames</name>
         <load_address>0xd53</load_address>
         <run_address>0xd53</run_address>
         <size>0x1d</size>
         <input_file_ref idref="fl-15c"/>
      </object_component>
      <object_component id="oc-228">
         <name>.debug_pubnames</name>
         <load_address>0xd70</load_address>
         <run_address>0xd70</run_address>
         <size>0x1f</size>
         <input_file_ref idref="fl-14c"/>
      </object_component>
      <object_component id="oc-23d">
         <name>.debug_pubnames</name>
         <load_address>0xd8f</load_address>
         <run_address>0xd8f</run_address>
         <size>0x1c</size>
         <input_file_ref idref="fl-156"/>
      </object_component>
      <object_component id="oc-242">
         <name>.debug_pubnames</name>
         <load_address>0xdab</load_address>
         <run_address>0xdab</run_address>
         <size>0x31</size>
         <input_file_ref idref="fl-151"/>
      </object_component>
      <object_component id="oc-258">
         <name>.debug_pubnames</name>
         <load_address>0xddc</load_address>
         <run_address>0xddc</run_address>
         <size>0x1d</size>
         <input_file_ref idref="fl-157"/>
      </object_component>
      <object_component id="oc-26c">
         <name>.debug_pubnames</name>
         <load_address>0xdf9</load_address>
         <run_address>0xdf9</run_address>
         <size>0x1f</size>
         <input_file_ref idref="fl-157"/>
      </object_component>
      <object_component id="oc-12">
         <name>.debug_line</name>
         <load_address>0x0</load_address>
         <run_address>0x0</run_address>
         <size>0x4f</size>
         <input_file_ref idref="fl-133"/>
      </object_component>
      <object_component id="oc-18">
         <name>.debug_line</name>
         <load_address>0x4f</load_address>
         <run_address>0x4f</run_address>
         <size>0x55</size>
         <input_file_ref idref="fl-134"/>
      </object_component>
      <object_component id="oc-20">
         <name>.debug_line</name>
         <load_address>0xa4</load_address>
         <run_address>0xa4</run_address>
         <size>0x4c</size>
         <input_file_ref idref="fl-136"/>
      </object_component>
      <object_component id="oc-26">
         <name>.debug_line</name>
         <load_address>0xf0</load_address>
         <run_address>0xf0</run_address>
         <size>0x4b</size>
         <input_file_ref idref="fl-135"/>
      </object_component>
      <object_component id="oc-2d">
         <name>.debug_line</name>
         <load_address>0x13b</load_address>
         <run_address>0x13b</run_address>
         <size>0xa1</size>
         <input_file_ref idref="fl-2"/>
      </object_component>
      <object_component id="oc-33">
         <name>.debug_line</name>
         <load_address>0x1dc</load_address>
         <run_address>0x1dc</run_address>
         <size>0x566</size>
         <input_file_ref idref="fl-5"/>
      </object_component>
      <object_component id="oc-36">
         <name>.debug_line</name>
         <load_address>0x742</load_address>
         <run_address>0x742</run_address>
         <size>0x41</size>
         <input_file_ref idref="fl-2"/>
      </object_component>
      <object_component id="oc-3c">
         <name>.debug_line</name>
         <load_address>0x783</load_address>
         <run_address>0x783</run_address>
         <size>0x87</size>
         <input_file_ref idref="fl-14a"/>
      </object_component>
      <object_component id="oc-3e">
[...]
         <value>0x5049</value>
         <object_component_ref idref="oc-2f"/>
      </symbol>
      <symbol id="sm-1e4">
         <name>GPIOPortE_Handler</name>
         <value>0x547f</value>
         <object_component_ref idref="oc-2f"/>
      </symbol>
      <symbol id="sm-1e5">
         <name>moveAsteroid</name>
         <value>0x4bc1</value>
         <object_component_ref idref="oc-2f"/>
      </symbol>
      <symbol id="sm-1e6">
         <name>writeCharacter</name>
         <value>0x53ad</value>
         <object_component_ref idref="oc-2f"/>
      </symbol>
      <symbol id="sm-1e7">
         <name>Timer1A_Handler</name>
         <value>0x5533</value>
         <object_component_ref idref="oc-2f"/>
      </symbol>
      <symbol id="sm-1e8">
         <name>moveLaser</name>
         <value>0x5195</value>
         <object_component_ref idref="oc-2f"/>
      </symbol>
      <symbol id="sm-1e9">
         <name>explosion2</name>
         <value>0x297c</value>
         <object_component_ref idref="oc-a2"/>
      </symbol>
      <symbol id="sm-1ea">
         <name>explosion3</name>
         <value>0x15f4</value>
         <object_component_ref idref="oc-aa"/>
      </symbol>
      <symbol id="sm-1eb">
         <name>explosion1</name>
         <value>0x3f5c</value>
         <object_component_ref idref="oc-90"/>
      </symbol>
      <symbol id="sm-1ec">
         <name>loopGame</name>
         <value>0x471d</value>
         <object_component_ref idref="oc-2f"/>
      </symbol>
      <symbol id="sm-1ed">
         <name>spaceshipImage</name>
         <value>0x35fc</value>
         <object_component_ref idref="oc-88"/>
      </symbol>
      <symbol id="sm-1ee">
         <name>Init_Player</name>
         <value>0x4631</value>
         <object_component_ref idref="oc-2f"/>
      </symbol>
      <symbol id="sm-1ef">
         <name>Asteroid</name>
         <value>0x200007f4</value>
         <object_component_ref idref="oc-b4"/>
      </symbol>
      <symbol id="sm-1f0">
         <name>deleteAsteroid</name>
         <value>0x4d09</value>
         <object_component_ref idref="oc-2f"/>
      </symbol>
      <symbol id="sm-1f1">
         <name>randomValue</name>
         <value>0x52f1</value>
         <object_component_ref idref="oc-2f"/>
      </symbol>
      <symbol id="sm-1f2">
         <name>font8x8_basic</name>
         <value>0x20000000</value>
         <object_component_ref idref="oc-db"/>
      </symbol>
      <symbol id="sm-1f3">
         <name>asteroidm</name>
         <value>0x26c</value>
         <object_component_ref idref="oc-c8"/>
      </symbol>
      <symbol id="sm-1f4">
         <name>Index</name>
         <value>0x20000554</value>
         <object_component_ref idref="oc-e3"/>
      </symbol>
      <symbol id="sm-1f5">
         <name>printBMP2</name>
         <value>0x4863</value>
         <object_component_ref idref="oc-2f"/>
      </symbol>
      <symbol id="sm-1f6">
         <name>Init_Explosions</name>
         <value>0x466d</value>
         <object_component_ref idref="oc-2f"/>
      </symbol>
      <symbol id="sm-1f7">
         <name>laserbeam</name>
         <value>0x427c</value>
         <object_component_ref idref="oc-d7"/>
      </symbol>
      <symbol id="sm-1f8">
         <name>getCenter</name>
         <value>0x47f5</value>
         <object_component_ref idref="oc-2f"/>
      </symbol>
      <symbol id="sm-1f9">
         <name>Explosion</name>
         <value>0x200007ac</value>
         <object_component_ref idref="oc-8d"/>
      </symbol>
      <symbol id="sm-1fa">
         <name>Init_StartScreen</name>
         <value>0x47c3</value>
         <object_component_ref idref="oc-2f"/>
      </symbol>
      <symbol id="sm-1fb">
         <name>deployAsteroid</name>
         <value>0x4a15</value>
         <object_component_ref idref="oc-2f"/>
      </symbol>
      <symbol id="sm-1fc">
         <name>collision</name>
         <value>0x4e05</value>
         <object_component_ref idref="oc-2f"/>
      </symbol>
      <symbol id="sm-1fd">
         <name>GPIOPortA_Handler</name>
         <value>0x543b</value>
         <object_component_ref idref="oc-2f"/>
      </symbol>
      <symbol id="sm-1fe">
         <name>SineWave</name>
         <value>0x45d8</value>
         <object_component_ref idref="oc-b0"/>
      </symbol>
      <symbol id="sm-1ff">
         <name>writeString</name>
         <value>0x5325</value>
         <object_component_ref idref="oc-2f"/>
      </symbol>
      <symbol id="sm-200">
         <name>addAsteroidMedium</name>
         <value>0x4d25</value>
         <object_component_ref idref="oc-2f"/>
      </symbol>
      <symbol id="sm-201">
         <name>printBMP</name>
         <value>0x4833</value>
         <object_component_ref idref="oc-2f"/>
      </symbol>
      <symbol id="sm-202">
         <name>DAC_Out</name>
         <value>0x557d</value>
         <object_component_ref idref="oc-2f"/>
      </symbol>
      <symbol id="sm-203">
         <name>playerControl</name>
         <value>0x4941</value>
         <object_component_ref idref="oc-2f"/>
      </symbol>
      <symbol id="sm-204">
         <name>Sound_Handler</name>
         <value>0x5543</value>
         <object_component_ref idref="oc-2f"/>
      </symbol>
      <symbol id="sm-27d">
         <name>writeCmd</name>
         <value>0x6a6d</value>
         <object_component_ref idref="oc-6e"/>
      </symbol>
      <symbol id="sm-27e">
         <name>setCursor</name>
         <value>0x6b59</value>
         <object_component_ref idref="oc-6e"/>
      </symbol>
      <symbol id="sm-27f">
         <name>getY</name>
         <value>0x6cb7</value>
         <object_component_ref idref="oc-6e"/>
      </symbol>
      <symbol id="sm-280">
         <name>getX</name>
         <value>0x6c71</value>
         <object_component_ref idref="oc-6e"/>
      </symbol>
      <symbol id="sm-281">
         <name>clearLCD</name>
         <value>0x6bc3</value>
         <object_component_ref idref="oc-6e"/>
      </symbol>
      <symbol id="sm-282">
         <name>ADC0</name>
         <value>0x6cfd</value>
         <object_component_ref idref="oc-6e"/>
      </symbol>
      <symbol id="sm-283">
         <name>writeReg</name>
         <value>0x6b3d</value>
         <object_component_ref idref="oc-6e"/>
      </symbol>
      <symbol id="sm-284">
         <name>writeData</name>
         <value>0x6ad9</value>
         <object_component_ref idref="oc-6e"/>
      </symbol>
      <symbol id="sm-285">
         <name>clearArea</name>
         <value>0x6c01</value>
         <object_component_ref idref="oc-6e"/>
      </symbol>
      <symbol id="sm-286">
         <name>Init_Analog</name>
         <value>0x6a01</value>
         <object_component_ref idref="oc-6e"/>
      </symbol>
      <symbol id="sm-287">
         <name>delayMS</name>
         <value>0x64bf</value>
         <object_component_ref idref="oc-6e"/>
      </symbol>
      <symbol id="sm-288">
         <name>Init_LCD</name>
         <value>0x66e5</value>
         <object_component_ref idref="oc-6e"/>
      </symbol>
      <symbol id="sm-289">
         <name>setAddress</name>
         <value>0x6b79</value>
         <object_component_ref idref="oc-6e"/>
      </symbol>
      <symbol id="sm-28a">
         <name>Init_Port</name>
         <value>0x654f</value>
         <object_component_ref idref="oc-6e"/>
      </symbol>
      <symbol id="sm-28b">
         <name>Wait_SysTick</name>
         <value>0x649f</value>
         <object_component_ref idref="oc-6e"/>
      </symbol>
      <symbol id="sm-28c">
         <name>Init_PLL</name>
         <value>0x64e9</value>
         <object_component_ref idref="oc-6e"/>
      </symbol>
      <symbol id="sm-28d">
         <name>Init_SysTick</name>
         <value>0x6491</value>
         <object_component_ref idref="oc-6e"/>
      </symbol>
      <symbol id="sm-28e">
         <name>Init_SSI0</name>
         <value>0x699d</value>
         <object_component_ref idref="oc-6e"/>
      </symbol>
      <symbol id="sm-29e">
         <name>_c_int00</name>
         <value>0x7dc1</value>
         <object_component_ref idref="oc-11"/>
      </symbol>
      <symbol id="sm-29f">
         <name>__stack</name>
         <value>0x20000558</value>
         <object_component_ref idref="oc-28"/>
      </symbol>
      <symbol id="sm-2b6">
         <name>__TI_decompress_none</name>
         <value>0x8151</value>
         <object_component_ref idref="oc-16"/>
      </symbol>
      <symbol id="sm-2da">
         <name>__TI_decompress_rle24</name>
         <value>0x816b</value>
         <object_component_ref idref="oc-22"/>
      </symbol>
      <symbol id="sm-2f3">
         <name>__TI_zero_init</name>
         <value>0x812d</value>
         <object_component_ref idref="oc-1c"/>
      </symbol>
      <symbol id="sm-312">
         <name>C$$EXIT</name>
         <value>0x7e95</value>
         <object_component_ref idref="oc-43"/>
      </symbol>
      <symbol id="sm-313">
         <name>abort</name>
         <value>0x7e99</value>
         <object_component_ref idref="oc-43"/>
      </symbol>
      <symbol id="sm-314">
         <name>exit</name>
         <value>0x7ea1</value>
         <object_component_ref idref="oc-43"/>
      </symbol>
      <symbol id="sm-315">
         <name>__TI_dtors_ptr</name>
         <value>0x2000053c</value>
         <object_component_ref idref="oc-10b"/>
      </symbol>
      <symbol id="sm-316">
         <name>__TI_cleanup_ptr</name>
         <value>0x20000538</value>
         <object_component_ref idref="oc-10b"/>
      </symbol>
      <symbol id="sm-321">
         <name>__aeabi_dmul</name>
         <value>0x7739</value>
         <object_component_ref idref="oc-98"/>
      </symbol>
      <symbol id="sm-32b">
         <name>__aeabi_d2iz</name>
         <value>0x7e09</value>
         <object_component_ref idref="oc-9d"/>
      </symbol>
      <symbol id="sm-335">
         <name>__aeabi_d2uiz</name>
         <value>0x7ed9</value>
         <object_component_ref idref="oc-a5"/>
      </symbol>
      <symbol id="sm-33f">
         <name>__aeabi_i2d</name>
         <value>0x803d</value>
         <object_component_ref idref="oc-bd"/>
      </symbol>
      <symbol id="sm-35a">
         <name>memcpy</name>
         <value>0x78f9</value>
         <object_component_ref idref="oc-4d"/>
      </symbol>
      <symbol id="sm-35b">
         <name>__aeabi_memcpy</name>
         <value>0x78f9</value>
         <object_component_ref idref="oc-4d"/>
      </symbol>
      <symbol id="sm-35c">
         <name>__aeabi_memcpy8</name>
         <value>0x78f9</value>
         <object_component_ref idref="oc-4d"/>
      </symbol>
      <symbol id="sm-35d">
         <name>__aeabi_memcpy4</name>
         <value>0x78f9</value>
         <object_component_ref idref="oc-4d"/>
      </symbol>
      <symbol id="sm-377">
         <name>rand</name>
         <value>0x7d8b</value>
         <object_component_ref idref="oc-cc"/>
      </symbol>
      <symbol id="sm-378">
         <name>srand</name>
         <value>0x7d75</value>
         <object_component_ref idref="oc-cc"/>
      </symbol>
      <symbol id="sm-391">
         <name>sprintf</name>
         <value>0x7c11</value>
         <object_component_ref idref="oc-7a"/>
      </symbol>
      <symbol id="sm-3a8">
         <name>sqrt</name>
         <value>0x73a9</value>
         <object_component_ref idref="oc-c2"/>
      </symbol>
      <symbol id="sm-3b0">
         <name>main_func_sp</name>
         <value>0x20000550</value>
         <object_component_ref idref="oc-49"/>
      </symbol>
      <symbol id="sm-3ba">
         <name>__aeabi_ui2d</name>
         <value>0x8099</value>
         <object_component_ref idref="oc-93"/>
      </symbol>
      <symbol id="sm-3d5">
         <name>_Dscale</name>
         <value>0x7629</value>
         <object_component_ref idref="oc-161"/>
      </symbol>
      <symbol id="sm-3e9">
         <name>_Dunscale</name>
         <value>0x7bad</value>
         <object_component_ref idref="oc-151"/>
      </symbol>
      <symbol id="sm-3f8">
         <name>_Feraise</name>
         <value>0x800d</value>
         <object_component_ref idref="oc-167"/>
      </symbol>
      <symbol id="sm-408">
         <name>_Rteps</name>
         <value>0x20000510</value>
         <object_component_ref idref="oc-16d"/>
      </symbol>
      <symbol id="sm-409">
         <name>_Zero</name>
         <value>0x20000528</value>
         <object_component_ref idref="oc-16d"/>
      </symbol>
      <symbol id="sm-40a">
         <name>_Hugeval</name>
         <value>0x200004d0</value>
         <object_component_ref idref="oc-16d"/>
      </symbol>
      <symbol id="sm-40b">
         <name>_Snan</name>
         <value>0x20000500</value>
         <object_component_ref idref="oc-16d"/>
      </symbol>
      <symbol id="sm-40c">
         <name>_Nan</name>
         <value>0x200004f0</value>
         <object_component_ref idref="oc-16d"/>
      </symbol>
      <symbol id="sm-40d">
         <name>_Inf</name>
         <value>0x200004e0</value>
         <object_component_ref idref="oc-16d"/>
      </symbol>
      <symbol id="sm-40e">
         <name>_Xbig</name>
         <value>0x20000520</value>
         <object_component_ref idref="oc-16d"/>
      </symbol>
      <symbol id="sm-40f">
         <name>_Eps</name>
         <value>0x200004c0</value>
         <object_component_ref idref="oc-16d"/>
      </symbol>
      <symbol id="sm-410">
         <name>_Denorm</name>
         <value>0x200004b0</value>
         <object_component_ref idref="oc-16d"/>
      </symbol>
      <symbol id="sm-429">
         <name>_nop</name>
         <value>0x8113</value>
         <object_component_ref idref="oc-18c"/>
      </symbol>
      <symbol id="sm-42a">
         <name>_lock</name>
         <value>0x20000530</value>
         <object_component_ref idref="oc-108"/>
      </symbol>
      <symbol id="sm-42b">
         <name>_unlock</name>
         <value>0x20000534</value>
         <object_component_ref idref="oc-108"/>
      </symbol>
      <symbol id="sm-42c">
         <name>_register_lock</name>
         <value>0x810b</value>
         <object_component_ref idref="oc-18c"/>
      </symbol>
      <symbol id="sm-42d">
         <name>_register_unlock</name>
         <value>0x8105</value>
         <object_component_ref idref="oc-18c"/>
      </symbol>
      <symbol id="sm-519">
         <name>__TI_printfi</name>
         <value>0x6187</value>
         <object_component_ref idref="oc-12a"/>
      </symbol>
      <symbol id="sm-52d">
         <name>_args_main</name>
         <value>0x80d5</value>
         <object_component_ref idref="oc-3d"/>
      </symbol>
      <symbol id="sm-543">
         <name>atoi</name>
         <value>0x7d29</value>
         <object_component_ref idref="oc-1cf"/>
      </symbol>
      <symbol id="sm-560">
         <name>__TI_auto_init</name>
         <value>0x7995</value>
         <object_component_ref idref="oc-38"/>
      </symbol>
      <symbol id="sm-579">
         <name>copy_in</name>
         <value>0x7e51</value>
         <object_component_ref idref="oc-f9"/>
      </symbol>
      <symbol id="sm-584">
         <name>_ctypes_</name>
         <value>0x44d4</value>
         <object_component_ref idref="oc-226"/>
      </symbol>
      <symbol id="sm-58c">
         <name>_Errno</name>
         <value>0x20000548</value>
         <object_component_ref idref="oc-1fb"/>
      </symbol>
      <symbol id="sm-5a3">
         <name>__aeabi_dsub</name>
         <value>0x71f1</value>
         <object_component_ref idref="oc-157"/>
      </symbol>
      <symbol id="sm-5a4">
         <name>__aeabi_dadd</name>
         <value>0x71fb</value>
         <object_component_ref idref="oc-157"/>
      </symbol>
      <symbol id="sm-5c6">
         <name>__aeabi_cdcmpeq</name>
         <value>0x7a29</value>
         <object_component_ref idref="oc-1ae"/>
      </symbol>
      <symbol id="sm-5c7">
         <name>__aeabi_cdcmple</name>
         <value>0x7a29</value>
         <object_component_ref idref="oc-1ae"/>
      </symbol>
      <symbol id="sm-5c8">
         <name>__aeabi_cdrcmple</name>
         <value>0x7aaf</value>
         <object_component_ref idref="oc-1b3"/>
      </symbol>
      <symbol id="sm-5dc">
         <name>__aeabi_ddiv</name>
         <value>0x74f1</value>
         <object_component_ref idref="oc-15c"/>
      </symbol>
      <symbol id="sm-5fa">
         <name>feraiseexcept</name>
         <value>0x7fd9</value>
         <object_component_ref idref="oc-1f5"/>
      </symbol>
      <symbol id="sm-5fb">
         <name>_Tls_setup__Fenv</name>
         <value>0x20000544</value>
         <object_component_ref idref="oc-240"/>
      </symbol>
      <symbol id="sm-5fc">
         <name>_Fenv</name>
         <value>0x20000540</value>
         <object_component_ref idref="oc-240"/>
      </symbol>
      <symbol id="sm-605">
         <name>__aeabi_lmul</name>
         <value>0x80ed</value>
         <object_component_ref idref="oc-1a3"/>
      </symbol>
      <symbol id="sm-614">
         <name>ltoa</name>
         <value>0x7ccf</value>
         <object_component_ref idref="oc-1b8"/>
      </symbol>
      <symbol id="sm-624">
         <name>memccpy</name>
         <value>0x80b9</value>
         <object_component_ref idref="oc-1c9"/>
      </symbol>
      <symbol id="sm-633">
         <name>__aeabi_memset</name>
         <value>0x7b37</value>
         <object_component_ref idref="oc-1be"/>
      </symbol>
      <symbol id="sm-634">
         <name>memset</name>
         <value>0x7b3d</value>
         <object_component_ref idref="oc-1be"/>
      </symbol>
      <symbol id="sm-635">
         <name>__aeabi_memset8</name>
         <value>0x7b37</value>
         <object_component_ref idref="oc-1be"/>
      </symbol>
      <symbol id="sm-636">
         <name>__aeabi_memset4</name>
         <value>0x7b37</value>
         <object_component_ref idref="oc-1be"/>
      </symbol>
      <symbol id="sm-637">
         <name>__aeabi_memclr8</name>
         <value>0x7b35</value>
         <object_component_ref idref="oc-1be"/>
      </symbol>
      <symbol id="sm-638">
         <name>__aeabi_memclr4</name>
         <value>0x7b35</value>
         <object_component_ref idref="oc-1be"/>
      </symbol>
      <symbol id="sm-639">
         <name>__aeabi_memclr</name>
         <value>0x7b35</value>
         <object_component_ref idref="oc-1be"/>
      </symbol>
      <symbol id="sm-64d">
         <name>raise</name>
         <value>0x806b</value>
         <object_component_ref idref="oc-23a"/>
      </symbol>
      <symbol id="sm-667">
         <name>signal</name>
         <value>0x7f61</value>
         <object_component_ref idref="oc-255"/>
      </symbol>
      <symbol id="sm-675">
         <name>strlen</name>
         <value>0x8119</value>
         <object_component_ref idref="oc-1a8"/>
      </symbol>
      <symbol id="sm-691">
         <name>__aeabi_uldivmod</name>
         <value>0x6ffd</value>
         <object_component_ref idref="oc-19e"/>
      </symbol>
      <symbol id="sm-69b">
         <name>_Dclass</name>
         <value>0x813f</value>
         <object_component_ref idref="oc-1c3"/>
      </symbol>
      <symbol id="sm-6b0">
         <name>_Dnorm</name>
         <value>0x7835</value>
         <object_component_ref idref="oc-1e9"/>
      </symbol>
      <symbol id="sm-6c2">
         <name>_Dtest</name>
         <value>0x7f1d</value>
         <object_component_ref idref="oc-21d"/>
      </symbol>
      <symbol id="sm-6c3">
         <name>__TI_static_base__</name>
         <value>0x0</value>
      </symbol>
      <symbol id="sm-6c4">
         <name>__TI_args_main</name>
         <value>0x1</value>
      </symbol>
      <symbol id="sm-6c5">
         <name>SHT$$INIT_ARRAY$$Limit</name>
         <value>0x0</value>
      </symbol>
      <symbol id="sm-6c6">
         <name>SHT$$INIT_ARRAY$$Base</name>
         <value>0x0</value>
      </symbol>
   </symbol_table>
   <title>Link successful</title>
</link_info>
