******************************************************************************
                  TI ARM Linker PC v5.1.6                      
******************************************************************************
>> Linked Sat Jul 05 01:00:38 2014

OUTPUT FILE NAME:   <Astroidz.out>
ENTRY POINT SYMBOL: "_c_int00"  address: 0002d5dd


MEMORY CONFIGURATION

         name            origin    length      used     unused   attr    fill
----------------------  --------  ---------  --------  --------  ----  --------
  FLASH                 00000000   00040000  0002dcc8  00012338  R  X
  SRAM                  20000000   00008000  0000085b  000077a5  RW X


SEGMENT ALLOCATION MAP

run origin  load origin   length   init length attrs members
----------  ----------- ---------- ----------- ----- -------
00000000    00000000    0002dcc8   0002dcc8    r-x
  00000000    00000000    0000026c   0000026c    r-- .intvecs
  0000026c    0000026c    00029bc4   00029bc4    r-- .const
  00029e30    00029e30    00003b68   00003b68    r-x .text
  0002d998    0002d998    00000330   00000330    r-- .cinit
20000000    20000000    0000085e   00000000    rw-
  20000000    20000000    00000555   00000000    rw- .data
  20000558    20000558    00000200   00000000    rw- .stack
  20000758    20000758    00000106   00000000    rw- .bss


SECTION ALLOCATION MAP

 output                                  attributes/
section   page    origin      length       input sections
--------  ----  ----------  ----------   ----------------
.intvecs   0    00000000    0000026c     
                  00000000    0000026c     tm4c123gh6pm_startup_ccs.obj (.intvecs)

.init_array 
*          0    00000000    00000000     UNINITIALIZED

.const     0    0000026c    00029bc4     
                  0000026c    00025800     game.obj (.const:startImage)
                  00025a6c    00001388     game.obj (.const:asteroidm)
                  00026df4    00001388     game.obj (.const:explosion3)
                  0002817c    00000c80     game.obj (.const:explosion2)
                  00028dfc    00000960     game.obj (.const:spaceshipImage)
                  0002975c    00000320     game.obj (.const:explosion1)
                  00029a7c    00000258     game.obj (.const:laserbeam)
                  00029cd4    00000102     rtsv7M4_T_le_v4SPD16_eabi.lib : ctype.obj (.const:.string:_ctypes_)
                  00029dd6    00000002     --HOLE-- [fill = 0]
                  00029dd8    00000046     game.obj (.const:.string)
                  00029e1e    00000002     --HOLE-- [fill = 0]
                  00029e20    00000010     game.obj (.const)

.text      0    00029e30    00003b68     
                  00029e30    00000fb8     game.obj (.text)
                  0002ade8    00000ec0     rtsv7M4_T_le_v4SPD16_eabi.lib : _printfi.obj (.text)
                  0002bca8    000008f0     LCD.obj (.text)
                  0002c598    00000280     interrupts.obj (.text)
                  0002c818    000001f4     rtsv7M4_T_le_v4SPD16_eabi.lib : ull_div_t2.obj (.text)
                  0002ca0c    000001b6                                   : fd_add_t2.obj (.text)
                  0002cbc2    00000002     --HOLE-- [fill = 0]
                  0002cbc4    00000148                                   : sqrt.obj (.text)
                  0002cd0c    00000136                                   : fd_div_t2.obj (.text)
                  0002ce42    00000002     --HOLE-- [fill = 0]
                  0002ce44    00000110                                   : xdscale.obj (.text)
                  0002cf54    000000fc                                   : fd_mul_t2.obj (.text)
                  0002d050    000000c4                                   : xdnorm.obj (.text)
                  0002d114    0000009c                                   : memcpy_t2.obj (.text)
                  0002d1b0    00000094                                   : auto_init.obj (.text)
                  0002d244    00000086                                   : fd_cmp_t2.obj (.text:__aeabi_cdcmple)
                  0002d2ca    00000086                                   : fd_cmp_t2.obj (.text:__aeabi_cdrcmple)
                  0002d350    00000078                                   : memset_t2.obj (.text)
                  0002d3c8    00000064                                   : xdunscal.obj (.text)
                  0002d42c    00000060                                   : sprintf.obj (.text)
                  0002d48c    0000005e                                   : copy_decompress_rle.obj (.text)
                  0002d4ea    0000005a                                   : ltoa.obj (.text)
                  0002d544    0000004c                                   : atoi.obj (.text)
                  0002d590    0000004c                                   : rand.obj (.text)
                  0002d5dc    00000048                                   : boot.obj (.text)
                  0002d624    00000048                                   : fd_toi_t2.obj (.text)
                  0002d66c    00000044     main.obj (.text)
                  0002d6b0    00000044     rtsv7M4_T_le_v4SPD16_eabi.lib : cpy_tbl.obj (.text)
                  0002d6f4    00000044                                   : exit.obj (.text)
                  0002d738    00000044                                   : fd_tou_t2.obj (.text)
                  0002d77c    00000044                                   : xdtest.obj (.text)
                  0002d7c0    00000040                                   : signal.obj (.text)
                  0002d800    00000034                                   : feraiseexcept.obj (.text)
                  0002d834    00000030                                   : xferaise.obj (.text)
                  0002d864    0000002e                                   : i_tofd_t2.obj (.text)
                  0002d892    0000002e                                   : raise.obj (.text)
                  0002d8c0    00000020                                   : u_tofd_t2.obj (.text)
                  0002d8e0    0000001c                                   : memccpy.obj (.text)
                  0002d8fc    00000018                                   : args_main.obj (.text)
                  0002d914    00000018                                   : ll_mul_t2.obj (.text)
                  0002d92c    00000014                                   : _lock.obj (.text)
                  0002d940    00000014                                   : strlen.obj (.text)
                  0002d954    00000012                                   : copy_zero_init.obj (.text:decompress:ZI)
                  0002d966    00000012                                   : xdclass.obj (.text)
                  0002d978    0000000e                                   : copy_decompress_none.obj (.text:decompress:none)
                  0002d986    0000000c     tm4c123gh6pm_startup_ccs.obj (.text)
                  0002d992    00000006     rtsv7M4_T_le_v4SPD16_eabi.lib : copy_decompress_rle.obj (.text:decompress:rle24)

.cinit     0    0002d998    00000330     
                  0002d998    00000309     (.cinit..data.load) [load image, compression = rle]
                  0002dca1    00000003     --HOLE-- [fill = 0]
                  0002dca4    0000000c     (__TI_handler_table)
                  0002dcb0    00000008     (.cinit..bss.load) [load image, compression = zero_init]
                  0002dcb8    00000010     (__TI_cinit_table)

.data      0    20000000    00000555     UNINITIALIZED
                  20000000    00000400     game.obj (.data:font8x8_basic)
                  20000400    000000b0     rtsv7M4_T_le_v4SPD16_eabi.lib : signal.obj (.data:sigtable)
                  200004b0    00000080                                   : xvalues.obj (.data)
                  20000530    00000008                                   : _lock.obj (.data)
                  20000538    00000008                                   : exit.obj (.data)
                  20000540    00000008                                   : feraiseexcept.obj (.data)
                  20000548    00000004                                   : errno.obj (.data)
                  2000054c    00000004                                   : rand.obj (.data)
                  20000550    00000004                                   : stkdepth_vars.obj (.data)
                  20000554    00000001     game.obj (.data)

.stack     0    20000558    00000200     UNINITIALIZED
                  20000558    00000200     --HOLE--

.bss       0    20000758    00000106     UNINITIALIZED
                  20000758    00000054     game.obj (.bss:Laser)
                  200007ac    00000048     game.obj (.bss:Explosion)
                  200007f4    00000038     game.obj (.bss:Asteroid)
                  2000082c    0000001c     (.common:Player)
                  20000848    0000000c     (.common:buffer)
                  20000854    00000004     (.common:TimerCount)
                  20000858    00000004     (.common:sliderPosition)
                  2000085c    00000001     (.common:explosionCounter)
                  2000085d    00000001     (.common:semaphore)


LINKER GENERATED COPY TABLES

__TI_cinit_table @ 0002dcb8 records: 2, size/record: 8, table size: 16
	.data: load addr=0002d998, load size=00000309 bytes, run addr=20000000, run size=00000555 bytes, compression=rle
	.bss: load addr=0002dcb0, load size=00000008 bytes, run addr=20000758, run size=00000106 bytes, compression=zero_init


LINKER GENERATED HANDLER TABLE

__TI_handler_table @ 0002dca4 records: 3, size/record: 4, table size: 12
	index: 0, handler: __TI_decompress_rle24
	index: 1, handler: __TI_decompress_none
	index: 2, handler: __TI_zero_init


GLOBAL SYMBOLS: SORTED ALPHABETICALLY BY Name 

address    name
--------   ----
0002c515   ADC0
200007f4   Asteroid
0002d6f5   C$$EXIT
200007ac   Explosion
0002ac73   GPIOPortA_Handler
0002acb7   GPIOPortE_Handler
20000554   Index
0002c219   Init_Analog
00029e6d   Init_Explosions
0002c599   Init_Interrupt
0002befd   Init_LCD
0002bd01   Init_PLL
00029e31   Init_Player
0002bd67   Init_Port
0002c1b5   Init_SSI0
0002c709   Init_Sound
00029fed   Init_StartScreen
0002bca9   Init_SysTick
0002c61d   Init_Timer0A
0002c693   Init_Timer1A
20000758   Laser
2000082c   Player
0002d987   ResetISR
UNDEFED    SHT$$INIT_ARRAY$$Base
UNDEFED    SHT$$INIT_ARRAY$$Limit
00029dd8   SineWave
0002ad7b   Sound_Handler
0002c779   Sound_Start
0002c76d   Sound_Stop
0002ad27   Timer0A_Handler
0002c687   Timer0A_Start
0002c67b   Timer0A_Stop
0002ad6b   Timer1A_Handler
0002c6fd   Timer1A_Start
0002c6f1   Timer1A_Stop
20000854   TimerCount
0002bcb7   Wait_SysTick
0002d967   _Dclass
200004b0   _Denorm
0002d051   _Dnorm
0002ce45   _Dscale
0002d77d   _Dtest
0002d3c9   _Dunscale
200004c0   _Eps
20000548   _Errno
20000540   _Fenv
0002d835   _Feraise
200004d0   _Hugeval
200004e0   _Inf
200004f0   _Nan
20000510   _Rteps
20000500   _Snan
20000544   _Tls_setup__Fenv
20000520   _Xbig
20000528   _Zero
20000758   __STACK_END
00000200   __STACK_SIZE
20000758   __STACK_TOP
0002dcb8   __TI_CINIT_Base
0002dcc8   __TI_CINIT_Limit
0002dca4   __TI_Handler_Table_Base
0002dcb0   __TI_Handler_Table_Limit
00000001   __TI_args_main
0002d1b1   __TI_auto_init
20000538   __TI_cleanup_ptr
0002d979   __TI_decompress_none
0002d993   __TI_decompress_rle24
2000053c   __TI_dtors_ptr
0002b99f   __TI_printfi
00000000   __TI_static_base__
0002d955   __TI_zero_init
0002d245   __aeabi_cdcmpeq
0002d245   __aeabi_cdcmple
0002d2cb   __aeabi_cdrcmple
0002d625   __aeabi_d2iz
0002d739   __aeabi_d2uiz
0002ca17   __aeabi_dadd
0002cd0d   __aeabi_ddiv
0002cf55   __aeabi_dmul
0002ca0d   __aeabi_dsub
0002d865   __aeabi_i2d
0002d915   __aeabi_lmul
0002d351   __aeabi_memclr
0002d351   __aeabi_memclr4
0002d351   __aeabi_memclr8
0002d115   __aeabi_memcpy
0002d115   __aeabi_memcpy4
0002d115   __aeabi_memcpy8
0002d353   __aeabi_memset
0002d353   __aeabi_memset4
0002d353   __aeabi_memset8
0002d8c1   __aeabi_ui2d
0002c819   __aeabi_uldivmod
ffffffff   __binit__
ffffffff   __c_args__
20000558   __stack
0002d8fd   _args_main
0002d5dd   _c_int00
00029cd4   _ctypes_
20000530   _lock
0002d93b   _nop
0002d933   _register_lock
0002d92d   _register_unlock
20000534   _unlock
0002d6f9   abort
0002a55d   addAsteroidMedium
0002a881   addLaser
00025a6c   asteroidm
0002d545   atoi
ffffffff   binit
20000848   buffer
0002c419   clearArea
0002c3db   clearLCD
0002a63d   collision
0002d6b1   copy_in
0002bcd7   delayMS
0002a531   deleteAsteroid
0002a24d   deployAsteroid
0002d701   exit
0002975c   explosion1
0002817c   explosion2
00026df4   explosion3
2000085c   explosionCounter
0002d801   feraiseexcept
20000000   font8x8_basic
00000000   g_pfnVectors
0002a02b   getCenter
0002a21d   getPlayerPosition
0002c489   getX
0002c4cf   getY
00029a7c   laserbeam
00029f1d   loopGame
0002d4eb   ltoa
0002d66d   main
20000550   main_func_sp
0002d8e1   memccpy
0002d115   memcpy
0002d359   memset
0002a3e9   moveAsteroid
0002a9cd   moveLaser
0002a1ad   playerControl
0002a069   printBMP
0002a0a9   printBMP2
0002d893   raise
0002d5a7   rand
0002ab29   randomValue
2000085d   semaphore
0002c391   setAddress
0002c371   setCursor
0002d7c1   signal
20000858   sliderPosition
00028dfc   spaceshipImage
0002d42d   sprintf
0002cbc5   sqrt
0002d591   srand
0000026c   startImage
0002d941   strlen
0002abe5   writeCharacter
0002c285   writeCmd
0002c2f1   writeData
0002c355   writeReg
0002ab5d   writeString


GLOBAL SYMBOLS: SORTED BY Symbol Address 

address    name
--------   ----
00000000   __TI_static_base__
00000000   g_pfnVectors
00000001   __TI_args_main
00000200   __STACK_SIZE
0000026c   startImage
00025a6c   asteroidm
00026df4   explosion3
0002817c   explosion2
00028dfc   spaceshipImage
0002975c   explosion1
00029a7c   laserbeam
00029cd4   _ctypes_
00029dd8   SineWave
00029e31   Init_Player
00029e6d   Init_Explosions
00029f1d   loopGame
00029fed   Init_StartScreen
0002a02b   getCenter
0002a069   printBMP
0002a0a9   printBMP2
0002a1ad   playerControl
0002a21d   getPlayerPosition
0002a24d   deployAsteroid
0002a3e9   moveAsteroid
0002a531   deleteAsteroid
0002a55d   addAsteroidMedium
0002a63d   collision
0002a881   addLaser
0002a9cd   moveLaser
0002ab29   randomValue
0002ab5d   writeString
0002abe5   writeCharacter
0002ac73   GPIOPortA_Handler
0002acb7   GPIOPortE_Handler
0002ad27   Timer0A_Handler
0002ad6b   Timer1A_Handler
0002ad7b   Sound_Handler
0002b99f   __TI_printfi
0002bca9   Init_SysTick
0002bcb7   Wait_SysTick
0002bcd7   delayMS
0002bd01   Init_PLL
0002bd67   Init_Port
0002befd   Init_LCD
0002c1b5   Init_SSI0
0002c219   Init_Analog
0002c285   writeCmd
0002c2f1   writeData
0002c355   writeReg
0002c371   setCursor
0002c391   setAddress
0002c3db   clearLCD
0002c419   clearArea
0002c489   getX
0002c4cf   getY
0002c515   ADC0
0002c599   Init_Interrupt
0002c61d   Init_Timer0A
0002c67b   Timer0A_Stop
0002c687   Timer0A_Start
0002c693   Init_Timer1A
0002c6f1   Timer1A_Stop
0002c6fd   Timer1A_Start
0002c709   Init_Sound
0002c76d   Sound_Stop
0002c779   Sound_Start
0002c819   __aeabi_uldivmod
0002ca0d   __aeabi_dsub
0002ca17   __aeabi_dadd
0002cbc5   sqrt
0002cd0d   __aeabi_ddiv
0002ce45   _Dscale
0002cf55   __aeabi_dmul
0002d051   _Dnorm
0002d115   __aeabi_memcpy
0002d115   __aeabi_memcpy4
0002d115   __aeabi_memcpy8
0002d115   memcpy
0002d1b1   __TI_auto_init
0002d245   __aeabi_cdcmpeq
0002d245   __aeabi_cdcmple
0002d2cb   __aeabi_cdrcmple
0002d351   __aeabi_memclr
0002d351   __aeabi_memclr4
0002d351   __aeabi_memclr8
0002d353   __aeabi_memset
0002d353   __aeabi_memset4
0002d353   __aeabi_memset8
0002d359   memset
0002d3c9   _Dunscale
0002d42d   sprintf
0002d4eb   ltoa
0002d545   atoi
0002d591   srand
0002d5a7   rand
0002d5dd   _c_int00
0002d625   __aeabi_d2iz
0002d66d   main
0002d6b1   copy_in
0002d6f5   C$$EXIT
0002d6f9   abort
0002d701   exit
0002d739   __aeabi_d2uiz
0002d77d   _Dtest
0002d7c1   signal
0002d801   feraiseexcept
0002d835   _Feraise
0002d865   __aeabi_i2d
0002d893   raise
0002d8c1   __aeabi_ui2d
0002d8e1   memccpy
0002d8fd   _args_main
0002d915   __aeabi_lmul
0002d92d   _register_unlock
0002d933   _register_lock
0002d93b   _nop
0002d941   strlen
0002d955   __TI_zero_init
0002d967   _Dclass
0002d979   __TI_decompress_none
0002d987   ResetISR
0002d993   __TI_decompress_rle24
0002dca4   __TI_Handler_Table_Base
0002dcb0   __TI_Handler_Table_Limit
0002dcb8   __TI_CINIT_Base
0002dcc8   __TI_CINIT_Limit
20000000   font8x8_basic
200004b0   _Denorm
200004c0   _Eps
200004d0   _Hugeval
200004e0   _Inf
200004f0   _Nan
20000500   _Snan
20000510   _Rteps
20000520   _Xbig
20000528   _Zero
20000530   _lock
20000534   _unlock
20000538   __TI_cleanup_ptr
2000053c   __TI_dtors_ptr
20000540   _Fenv
20000544   _Tls_setup__Fenv
20000548   _Errno
20000550   main_func_sp
20000554   Index
20000558   __stack
20000758   Laser
20000758   __STACK_END
20000758   __STACK_TOP
200007ac   Explosion
200007f4   Asteroid
2000082c   Player
20000848   buffer
20000854   TimerCount
20000858   sliderPosition
2000085c   explosionCounter
2000085d   semaphore
ffffffff   __binit__
ffffffff   __c_args__
ffffffff   binit
UNDEFED    SHT$$INIT_ARRAY$$Base
UNDEFED    SHT$$INIT_ARRAY$$Limit

[162 symbols]
