******************************************************************************
                  TI ARM Linker PC v5.1.6                      
******************************************************************************
>> Linked Thu Jul 24 02:52:29 2014

OUTPUT FILE NAME:   <Astroidz2.out>
ENTRY POINT SYMBOL: "_c_int00"  address: 0000cd6d


MEMORY CONFIGURATION

         name            origin    length      used     unused   attr    fill
----------------------  --------  ---------  --------  --------  ----  --------
  FLASH                 00000000   00040000  0000d154  00032eac  R  X
  SRAM                  20000000   00008000  0000079a  00007866  RW X


SEGMENT ALLOCATION MAP

run origin  load origin   length   init length attrs members
----------  ----------- ---------- ----------- ----- -------
00000000    00000000    0000d158   0000d158    r-x
  00000000    00000000    0000026c   0000026c    r-- .intvecs
  0000026c    0000026c    000087f8   000087f8    r-- .const
  00008a64    00008a64    00004680   00004680    r-x .text
  0000d0e8    0000d0e8    00000070   00000070    r-- .cinit
20000000    20000000    000007a0   00000000    rw-
  20000000    20000000    00000400   00000000    rw- .stack
  20000400    20000400    00000242   00000000    rw- .bss
  20000648    20000648    00000158   00000000    rw- .data


SECTION ALLOCATION MAP

 output                                  attributes/
section   page    origin      length       input sections
--------  ----  ----------  ----------   ----------------
.intvecs   0    00000000    0000026c     
                  00000000    0000026c     tm4c123gh6pm_startup_ccs.obj (.intvecs)

.init_array 
*          0    00000000    00000000     UNINITIALIZED

.const     0    0000026c    000087f8     
                  0000026c    00001388     game.obj (.const:explosionImage0)
                  000015f4    00001388     game.obj (.const:explosionImage1)
                  0000297c    00001388     game.obj (.const:explosionImage2)
                  00003d04    00001388     game.obj (.const:explosionImage3)
                  0000508c    00000ac0     game.obj (.const:invulnerable_spaceship)
                  00005b4c    00000ac0     game.obj (.const:spaceshipImage)
                  0000660c    00000ac0     game.obj (.const:spaceship_item_acquired)
                  000070cc    00000960     game.obj (.const:alienshipImg)
                  00007a2c    00000708     game.obj (.const:powerupImage)
                  00008134    00000400     game.obj (.const:font8x8_basic)
                  00008534    00000320     game.obj (.const:asteroidm)
                  00008854    00000102     rtsv7M4_T_le_v4SPD16_eabi.lib : ctype.obj (.const:.string:_ctypes_)
                  00008956    000000aa     game.obj (.const:laserbeam)
                  00008a00    00000054     game.obj (.const:.string)
                  00008a54    00000010     game.obj (.const)

.text      0    00008a64    00004680     
                  00008a64    00001710     game.obj (.text)
                  0000a174    00000ec0     rtsv7M4_T_le_v4SPD16_eabi.lib : _printfi.obj (.text)
                  0000b034    000006dc     driver.obj (.text)
                  0000b710    00000550     LCD.obj (.text)
                  0000bc60    00000280     interrupts.obj (.text)
                  0000bee0    000001f4     rtsv7M4_T_le_v4SPD16_eabi.lib : ull_div_t2.obj (.text)
                  0000c0d4    000001b6                                   : fd_add_t2.obj (.text)
                  0000c28a    00000002     --HOLE-- [fill = 0]
                  0000c28c    00000148                                   : sqrt.obj (.text)
                  0000c3d4    00000136                                   : fd_div_t2.obj (.text)
                  0000c50a    00000002     --HOLE-- [fill = 0]
                  0000c50c    00000110                                   : xdscale.obj (.text)
                  0000c61c    000000fc                                   : fd_mul_t2.obj (.text)
                  0000c718    000000c8     main.obj (.text)
                  0000c7e0    000000c4     rtsv7M4_T_le_v4SPD16_eabi.lib : xdnorm.obj (.text)
                  0000c8a4    0000009c                                   : memcpy_t2.obj (.text)
                  0000c940    00000094                                   : auto_init.obj (.text)
                  0000c9d4    00000086                                   : fd_cmp_t2.obj (.text:__aeabi_cdcmple)
                  0000ca5a    00000086                                   : fd_cmp_t2.obj (.text:__aeabi_cdrcmple)
                  0000cae0    00000078                                   : memset_t2.obj (.text)
                  0000cb58    00000064                                   : xdunscal.obj (.text)
                  0000cbbc    00000060                                   : sprintf.obj (.text)
                  0000cc1c    0000005e                                   : copy_decompress_rle.obj (.text)
                  0000cc7a    0000005a                                   : ltoa.obj (.text)
                  0000ccd4    0000004c                                   : atoi.obj (.text)
                  0000cd20    0000004c                                   : rand.obj (.text)
                  0000cd6c    00000048                                   : boot.obj (.text)
                  0000cdb4    00000048                                   : fd_toi_t2.obj (.text)
                  0000cdfc    00000044                                   : cpy_tbl.obj (.text)
                  0000ce40    00000044                                   : exit.obj (.text)
                  0000ce84    00000044                                   : fd_tou_t2.obj (.text)
                  0000cec8    00000044                                   : xdtest.obj (.text)
                  0000cf0c    00000040                                   : signal.obj (.text)
                  0000cf4c    00000034                                   : feraiseexcept.obj (.text)
                  0000cf80    00000030                                   : xferaise.obj (.text)
                  0000cfb0    0000002e                                   : i_tofd_t2.obj (.text)
                  0000cfde    0000002e                                   : raise.obj (.text)
                  0000d00c    00000020                                   : u_tofd_t2.obj (.text)
                  0000d02c    0000001c                                   : memccpy.obj (.text)
                  0000d048    00000018                                   : args_main.obj (.text)
                  0000d060    00000018                                   : ll_mul_t2.obj (.text)
                  0000d078    00000014                                   : _lock.obj (.text)
                  0000d08c    00000014                                   : strlen.obj (.text)
                  0000d0a0    00000012                                   : copy_zero_init.obj (.text:decompress:ZI)
                  0000d0b2    00000012                                   : xdclass.obj (.text)
                  0000d0c4    0000000e                                   : copy_decompress_none.obj (.text:decompress:none)
                  0000d0d2    0000000c     tm4c123gh6pm_startup_ccs.obj (.text)
                  0000d0de    00000006     rtsv7M4_T_le_v4SPD16_eabi.lib : copy_decompress_rle.obj (.text:decompress:rle24)

.cinit     0    0000d0e8    00000070     
                  0000d0e8    0000004b     (.cinit..data.load) [load image, compression = rle]
                  0000d133    00000001     --HOLE-- [fill = 0]
                  0000d134    0000000c     (__TI_handler_table)
                  0000d140    00000008     (.cinit..bss.load) [load image, compression = zero_init]
                  0000d148    00000010     (__TI_cinit_table)

.stack     0    20000000    00000400     UNINITIALIZED
                  20000000    00000400     --HOLE--

.bss       0    20000400    00000242     UNINITIALIZED
                  20000400    000000a8     game.obj (.bss:asteroid)
                  200004a8    000000a8     game.obj (.bss:laser)
                  20000550    00000060     game.obj (.bss:explosion)
                  200005b0    00000038     game.obj (.bss:alien)
                  200005e8    00000030     game.obj (.bss:powerup)
                  20000618    0000001c     (.common:player)
                  20000634    00000004     (.common:TimerCount)
                  20000638    00000004     (.common:testvaluex)
                  2000063c    00000004     (.common:testvaluey)
                  20000640    00000001     (.common:Index)
                  20000641    00000001     (.common:start)

.data      0    20000648    00000158     UNINITIALIZED
                  20000648    000000b0     rtsv7M4_T_le_v4SPD16_eabi.lib : signal.obj (.data:sigtable)
                  200006f8    00000080                                   : xvalues.obj (.data)
                  20000778    00000008                                   : _lock.obj (.data)
                  20000780    00000008                                   : exit.obj (.data)
                  20000788    00000008                                   : feraiseexcept.obj (.data)
                  20000790    00000004     game.obj (.data)
                  20000794    00000004     rtsv7M4_T_le_v4SPD16_eabi.lib : errno.obj (.data)
                  20000798    00000004                                   : rand.obj (.data)
                  2000079c    00000004                                   : stkdepth_vars.obj (.data)


LINKER GENERATED COPY TABLES

__TI_cinit_table @ 0000d148 records: 2, size/record: 8, table size: 16
	.data: load addr=0000d0e8, load size=0000004b bytes, run addr=20000648, run size=00000158 bytes, compression=rle
	.bss: load addr=0000d140, load size=00000008 bytes, run addr=20000400, run size=00000242 bytes, compression=zero_init


LINKER GENERATED HANDLER TABLE

__TI_handler_table @ 0000d134 records: 3, size/record: 4, table size: 12
	index: 0, handler: __TI_decompress_rle24
	index: 1, handler: __TI_decompress_none
	index: 2, handler: __TI_zero_init


GLOBAL SYMBOLS: SORTED ALPHABETICALLY BY Name 

address    name
--------   ----
0000b2ff   ADC0
0000b327   ADC1
00009d43   Asteroid_Handler
0000bd4f   Asteroid_Start
0000bd43   Asteroid_Stop
0000ce41   C$$EXIT
00009d83   Distance_Handler
0000bdc5   Distance_Start
0000bdb9   Distance_Stop
00009ced   GPIOPortA_Handler
20000640   Index
00008ac9   Init_Alien
0000b277   Init_Analog
0000b585   Init_DMA
0000b34f   Init_EEPROM
00008b85   Init_Explosions
0000bc61   Init_Interrupt
0000b711   Init_LCD
0000b08d   Init_PLL
00008a65   Init_Player
0000b0f3   Init_Port
00008c37   Init_PowerUp
0000b24d   Init_SSI0
0000bdd1   Init_Sound
00008ca7   Init_StartScreen
0000b035   Init_SysTick
0000bce5   Init_Timer0A
0000bd5b   Init_Timer1A
0000d0d3   ResetISR
UNDEFED    SHT$$INIT_ARRAY$$Base
UNDEFED    SHT$$INIT_ARRAY$$Limit
0000b549   Set_DMA_Base_Address
00008a00   SineWave
00009da3   Sound_Handler
0000be41   Sound_Start
0000be35   Sound_Stop
20000634   TimerCount
00009d29   Touchscreen_Handler
0000b043   Wait_SysTick
0000d0b3   _Dclass
200006f8   _Denorm
0000c7e1   _Dnorm
0000c50d   _Dscale
0000cec9   _Dtest
0000cb59   _Dunscale
20000708   _Eps
20000794   _Errno
20000788   _Fenv
0000cf81   _Feraise
20000718   _Hugeval
20000728   _Inf
20000738   _Nan
20000758   _Rteps
20000748   _Snan
2000078c   _Tls_setup__Fenv
20000768   _Xbig
20000770   _Zero
20000400   __STACK_END
00000400   __STACK_SIZE
20000200   __STACK_TOP
0000d148   __TI_CINIT_Base
0000d158   __TI_CINIT_Limit
0000d134   __TI_Handler_Table_Base
0000d140   __TI_Handler_Table_Limit
00000001   __TI_args_main
0000c941   __TI_auto_init
20000780   __TI_cleanup_ptr
0000d0c5   __TI_decompress_none
0000d0df   __TI_decompress_rle24
20000784   __TI_dtors_ptr
0000ad2b   __TI_printfi
00000000   __TI_static_base__
0000d0a1   __TI_zero_init
0000c9d5   __aeabi_cdcmpeq
0000c9d5   __aeabi_cdcmple
0000ca5b   __aeabi_cdrcmple
0000cdb5   __aeabi_d2iz
0000ce85   __aeabi_d2uiz
0000c0df   __aeabi_dadd
0000c3d5   __aeabi_ddiv
0000c61d   __aeabi_dmul
0000c0d5   __aeabi_dsub
0000cfb1   __aeabi_i2d
0000d061   __aeabi_lmul
0000cae1   __aeabi_memclr
0000cae1   __aeabi_memclr4
0000cae1   __aeabi_memclr8
0000c8a5   __aeabi_memcpy
0000c8a5   __aeabi_memcpy4
0000c8a5   __aeabi_memcpy8
0000cae3   __aeabi_memset
0000cae3   __aeabi_memset4
0000cae3   __aeabi_memset8
0000d00d   __aeabi_ui2d
0000bee1   __aeabi_uldivmod
ffffffff   __binit__
ffffffff   __c_args__
20000000   __stack
0000d049   _args_main
0000cd6d   _c_int00
00008854   _ctypes_
20000778   _lock
0000d087   _nop
0000d07f   _register_lock
0000d079   _register_unlock
2000077c   _unlock
0000ce45   abort
00009405   addAsteroidMedium
00009839   addLaser
200005b0   alien
000070cc   alienshipImg
20000400   asteroid
00008534   asteroidm
0000ccd5   atoi
ffffffff   binit
0000b3ad   check_eeprom_done
0000b45d   check_flash_done
0000bb4b   clearArea
0000bb0d   clearLCD
000095fd   collision
0000b605   config_DMA_channel
0000cdfd   copy_in
0000b063   delayMS
000093d9   deleteAsteroid
000090e9   deployAsteroid
0000970d   detectPlayerCollision
00009b29   displayCountDown
00008d05   displayEndScreen
000094f5   displayExplosionAnimation
0000b42d   erase_eeprom
0000ce4d   exit
20000550   explosion
0000026c   explosionImage0
000015f4   explosionImage1
0000297c   explosionImage2
00003d04   explosionImage3
0000cf4d   feraiseexcept
00008134   font8x8_basic
00000000   g_pfnVectors
00008de5   getCenter
000090c7   getPlayerPosition
0000bbbb   getX
0000bc01   getY
0000508c   invulnerable_spaceship
200004a8   laser
00008956   laserbeam
00009805   loopEndGame
0000cc7b   ltoa
0000c719   main
2000079c   main_func_sp
0000d02d   memccpy
0000c8a5   memcpy
0000cae9   memset
0000927d   moveAsteroid
00009985   moveLaser
0000a065   movePowerUp
00009ae9   playSound
20000618   player
00008f59   playerControl
200005e8   powerup
00007a2c   powerupImage
00008e31   printBMP
00008e9d   printBMP2
0000cfdf   raise
0000cd37   rand
00009bd1   randomValue
0000b3fd   read_eeprom
00008dc5   read_highscore
20000792   reset
00009ddd   resetGame
0000ba89   setCursor
0000baa9   setWindow
0000cf0d   signal
00005b4c   spaceshipImage
0000660c   spaceship_item_acquired
00009f75   spawnPowerUp
0000cbbd   sprintf
0000c28d   sqrt
0000cd21   srand
20000641   start
0000b691   start_DMA_transfer
0000d08d   strlen
20000638   testvaluex
2000063c   testvaluey
00009c5f   writeCharacter
0000b9b5   writeCmd
0000ba11   writeData
0000ba6d   writeReg
00009c0d   writeString
0000b3c9   write_eeprom
0000b49d   write_flash
0000b4fd   write_flash_buffer
00008db5   write_highscore


GLOBAL SYMBOLS: SORTED BY Symbol Address 

address    name
--------   ----
00000000   __TI_static_base__
00000000   g_pfnVectors
00000001   __TI_args_main
0000026c   explosionImage0
00000400   __STACK_SIZE
000015f4   explosionImage1
0000297c   explosionImage2
00003d04   explosionImage3
0000508c   invulnerable_spaceship
00005b4c   spaceshipImage
0000660c   spaceship_item_acquired
000070cc   alienshipImg
00007a2c   powerupImage
00008134   font8x8_basic
00008534   asteroidm
00008854   _ctypes_
00008956   laserbeam
00008a00   SineWave
00008a65   Init_Player
00008ac9   Init_Alien
00008b85   Init_Explosions
00008c37   Init_PowerUp
00008ca7   Init_StartScreen
00008d05   displayEndScreen
00008db5   write_highscore
00008dc5   read_highscore
00008de5   getCenter
00008e31   printBMP
00008e9d   printBMP2
00008f59   playerControl
000090c7   getPlayerPosition
000090e9   deployAsteroid
0000927d   moveAsteroid
000093d9   deleteAsteroid
00009405   addAsteroidMedium
000094f5   displayExplosionAnimation
000095fd   collision
0000970d   detectPlayerCollision
00009805   loopEndGame
00009839   addLaser
00009985   moveLaser
00009ae9   playSound
00009b29   displayCountDown
00009bd1   randomValue
00009c0d   writeString
00009c5f   writeCharacter
00009ced   GPIOPortA_Handler
00009d29   Touchscreen_Handler
00009d43   Asteroid_Handler
00009d83   Distance_Handler
00009da3   Sound_Handler
00009ddd   resetGame
00009f75   spawnPowerUp
0000a065   movePowerUp
0000ad2b   __TI_printfi
0000b035   Init_SysTick
0000b043   Wait_SysTick
0000b063   delayMS
0000b08d   Init_PLL
0000b0f3   Init_Port
0000b24d   Init_SSI0
0000b277   Init_Analog
0000b2ff   ADC0
0000b327   ADC1
0000b34f   Init_EEPROM
0000b3ad   check_eeprom_done
0000b3c9   write_eeprom
0000b3fd   read_eeprom
0000b42d   erase_eeprom
0000b45d   check_flash_done
0000b49d   write_flash
0000b4fd   write_flash_buffer
0000b549   Set_DMA_Base_Address
0000b585   Init_DMA
0000b605   config_DMA_channel
0000b691   start_DMA_transfer
0000b711   Init_LCD
0000b9b5   writeCmd
0000ba11   writeData
0000ba6d   writeReg
0000ba89   setCursor
0000baa9   setWindow
0000bb0d   clearLCD
0000bb4b   clearArea
0000bbbb   getX
0000bc01   getY
0000bc61   Init_Interrupt
0000bce5   Init_Timer0A
0000bd43   Asteroid_Stop
0000bd4f   Asteroid_Start
0000bd5b   Init_Timer1A
0000bdb9   Distance_Stop
0000bdc5   Distance_Start
0000bdd1   Init_Sound
0000be35   Sound_Stop
0000be41   Sound_Start
0000bee1   __aeabi_uldivmod
0000c0d5   __aeabi_dsub
0000c0df   __aeabi_dadd
0000c28d   sqrt
0000c3d5   __aeabi_ddiv
0000c50d   _Dscale
0000c61d   __aeabi_dmul
0000c719   main
0000c7e1   _Dnorm
0000c8a5   __aeabi_memcpy
0000c8a5   __aeabi_memcpy4
0000c8a5   __aeabi_memcpy8
0000c8a5   memcpy
0000c941   __TI_auto_init
0000c9d5   __aeabi_cdcmpeq
0000c9d5   __aeabi_cdcmple
0000ca5b   __aeabi_cdrcmple
0000cae1   __aeabi_memclr
0000cae1   __aeabi_memclr4
0000cae1   __aeabi_memclr8
0000cae3   __aeabi_memset
0000cae3   __aeabi_memset4
0000cae3   __aeabi_memset8
0000cae9   memset
0000cb59   _Dunscale
0000cbbd   sprintf
0000cc7b   ltoa
0000ccd5   atoi
0000cd21   srand
0000cd37   rand
0000cd6d   _c_int00
0000cdb5   __aeabi_d2iz
0000cdfd   copy_in
0000ce41   C$$EXIT
0000ce45   abort
0000ce4d   exit
0000ce85   __aeabi_d2uiz
0000cec9   _Dtest
0000cf0d   signal
0000cf4d   feraiseexcept
0000cf81   _Feraise
0000cfb1   __aeabi_i2d
0000cfdf   raise
0000d00d   __aeabi_ui2d
0000d02d   memccpy
0000d049   _args_main
0000d061   __aeabi_lmul
0000d079   _register_unlock
0000d07f   _register_lock
0000d087   _nop
0000d08d   strlen
0000d0a1   __TI_zero_init
0000d0b3   _Dclass
0000d0c5   __TI_decompress_none
0000d0d3   ResetISR
0000d0df   __TI_decompress_rle24
0000d134   __TI_Handler_Table_Base
0000d140   __TI_Handler_Table_Limit
0000d148   __TI_CINIT_Base
0000d158   __TI_CINIT_Limit
20000000   __stack
20000200   __STACK_TOP
20000400   __STACK_END
20000400   asteroid
200004a8   laser
20000550   explosion
200005b0   alien
200005e8   powerup
20000618   player
20000634   TimerCount
20000638   testvaluex
2000063c   testvaluey
20000640   Index
20000641   start
200006f8   _Denorm
20000708   _Eps
20000718   _Hugeval
20000728   _Inf
20000738   _Nan
20000748   _Snan
20000758   _Rteps
20000768   _Xbig
20000770   _Zero
20000778   _lock
2000077c   _unlock
20000780   __TI_cleanup_ptr
20000784   __TI_dtors_ptr
20000788   _Fenv
2000078c   _Tls_setup__Fenv
20000792   reset
20000794   _Errno
2000079c   main_func_sp
ffffffff   __binit__
ffffffff   __c_args__
ffffffff   binit
UNDEFED    SHT$$INIT_ARRAY$$Base
UNDEFED    SHT$$INIT_ARRAY$$Limit

[193 symbols]
