<?xml version="1.0"?>
<link_info>
   <banner>TI ARM Linker PC v5.1.6</banner>
   <copyright>Copyright (c) 1996-2014 Texas Instruments Incorporated</copyright>
   <link_time>0x53d1fe68</link_time>
   <link_errors>0x0</link_errors>
   <output_file>Astroidz.out</output_file>
   <entry_point>
      <name>_c_int00</name>
      <address>0xda05</address>
   </entry_point>
   <input_file_list>
      <input_file id="fl-2">
         <path>.\</path>
         <kind>object</kind>
         <file>tm4c123gh6pm_startup_ccs.obj</file>
         <name>tm4c123gh6pm_startup_ccs.obj</name>
      </input_file>
      <input_file id="fl-3">
         <path>.\</path>
         <kind>object</kind>
         <file>main.obj</file>
         <name>main.obj</name>
      </input_file>
      <input_file id="fl-4">
         <path>.\</path>
         <kind>object</kind>
         <file>interrupts.obj</file>
         <name>interrupts.obj</name>
      </input_file>
      <input_file id="fl-5">
         <path>.\</path>
         <kind>object</kind>
         <file>game.obj</file>
         <name>game.obj</name>
      </input_file>
      <input_file id="fl-6">
         <path>.\</path>
         <kind>object</kind>
         <file>driver.obj</file>
         <name>driver.obj</name>
      </input_file>
      <input_file id="fl-7">
         <path>.\</path>
         <kind>object</kind>
         <file>LCD.obj</file>
         <name>LCD.obj</name>
      </input_file>
      <input_file id="fl-134">
         <path>c:\ti\ccsv6\tools\compiler\arm_5.1.6\lib\</path>
         <kind>archive</kind>
         <file>rtsv7M4_T_le_v4SPD16_eabi.lib</file>
         <name>boot.obj</name>
      </input_file>
      <input_file id="fl-135">
         <path>c:\ti\ccsv6\tools\compiler\arm_5.1.6\lib\</path>
         <kind>archive</kind>
         <file>rtsv7M4_T_le_v4SPD16_eabi.lib</file>
         <name>copy_decompress_none.obj</name>
      </input_file>
      <input_file id="fl-136">
         <path>c:\ti\ccsv6\tools\compiler\arm_5.1.6\lib\</path>
         <kind>archive</kind>
         <file>rtsv7M4_T_le_v4SPD16_eabi.lib</file>
         <name>copy_decompress_rle.obj</name>
      </input_file>
      <input_file id="fl-137">
         <path>c:\ti\ccsv6\tools\compiler\arm_5.1.6\lib\</path>
         <kind>archive</kind>
         <file>rtsv7M4_T_le_v4SPD16_eabi.lib</file>
         <name>copy_zero_init.obj</name>
      </input_file>
      <input_file id="fl-138">
         <path>c:\ti\ccsv6\tools\compiler\arm_5.1.6\lib\</path>
         <kind>archive</kind>
         <file>rtsv7M4_T_le_v4SPD16_eabi.lib</file>
         <name>exit.obj</name>
      </input_file>
      <input_file id="fl-139">
         <path>c:\ti\ccsv6\tools\compiler\arm_5.1.6\lib\</path>
         <kind>archive</kind>
         <file>rtsv7M4_T_le_v4SPD16_eabi.lib</file>
         <name>fd_add_t2.obj</name>
      </input_file>
      <input_file id="fl-13a">
         <path>c:\ti\ccsv6\tools\compiler\arm_5.1.6\lib\</path>
         <kind>archive</kind>
         <file>rtsv7M4_T_le_v4SPD16_eabi.lib</file>
         <name>fd_cmp_t2.obj</name>
      </input_file>
      <input_file id="fl-13b">
         <path>c:\ti\ccsv6\tools\compiler\arm_5.1.6\lib\</path>
         <kind>archive</kind>
         <file>rtsv7M4_T_le_v4SPD16_eabi.lib</file>
         <name>fd_mul_t2.obj</name>
      </input_file>
      <input_file id="fl-13c">
         <path>c:\ti\ccsv6\tools\compiler\arm_5.1.6\lib\</path>
         <kind>archive</kind>
         <file>rtsv7M4_T_le_v4SPD16_eabi.lib</file>
         <name>fd_tou_t2.obj</name>
      </input_file>
      <input_file id="fl-13d">
         <path>c:\ti\ccsv6\tools\compiler\arm_5.1.6\lib\</path>
         <kind>archive</kind>
         <file>rtsv7M4_T_le_v4SPD16_eabi.lib</file>
         <name>i_tofd_t2.obj</name>
      </input_file>
      <input_file id="fl-13e">
         <path>c:\ti\ccsv6\tools\compiler\arm_5.1.6\lib\</path>
         <kind>archive</kind>
         <file>rtsv7M4_T_le_v4SPD16_eabi.lib</file>
         <name>memcpy_t2.obj</name>
      </input_file>
      <input_file id="fl-13f">
         <path>c:\ti\ccsv6\tools\compiler\arm_5.1.6\lib\</path>
         <kind>archive</kind>
         <file>rtsv7M4_T_le_v4SPD16_eabi.lib</file>
         <name>rand.obj</name>
      </input_file>
      <input_file id="fl-140">
         <path>c:\ti\ccsv6\tools\compiler\arm_5.1.6\lib\</path>
         <kind>archive</kind>
         <file>rtsv7M4_T_le_v4SPD16_eabi.lib</file>
         <name>sprintf.obj</name>
      </input_file>
      <input_file id="fl-141">
         <path>c:\ti\ccsv6\tools\compiler\arm_5.1.6\lib\</path>
         <kind>archive</kind>
         <file>rtsv7M4_T_le_v4SPD16_eabi.lib</file>
         <name>sqrt.obj</name>
      </input_file>
      <input_file id="fl-142">
         <path>c:\ti\ccsv6\tools\compiler\arm_5.1.6\lib\</path>
         <kind>archive</kind>
         <file>rtsv7M4_T_le_v4SPD16_eabi.lib</file>
         <name>stkdepth_vars.obj</name>
      </input_file>
      <input_file id="fl-143">
         <path>c:\ti\ccsv6\tools\compiler\arm_5.1.6\lib\</path>
         <kind>archive</kind>
         <file>rtsv7M4_T_le_v4SPD16_eabi.lib</file>
         <name>u_tofd_t2.obj</name>
      </input_file>
      <input_file id="fl-144">
         <path>c:\ti\ccsv6\tools\compiler\arm_5.1.6\lib\</path>
         <kind>archive</kind>
         <file>rtsv7M4_T_le_v4SPD16_eabi.lib</file>
         <name>xdscale.obj</name>
      </input_file>
      <input_file id="fl-145">
         <path>c:\ti\ccsv6\tools\compiler\arm_5.1.6\lib\</path>
         <kind>archive</kind>
         <file>rtsv7M4_T_le_v4SPD16_eabi.lib</file>
         <name>xdunscal.obj</name>
      </input_file>
      <input_file id="fl-146">
         <path>c:\ti\ccsv6\tools\compiler\arm_5.1.6\lib\</path>
         <kind>archive</kind>
         <file>rtsv7M4_T_le_v4SPD16_eabi.lib</file>
         <name>xferaise.obj</name>
      </input_file>
      <input_file id="fl-147">
         <path>c:\ti\ccsv6\tools\compiler\arm_5.1.6\lib\</path>
         <kind>archive</kind>
         <file>rtsv7M4_T_le_v4SPD16_eabi.lib</file>
         <name>xvalues.obj</name>
      </input_file>
      <input_file id="fl-148">
         <path>c:\ti\ccsv6\tools\compiler\arm_5.1.6\lib\</path>
         <kind>archive</kind>
         <file>rtsv7M4_T_le_v4SPD16_eabi.lib</file>
         <name>_lock.obj</name>
      </input_file>
      <input_file id="fl-149">
         <path>c:\ti\ccsv6\tools\compiler\arm_5.1.6\lib\</path>
         <kind>archive</kind>
         <file>rtsv7M4_T_le_v4SPD16_eabi.lib</file>
         <name>_printfi.obj</name>
      </input_file>
      <input_file id="fl-14a">
         <path>c:\ti\ccsv6\tools\compiler\arm_5.1.6\lib\</path>
         <kind>archive</kind>
         <file>rtsv7M4_T_le_v4SPD16_eabi.lib</file>
         <name>args_main.obj</name>
      </input_file>
      <input_file id="fl-14b">
         <path>c:\ti\ccsv6\tools\compiler\arm_5.1.6\lib\</path>
         <kind>archive</kind>
         <file>rtsv7M4_T_le_v4SPD16_eabi.lib</file>
         <name>atoi.obj</name>
      </input_file>
      <input_file id="fl-14c">
         <path>c:\ti\ccsv6\tools\compiler\arm_5.1.6\lib\</path>
         <kind>archive</kind>
         <file>rtsv7M4_T_le_v4SPD16_eabi.lib</file>
         <name>auto_init.obj</name>
      </input_file>
      <input_file id="fl-14d">
         <path>c:\ti\ccsv6\tools\compiler\arm_5.1.6\lib\</path>
         <kind>archive</kind>
         <file>rtsv7M4_T_le_v4SPD16_eabi.lib</file>
         <name>cpy_tbl.obj</name>
      </input_file>
      <input_file id="fl-14e">
         <path>c:\ti\ccsv6\tools\compiler\arm_5.1.6\lib\</path>
         <kind>archive</kind>
         <file>rtsv7M4_T_le_v4SPD16_eabi.lib</file>
         <name>ctype.obj</name>
      </input_file>
      <input_file id="fl-14f">
         <path>c:\ti\ccsv6\tools\compiler\arm_5.1.6\lib\</path>
         <kind>archive</kind>
         <file>rtsv7M4_T_le_v4SPD16_eabi.lib</file>
         <name>errno.obj</name>
      </input_file>
      <input_file id="fl-150">
         <path>c:\ti\ccsv6\tools\compiler\arm_5.1.6\lib\</path>
         <kind>archive</kind>
         <file>rtsv7M4_T_le_v4SPD16_eabi.lib</file>
         <name>fd_div_t2.obj</name>
      </input_file>
      <input_file id="fl-151">
         <path>c:\ti\ccsv6\tools\compiler\arm_5.1.6\lib\</path>
         <kind>archive</kind>
         <file>rtsv7M4_T_le_v4SPD16_eabi.lib</file>
         <name>fd_toi_t2.obj</name>
      </input_file>
      <input_file id="fl-152">
         <path>c:\ti\ccsv6\tools\compiler\arm_5.1.6\lib\</path>
         <kind>archive</kind>
         <file>rtsv7M4_T_le_v4SPD16_eabi.lib</file>
         <name>feraiseexcept.obj</name>
      </input_file>
      <input_file id="fl-153">
         <path>c:\ti\ccsv6\tools\compiler\arm_5.1.6\lib\</path>
         <kind>archive</kind>
         <file>rtsv7M4_T_le_v4SPD16_eabi.lib</file>
         <name>ll_mul_t2.obj</name>
      </input_file>
      <input_file id="fl-154">
         <path>c:\ti\ccsv6\tools\compiler\arm_5.1.6\lib\</path>
         <kind>archive</kind>
         <file>rtsv7M4_T_le_v4SPD16_eabi.lib</file>
         <name>ltoa.obj</name>
      </input_file>
      <input_file id="fl-155">
         <path>c:\ti\ccsv6\tools\compiler\arm_5.1.6\lib\</path>
         <kind>archive</kind>
         <file>rtsv7M4_T_le_v4SPD16_eabi.lib</file>
         <name>memccpy.obj</name>
      </input_file>
      <input_file id="fl-156">
         <path>c:\ti\ccsv6\tools\compiler\arm_5.1.6\lib\</path>
         <kind>archive</kind>
         <file>rtsv7M4_T_le_v4SPD16_eabi.lib</file>
         <name>memset_t2.obj</name>
      </input_file>
      <input_file id="fl-157">
         <path>c:\ti\ccsv6\tools\compiler\arm_5.1.6\lib\</path>
         <kind>archive</kind>
         <file>rtsv7M4_T_le_v4SPD16_eabi.lib</file>
         <name>raise.obj</name>
      </input_file>
      <input_file id="fl-158">
         <path>c:\ti\ccsv6\tools\compiler\arm_5.1.6\lib\</path>
         <kind>archive</kind>
         <file>rtsv7M4_T_le_v4SPD16_eabi.lib</file>
         <name>signal.obj</name>
      </input_file>
      <input_file id="fl-159">
         <path>c:\ti\ccsv6\tools\compiler\arm_5.1.6\lib\</path>
         <kind>archive</kind>
         <file>rtsv7M4_T_le_v4SPD16_eabi.lib</file>
         <name>strlen.obj</name>
      </input_file>
      <input_file id="fl-15a">
         <path>c:\ti\ccsv6\tools\compiler\arm_5.1.6\lib\</path>
         <kind>archive</kind>
         <file>rtsv7M4_T_le_v4SPD16_eabi.lib</file>
         <name>ull_div_t2.obj</name>
      </input_file>
      <input_file id="fl-15b">
         <path>c:\ti\ccsv6\tools\compiler\arm_5.1.6\lib\</path>
         <kind>archive</kind>
         <file>rtsv7M4_T_le_v4SPD16_eabi.lib</file>
         <name>xdclass.obj</name>
      </input_file>
      <input_file id="fl-15c">
         <path>c:\ti\ccsv6\tools\compiler\arm_5.1.6\lib\</path>
         <kind>archive</kind>
         <file>rtsv7M4_T_le_v4SPD16_eabi.lib</file>
         <name>xdnorm.obj</name>
      </input_file>
      <input_file id="fl-15d">
         <path>c:\ti\ccsv6\tools\compiler\arm_5.1.6\lib\</path>
         <kind>archive</kind>
         <file>rtsv7M4_T_le_v4SPD16_eabi.lib</file>
         <name>xdtest.obj</name>
      </input_file>
   </input_file_list>
   <object_component_list>
      <object_component id="oc-e">
         <name>.intvecs</name>
         <load_address>0x0</load_address>
         <run_address>0x0</run_address>
         <size>0x26c</size>
         <input_file_ref idref="fl-2"/>
      </object_component>
      <object_component id="oc-2f">
         <name>.text</name>
         <load_address>0x90b8</load_address>
         <run_address>0x90b8</run_address>
         <size>0x1964</size>
         <input_file_ref idref="fl-5"/>
      </object_component>
      <object_component id="oc-211">
         <name>.text</name>
         <load_address>0xaa1c</load_address>
         <run_address>0xaa1c</run_address>
         <size>0xec0</size>
         <input_file_ref idref="fl-149"/>
      </object_component>
      <object_component id="oc-b1">
         <name>.text</name>
         <load_address>0xb8dc</load_address>
         <run_address>0xb8dc</run_address>
         <size>0x8e0</size>
         <input_file_ref idref="fl-6"/>
      </object_component>
      <object_component id="oc-83">
         <name>.text</name>
         <load_address>0xc1bc</load_address>
         <run_address>0xc1bc</run_address>
         <size>0x65e</size>
         <input_file_ref idref="fl-7"/>
      </object_component>
      <object_component id="oc-9f">
         <name>.text</name>
         <load_address>0xc81a</load_address>
         <run_address>0xc81a</run_address>
         <size>0x336</size>
         <input_file_ref idref="fl-4"/>
      </object_component>
      <object_component id="oc-27c">
         <name>.text</name>
         <load_address>0xcb50</load_address>
         <run_address>0xcb50</run_address>
         <size>0x1f4</size>
         <input_file_ref idref="fl-15a"/>
      </object_component>
      <object_component id="oc-10b">
         <name>.text</name>
         <load_address>0xcd44</load_address>
         <run_address>0xcd44</run_address>
         <size>0x1b6</size>
         <input_file_ref idref="fl-139"/>
      </object_component>
      <object_component id="oc-f6">
         <name>.text</name>
         <load_address>0xcefc</load_address>
         <run_address>0xcefc</run_address>
         <size>0x148</size>
         <input_file_ref idref="fl-141"/>
      </object_component>
      <object_component id="oc-22f">
         <name>.text</name>
         <load_address>0xd044</load_address>
         <run_address>0xd044</run_address>
         <size>0x136</size>
         <input_file_ref idref="fl-150"/>
      </object_component>
      <object_component id="oc-234">
         <name>.text</name>
         <load_address>0xd17c</load_address>
         <run_address>0xd17c</run_address>
         <size>0x110</size>
         <input_file_ref idref="fl-144"/>
      </object_component>
      <object_component id="oc-106">
         <name>.text</name>
         <load_address>0xd28c</load_address>
         <run_address>0xd28c</run_address>
         <size>0xfc</size>
         <input_file_ref idref="fl-13b"/>
      </object_component>
      <object_component id="oc-1d0">
         <name>.text</name>
         <load_address>0xd388</load_address>
         <run_address>0xd388</run_address>
         <size>0xee</size>
         <input_file_ref idref="fl-3"/>
      </object_component>
      <object_component id="oc-2c8">
         <name>.text</name>
         <load_address>0xd476</load_address>
         <run_address>0xd476</run_address>
         <size>0xc4</size>
         <input_file_ref idref="fl-15c"/>
      </object_component>
      <object_component id="oc-4d">
         <name>.text</name>
         <load_address>0xd53a</load_address>
         <run_address>0xd53a</run_address>
         <size>0x9c</size>
         <input_file_ref idref="fl-13e"/>
      </object_component>
      <object_component id="oc-38">
         <name>.text</name>
         <load_address>0xd5d8</load_address>
         <run_address>0xd5d8</run_address>
         <size>0x94</size>
         <input_file_ref idref="fl-14c"/>
      </object_component>
      <object_component id="oc-110">
         <name>.text:__aeabi_cdcmple</name>
         <load_address>0xd66c</load_address>
         <run_address>0xd66c</run_address>
         <size>0x86</size>
         <input_file_ref idref="fl-13a"/>
      </object_component>
      <object_component id="oc-28c">
         <name>.text:__aeabi_cdrcmple</name>
         <load_address>0xd6f2</load_address>
         <run_address>0xd6f2</run_address>
         <size>0x86</size>
         <input_file_ref idref="fl-13a"/>
      </object_component>
      <object_component id="oc-29c">
         <name>.text</name>
         <load_address>0xd778</load_address>
         <run_address>0xd778</run_address>
         <size>0x78</size>
         <input_file_ref idref="fl-156"/>
      </object_component>
      <object_component id="oc-229">
         <name>.text</name>
         <load_address>0xd7f0</load_address>
         <run_address>0xd7f0</run_address>
         <size>0x64</size>
         <input_file_ref idref="fl-145"/>
      </object_component>
      <object_component id="oc-a9">
         <name>.text</name>
         <load_address>0xd854</load_address>
         <run_address>0xd854</run_address>
         <size>0x60</size>
         <input_file_ref idref="fl-140"/>
      </object_component>
      <object_component id="oc-60">
         <name>.text</name>
         <load_address>0xd8b4</load_address>
         <run_address>0xd8b4</run_address>
         <size>0x5e</size>
         <input_file_ref idref="fl-136"/>
      </object_component>
      <object_component id="oc-296">
         <name>.text</name>
         <load_address>0xd912</load_address>
         <run_address>0xd912</run_address>
         <size>0x5a</size>
         <input_file_ref idref="fl-154"/>
      </object_component>
      <object_component id="oc-2ad">
         <name>.text</name>
         <load_address>0xd96c</load_address>
         <run_address>0xd96c</run_address>
         <size>0x4c</size>
         <input_file_ref idref="fl-14b"/>
      </object_component>
      <object_component id="oc-12e">
         <name>.text</name>
         <load_address>0xd9b8</load_address>
         <run_address>0xd9b8</run_address>
         <size>0x4c</size>
         <input_file_ref idref="fl-13f"/>
      </object_component>
      <object_component id="oc-11">
         <name>.text</name>
         <load_address>0xda04</load_address>
         <run_address>0xda04</run_address>
         <size>0x48</size>
         <input_file_ref idref="fl-134"/>
      </object_component>
      <object_component id="oc-291">
         <name>.text</name>
         <load_address>0xda4c</load_address>
         <run_address>0xda4c</run_address>
         <size>0x48</size>
         <input_file_ref idref="fl-151"/>
      </object_component>
      <object_component id="oc-1c9">
         <name>.text</name>
         <load_address>0xda94</load_address>
         <run_address>0xda94</run_address>
         <size>0x44</size>
         <input_file_ref idref="fl-14d"/>
      </object_component>
      <object_component id="oc-43">
         <name>.text</name>
         <load_address>0xdad8</load_address>
         <run_address>0xdad8</run_address>
         <size>0x44</size>
         <input_file_ref idref="fl-138"/>
      </object_component>
      <object_component id="oc-fc">
         <name>.text</name>
         <load_address>0xdb1c</load_address>
         <run_address>0xdb1c</run_address>
         <size>0x44</size>
         <input_file_ref idref="fl-13c"/>
      </object_component>
      <object_component id="oc-2fd">
         <name>.text</name>
         <load_address>0xdb60</load_address>
         <run_address>0xdb60</run_address>
         <size>0x44</size>
         <input_file_ref idref="fl-15d"/>
      </object_component>
      <object_component id="oc-333">
         <name>.text</name>
         <load_address>0xdba4</load_address>
         <run_address>0xdba4</run_address>
         <size>0x40</size>
         <input_file_ref idref="fl-158"/>
      </object_component>
      <object_component id="oc-2d3">
         <name>.text</name>
         <load_address>0xdbe4</load_address>
         <run_address>0xdbe4</run_address>
         <size>0x34</size>
         <input_file_ref idref="fl-152"/>
      </object_component>
      <object_component id="oc-23a">
         <name>.text</name>
         <load_address>0xdc18</load_address>
         <run_address>0xdc18</run_address>
         <size>0x30</size>
         <input_file_ref idref="fl-146"/>
      </object_component>
      <object_component id="oc-f1">
         <name>.text</name>
         <load_address>0xdc48</load_address>
         <run_address>0xdc48</run_address>
         <size>0x2e</size>
         <input_file_ref idref="fl-13d"/>
      </object_component>
      <object_component id="oc-318">
         <name>.text</name>
         <load_address>0xdc76</load_address>
         <run_address>0xdc76</run_address>
         <size>0x2e</size>
         <input_file_ref idref="fl-157"/>
      </object_component>
      <object_component id="oc-101">
         <name>.text</name>
         <load_address>0xdca4</load_address>
         <run_address>0xdca4</run_address>
         <size>0x20</size>
         <input_file_ref idref="fl-143"/>
      </object_component>
      <object_component id="oc-2a7">
         <name>.text</name>
         <load_address>0xdcc4</load_address>
         <run_address>0xdcc4</run_address>
         <size>0x1c</size>
         <input_file_ref idref="fl-155"/>
      </object_component>
      <object_component id="oc-3d">
         <name>.text</name>
         <load_address>0xdce0</load_address>
         <run_address>0xdce0</run_address>
         <size>0x18</size>
         <input_file_ref idref="fl-14a"/>
      </object_component>
      <object_component id="oc-281">
         <name>.text</name>
         <load_address>0xdcf8</load_address>
         <run_address>0xdcf8</run_address>
         <size>0x18</size>
         <input_file_ref idref="fl-153"/>
      </object_component>
      <object_component id="oc-26c">
         <name>.text</name>
         <load_address>0xdd10</load_address>
         <run_address>0xdd10</run_address>
         <size>0x14</size>
         <input_file_ref idref="fl-148"/>
      </object_component>
      <object_component id="oc-286">
         <name>.text</name>
         <load_address>0xdd24</load_address>
         <run_address>0xdd24</run_address>
         <size>0x14</size>
         <input_file_ref idref="fl-159"/>
      </object_component>
      <object_component id="oc-1c">
         <name>.text:decompress:ZI</name>
         <load_address>0xdd38</load_address>
         <run_address>0xdd38</run_address>
         <size>0x12</size>
         <input_file_ref idref="fl-137"/>
      </object_component>
      <object_component id="oc-2a1">
         <name>.text</name>
         <load_address>0xdd4a</load_address>
         <run_address>0xdd4a</run_address>
         <size>0x12</size>
         <input_file_ref idref="fl-15b"/>
      </object_component>
      <object_component id="oc-16">
         <name>.text:decompress:none</name>
         <load_address>0xdd5c</load_address>
         <run_address>0xdd5c</run_address>
         <size>0xe</size>
         <input_file_ref idref="fl-135"/>
      </object_component>
      <object_component id="oc-29">
         <name>.text</name>
         <load_address>0xdd6a</load_address>
         <run_address>0xdd6a</run_address>
         <size>0xc</size>
         <input_file_ref idref="fl-2"/>
      </object_component>
      <object_component id="oc-22">
         <name>.text:decompress:rle24</name>
         <load_address>0xdd76</load_address>
         <run_address>0xdd76</run_address>
         <size>0x6</size>
         <input_file_ref idref="fl-136"/>
      </object_component>
      <object_component id="oc-93">
         <name>.const:explosionImage0</name>
         <load_address>0x26c</load_address>
         <run_address>0x26c</run_address>
         <size>0x1388</size>
         <input_file_ref idref="fl-5"/>
      </object_component>
      <object_component id="oc-96">
         <name>.const:explosionImage1</name>
         <load_address>0x15f4</load_address>
         <run_address>0x15f4</run_address>
         <size>0x1388</size>
         <input_file_ref idref="fl-5"/>
      </object_component>
      <object_component id="oc-99">
         <name>.const:explosionImage2</name>
         <load_address>0x297c</load_address>
         <run_address>0x297c</run_address>
         <size>0x1388</size>
         <input_file_ref idref="fl-5"/>
      </object_component>
      <object_component id="oc-9c">
         <name>.const:explosionImage3</name>
         <load_address>0x3d04</load_address>
         <run_address>0x3d04</run_address>
         <size>0x1388</size>
         <input_file_ref idref="fl-5"/>
      </object_component>
      <object_component id="oc-e1">
         <name>.const:invulnerable_spaceship</name>
         <load_address>0x508c</load_address>
         <run_address>0x508c</run_address>
         <size>0xac0</size>
         <input_file_ref idref="fl-5"/>
      </object_component>
      <object_component id="oc-77">
         <name>.const:spaceshipImage</name>
         <load_address>0x5b4c</load_address>
         <run_address>0x5b4c</run_address>
         <size>0xac0</size>
         <input_file_ref idref="fl-5"/>
      </object_component>
      <object_component id="oc-122">
         <name>.const:spaceship_item_acquired</name>
         <load_address>0x660c</load_address>
         <run_address>0x660c</run_address>
         <size>0xac0</size>
         <input_file_ref idref="fl-5"/>
      </object_component>
      <object_component id="oc-8d">
         <name>.const:alienshipImg</name>
         <load_address>0x70cc</load_address>
         <run_address>0x70cc</run_address>
         <size>0x960</size>
         <input_file_ref idref="fl-5"/>
      </object_component>
      <object_component id="oc-14e">
         <name>.const:image_data_bonus</name>
         <load_address>0x7a2c</load_address>
         <run_address>0x7a2c</run_address>
         <size>0x708</size>
         <input_file_ref idref="fl-5"/>
      </object_component>
      <object_component id="oc-11f">
         <name>.const:powerup_shield_image</name>
         <load_address>0x8134</load_address>
         <run_address>0x8134</run_address>
         <size>0x708</size>
         <input_file_ref idref="fl-5"/>
      </object_component>
      <object_component id="oc-134">
         <name>.const:font8x8_basic</name>
         <load_address>0x883c</load_address>
         <run_address>0x883c</run_address>
         <size>0x400</size>
         <input_file_ref idref="fl-5"/>
      </object_component>
      <object_component id="oc-ee">
         <name>.const:asteroidm</name>
         <load_address>0x8c3c</load_address>
         <run_address>0x8c3c</run_address>
         <size>0x320</size>
         <input_file_ref idref="fl-5"/>
      </object_component>
      <object_component id="oc-306">
         <name>.const:.string:_ctypes_</name>
         <load_address>0x8f5c</load_address>
         <run_address>0x8f5c</run_address>
         <size>0x102</size>
         <input_file_ref idref="fl-14e"/>
      </object_component>
      <object_component id="oc-a6">
         <name>.const:.string</name>
         <load_address>0x9060</load_address>
         <run_address>0x9060</run_address>
         <size>0x48</size>
         <input_file_ref idref="fl-5"/>
      </object_component>
      <object_component id="oc-12b">
         <name>.const</name>
         <load_address>0x90a8</load_address>
         <run_address>0x90a8</run_address>
         <size>0x10</size>
         <input_file_ref idref="fl-5"/>
      </object_component>
      <object_component id="oc-378">
         <name>.cinit..data.load</name>
         <load_address>0xdd80</load_address>
         <run_address>0xdd80</run_address>
         <size>0x4b</size>
      </object_component>
      <object_component id="oc-376">
         <name>__TI_handler_table</name>
         <load_address>0xddcc</load_address>
         <run_address>0xddcc</run_address>
         <size>0xc</size>
      </object_component>
      <object_component id="oc-379">
         <name>.cinit..bss.load</name>
         <load_address>0xddd8</load_address>
         <run_address>0xddd8</run_address>
         <size>0x8</size>
      </object_component>
      <object_component id="oc-377">
         <name>__TI_cinit_table</name>
         <load_address>0xdde0</load_address>
         <run_address>0xdde0</run_address>
         <size>0x10</size>
      </object_component>
      <object_component id="oc-49">
         <name>.data</name>
         <load_address>0x200006fc</load_address>
         <run_address>0x200006fc</run_address>
         <size>0x4</size>
         <input_file_ref idref="fl-142"/>
      </object_component>
      <object_component id="oc-e8">
         <name>.data</name>
         <load_address>0x200006f0</load_address>
         <run_address>0x200006f0</run_address>
         <size>0x4</size>
         <input_file_ref idref="fl-5"/>
      </object_component>
      <object_component id="oc-1d8">
         <name>.data</name>
         <load_address>0x200006d8</load_address>
         <run_address>0x200006d8</run_address>
         <size>0x8</size>
         <input_file_ref idref="fl-148"/>
      </object_component>
      <object_component id="oc-1db">
         <name>.data</name>
         <load_address>0x200006e0</load_address>
         <run_address>0x200006e0</run_address>
         <size>0x8</size>
         <input_file_ref idref="fl-138"/>
      </object_component>
      <object_component id="oc-240">
         <name>.data</name>
         <load_address>0x20000658</load_address>
         <run_address>0x20000658</run_address>
         <size>0x80</size>
         <input_file_ref idref="fl-147"/>
      </object_component>
      <object_component id="oc-251">
         <name>.data</name>
         <load_address>0x200006f8</load_address>
         <run_address>0x200006f8</run_address>
         <size>0x4</size>
         <input_file_ref idref="fl-13f"/>
      </object_component>
      <object_component id="oc-2d9">
         <name>.data</name>
         <load_address>0x200006f4</load_address>
         <run_address>0x200006f4</run_address>
         <size>0x4</size>
         <input_file_ref idref="fl-14f"/>
      </object_component>
      <object_component id="oc-31e">
         <name>.data</name>
         <load_address>0x200006e8</load_address>
         <run_address>0x200006e8</run_address>
         <size>0x8</size>
         <input_file_ref idref="fl-152"/>
      </object_component>
      <object_component id="oc-348">
         <name>.data:sigtable</name>
         <load_address>0x200005a8</load_address>
         <run_address>0x200005a8</run_address>
         <size>0xb0</size>
         <input_file_ref idref="fl-158"/>
      </object_component>
      <object_component id="oc-8a">
         <name>.bss:alien</name>
         <uninitialized>true</uninitialized>
         <run_address>0x20000508</run_address>
         <size>0x38</size>
         <input_file_ref idref="fl-5"/>
      </object_component>
      <object_component id="oc-90">
         <name>.bss:explosion</name>
         <uninitialized>true</uninitialized>
         <run_address>0x200004a8</run_address>
         <size>0x60</size>
         <input_file_ref idref="fl-5"/>
      </object_component>
      <object_component id="oc-eb">
         <name>.bss:asteroid</name>
         <uninitialized>true</uninitialized>
         <run_address>0x20000400</run_address>
         <size>0xa8</size>
         <input_file_ref idref="fl-5"/>
      </object_component>
      <object_component id="oc-11a">
         <name>.bss:powerup</name>
         <uninitialized>true</uninitialized>
         <run_address>0x20000540</run_address>
         <size>0x30</size>
         <input_file_ref idref="fl-5"/>
      </object_component>
      <object_component id="oc-262">
         <name>.common:testvaluex</name>
         <uninitialized>true</uninitialized>
         <run_address>0x20000598</run_address>
         <size>0x4</size>
      </object_component>
      <object_component id="oc-263">
         <name>.common:testvaluey</name>
         <uninitialized>true</uninitialized>
         <run_address>0x2000059c</run_address>
         <size>0x4</size>
      </object_component>
      <object_component id="oc-1a5">
         <name>.common:shield_timer</name>
         <uninitialized>true</uninitialized>
         <run_address>0x20000594</run_address>
         <size>0x4</size>
      </object_component>
      <object_component id="oc-1b4">
         <name>.common:Index</name>
         <uninitialized>true</uninitialized>
         <run_address>0x200005a0</run_address>
         <size>0x1</size>
      </object_component>
      <object_component id="oc-1b2">
         <name>.common:TimerCount</name>
         <uninitialized>true</uninitialized>
         <run_address>0x2000058c</run_address>
         <size>0x4</size>
      </object_component>
      <object_component id="oc-1b3">
         <name>.common:game_score</name>
         <uninitialized>true</uninitialized>
         <run_address>0x20000590</run_address>
         <size>0x4</size>
      </object_component>
      <object_component id="oc-261">
         <name>.common:start</name>
         <uninitialized>true</uninitialized>
         <run_address>0x200005a1</run_address>
         <size>0x1</size>
      </object_component>
      <object_component id="oc-1b6">
         <name>.common:player</name>
         <uninitialized>true</uninitialized>
         <run_address>0x20000570</run_address>
         <size>0x1c</size>
      </object_component>
      <object_component id="oc-28">
         <name>.stack</name>
         <uninitialized>true</uninitialized>
         <run_address>0x20000000</run_address>
         <size>0x0</size>
         <input_file_ref idref="fl-134"/>
      </object_component>
      <object_component id="oc-37a">
         <name>.stack</name>
         <uninitialized>true</uninitialized>
         <run_address>0x20000000</run_address>
         <size>0x0</size>
      </object_component>
      <object_component id="oc-f">
         <name>.debug_info</name>
         <load_address>0x0</load_address>
         <run_address>0x0</run_address>
         <size>0xe2</size>
         <input_file_ref idref="fl-2"/>
      </object_component>
      <object_component id="oc-12">
         <name>.debug_info</name>
         <load_address>0xe2</load_address>
         <run_address>0xe2</run_address>
         <size>0xf3</size>
         <input_file_ref idref="fl-134"/>
      </object_component>
      <object_component id="oc-18">
         <name>.debug_info</name>
         <load_address>0x1d5</load_address>
         <run_address>0x1d5</run_address>
         <size>0x194</size>
         <input_file_ref idref="fl-135"/>
      </object_component>
      <object_component id="oc-1d">
         <name>.debug_info</name>
         <load_address>0x369</load_address>
         <run_address>0x369</run_address>
         <size>0x16a</size>
         <input_file_ref idref="fl-137"/>
      </object_component>
      <object_component id="oc-24">
         <name>.debug_info</name>
         <load_address>0x4d3</load_address>
         <run_address>0x4d3</run_address>
         <size>0x18e</size>
         <input_file_ref idref="fl-136"/>
      </object_component>
      <object_component id="oc-2a">
         <name>.debug_info</name>
         <load_address>0x661</load_address>
         <run_address>0x661</run_address>
         <size>0x25e</size>
         <input_file_ref idref="fl-2"/>
      </object_component>
      <object_component id="oc-30">
         <name>.debug_info</name>
         <load_address>0x8bf</load_address>
         <run_address>0x8bf</run_address>
         <size>0x176d</size>
         <input_file_ref idref="fl-5"/>
      </object_component>
      <object_component id="oc-37">
         <name>.debug_info</name>
         <load_address>0x202c</load_address>
         <run_address>0x202c</run_address>
         <size>0x1c1</size>
         <input_file_ref idref="fl-2"/>
      </object_component>
      <object_component id="oc-39">
         <name>.debug_info</name>
         <load_address>0x21ed</load_address>
         <run_address>0x21ed</run_address>
         <size>0x13d</size>
         <input_file_ref idref="fl-14c"/>
      </object_component>
      <object_component id="oc-40">
         <name>.debug_info</name>
         <load_address>0x232a</load_address>
         <run_address>0x232a</run_address>
         <size>0x11c</size>
         <input_file_ref idref="fl-14a"/>
      </object_component>
      <object_component id="oc-44">
         <name>.debug_info</name>
         <load_address>0x2446</load_address>
         <run_address>0x2446</run_address>
         <size>0x1c2</size>
         <input_file_ref idref="fl-138"/>
      </object_component>
      <object_component id="oc-4a">
         <name>.debug_info</name>
         <load_address>0x2608</load_address>
         <run_address>0x2608</run_address>
         <size>0xbe</size>
         <input_file_ref idref="fl-142"/>
      </object_component>
      <object_component id="oc-4e">
         <name>.debug_info</name>
         <load_address>0x26c6</load_address>
         <run_address>0x26c6</run_address>
         <size>0xcc</size>
         <input_file_ref idref="fl-13e"/>
      </object_component>
      <object_component id="oc-53">
         <name>.debug_info</name>
         <load_address>0x2792</load_address>
         <run_address>0x2792</run_address>
         <size>0x46</size>
         <input_file_ref idref="fl-135"/>
      </object_component>
      <object_component id="oc-58">
         <name>.debug_info</name>
         <load_address>0x27d8</load_address>
         <run_address>0x27d8</run_address>
         <size>0xf2</size>
         <input_file_ref idref="fl-135"/>
      </object_component>
      <object_component id="oc-5a">
         <name>.debug_info</name>
         <load_address>0x28ca</load_address>
         <run_address>0x28ca</run_address>
         <size>0x46</size>
         <input_file_ref idref="fl-137"/>
      </object_component>
      <object_component id="oc-5f">
         <name>.debug_info</name>
         <load_address>0x2910</load_address>
         <run_address>0x2910</run_address>
         <size>0xad</size>
         <input_file_ref idref="fl-137"/>
      </object_component>
      <object_component id="oc-62">
         <name>.debug_info</name>
         <load_address>0x29bd</load_address>
         <run_address>0x29bd</run_address>
         <size>0x1ef</size>
         <input_file_ref idref="fl-136"/>
      </object_component>
      <object_component id="oc-67">
         <name>.debug_info</name>
         <load_address>0x2bac</load_address>
         <run_address>0x2bac</run_address>
         <size>0xb7</size>
         <input_file_ref idref="fl-136"/>
      </object_component>
      <object_component id="oc-68">
         <name>.debug_info</name>
         <load_address>0x2c63</load_address>
         <run_address>0x2c63</run_address>
         <size>0x39</size>
         <input_file_ref idref="fl-136"/>
      </object_component>
      <object_component id="oc-6f">
         <name>.debug_info</name>
         <load_address>0x2c9c</load_address>
         <run_address>0x2c9c</run_address>
         <size>0x5e6</size>
         <input_file_ref idref="fl-5"/>
      </object_component>
      <object_component id="oc-78">
         <name>.debug_info</name>
         <load_address>0x3282</load_address>
         <run_address>0x3282</run_address>
         <size>0xd2</size>
         <input_file_ref idref="fl-5"/>
      </object_component>
      <object_component id="oc-84">
         <name>.debug_info</name>
         <load_address>0x3354</load_address>
         <run_address>0x3354</run_address>
         <size>0xb0a</size>
         <input_file_ref idref="fl-7"/>
      </object_component>
      <object_component id="oc-8b">
         <name>.debug_info</name>
         <load_address>0x3e5e</load_address>
         <run_address>0x3e5e</run_address>
         <size>0xc0</size>
         <input_file_ref idref="fl-5"/>
      </object_component>
      <object_component id="oc-8e">
         <name>.debug_info</name>
         <load_address>0x3f1e</load_address>
         <run_address>0x3f1e</run_address>
         <size>0xcf</size>
         <input_file_ref idref="fl-5"/>
      </object_component>
      <object_component id="oc-91">
         <name>.debug_info</name>
         <load_address>0x3fed</load_address>
         <run_address>0x3fed</run_address>
         <size>0xc8</size>
         <input_file_ref idref="fl-5"/>
      </object_component>
      <object_component id="oc-94">
         <name>.debug_info</name>
         <load_address>0x40b5</load_address>
         <run_address>0x40b5</run_address>
         <size>0xd4</size>
         <input_file_ref idref="fl-5"/>
      </object_component>
      <object_component id="oc-97">
         <name>.debug_info</name>
         <load_address>0x4189</load_address>
         <run_address>0x4189</run_address>
         <size>0xd4</size>
         <input_file_ref idref="fl-5"/>
      </object_component>
      <object_component id="oc-9a">
         <name>.debug_info</name>
         <load_address>0x425d</load_address>
         <run_address>0x425d</run_address>
         <size>0xd4</size>
         <input_file_ref idref="fl-5"/>
      </object_component>
      <object_component id="oc-9d">
         <name>.debug_info</name>
         <load_address>0x4331</load_address>
         <run_address>0x4331</run_address>
         <size>0xd4</size>
         <input_file_ref idref="fl-5"/>
      </object_component>
      <object_component id="oc-a0">
         <name>.debug_info</name>
         <load_address>0x4405</load_address>
         <run_address>0x4405</run_address>
         <size>0x4dc</size>
         <input_file_ref idref="fl-4"/>
      </object_component>
      <object_component id="oc-a7">
         <name>.debug_info</name>
         <load_address>0x48e1</load_address>
         <run_address>0x48e1</run_address>
         <size>0x101</size>
         <input_file_ref idref="fl-5"/>
      </object_component>
      <object_component id="oc-aa">
         <name>.debug_info</name>
         <load_address>0x49e2</load_address>
         <run_address>0x49e2</run_address>
         <size>0x2b5</size>
         <input_file_ref idref="fl-140"/>
      </object_component>
      <object_component id="oc-b2">
         <name>.debug_info</name>
         <load_address>0x4c97</load_address>
         <run_address>0x4c97</run_address>
         <size>0xc60</size>
         <input_file_ref idref="fl-6"/>
      </object_component>
      <object_component id="oc-e2">
         <name>.debug_info</name>
         <load_address>0x58f7</load_address>
         <run_address>0x58f7</run_address>
         <size>0xe3</size>
         <input_file_ref idref="fl-5"/>
      </object_component>
      <object_component id="oc-e9">
         <name>.debug_info</name>
         <load_address>0x59da</load_address>
         <run_address>0x59da</run_address>
         <size>0xe4</size>
         <input_file_ref idref="fl-5"/>
      </object_component>
      <object_component id="oc-ec">
         <name>.debug_info</name>
         <load_address>0x5abe</load_address>
         <run_address>0x5abe</run_address>
         <size>0xc6</size>
         <input_file_ref idref="fl-5"/>
      </object_component>
      <object_component id="oc-ef">
         <name>.debug_info</name>
         <load_address>0x5b84</load_address>
         <run_address>0x5b84</run_address>
         <size>0xc9</size>
         <input_file_ref idref="fl-5"/>
      </object_component>
      <object_component id="oc-f2">
         <name>.debug_info</name>
         <load_address>0x5c4d</load_address>
         <run_address>0x5c4d</run_address>
         <size>0xdf</size>
         <input_file_ref idref="fl-13d"/>
      </object_component>
      <object_component id="oc-f8">
         <name>.debug_info</name>
         <load_address>0x5d2c</load_address>
         <run_address>0x5d2c</run_address>
         <size>0x237</size>
         <input_file_ref idref="fl-141"/>
      </object_component>
      <object_component id="oc-fd">
         <name>.debug_info</name>
         <load_address>0x5f63</load_address>
         <run_address>0x5f63</run_address>
         <size>0xec</size>
         <input_file_ref idref="fl-13c"/>
      </object_component>
      <object_component id="oc-103">
         <name>.debug_info</name>
         <load_address>0x604f</load_address>
         <run_address>0x604f</run_address>
         <size>0xe1</size>
         <input_file_ref idref="fl-143"/>
      </object_component>
      <object_component id="oc-107">
         <name>.debug_info</name>
         <load_address>0x6130</load_address>
         <run_address>0x6130</run_address>
         <size>0xed</size>
         <input_file_ref idref="fl-13b"/>
      </object_component>
      <object_component id="oc-10c">
         <name>.debug_info</name>
         <load_address>0x621d</load_address>
         <run_address>0x621d</run_address>
         <size>0xff</size>
         <input_file_ref idref="fl-139"/>
      </object_component>
      <object_component id="oc-111">
         <name>.debug_info</name>
         <load_address>0x631c</load_address>
         <run_address>0x631c</run_address>
         <size>0xdb</size>
         <input_file_ref idref="fl-13a"/>
      </object_component>
      <object_component id="oc-11b">
         <name>.debug_info</name>
         <load_address>0x63f7</load_address>
         <run_address>0x63f7</run_address>
         <size>0xc4</size>
         <input_file_ref idref="fl-5"/>
      </object_component>
      <object_component id="oc-120">
         <name>.debug_info</name>
         <load_address>0x64bb</load_address>
         <run_address>0x64bb</run_address>
         <size>0xdf</size>
         <input_file_ref idref="fl-5"/>
      </object_component>
      <object_component id="oc-123">
         <name>.debug_info</name>
         <load_address>0x659a</load_address>
         <run_address>0x659a</run_address>
         <size>0xe5</size>
         <input_file_ref idref="fl-5"/>
      </object_component>
      <object_component id="oc-12c">
         <name>.debug_info</name>
         <load_address>0x667f</load_address>
         <run_address>0x667f</run_address>
         <size>0xc4</size>
         <input_file_ref idref="fl-5"/>
      </object_component>
      <object_component id="oc-12f">
         <name>.debug_info</name>
         <load_address>0x6743</load_address>
         <run_address>0x6743</run_address>
         <size>0x159</size>
         <input_file_ref idref="fl-13f"/>
      </object_component>
      <object_component id="oc-135">
         <name>.debug_info</name>
         <load_address>0x689c</load_address>
         <run_address>0x689c</run_address>
         <size>0xd1</size>
         <input_file_ref idref="fl-5"/>
      </object_component>
      <object_component id="oc-14f">
         <name>.debug_info</name>
         <load_address>0x696d</load_address>
         <run_address>0x696d</run_address>
         <size>0xd7</size>
         <input_file_ref idref="fl-5"/>
      </object_component>
      <object_component id="oc-1b8">
         <name>.debug_info</name>
         <load_address>0x6a44</load_address>
         <run_address>0x6a44</run_address>
         <size>0x84</size>
         <input_file_ref idref="fl-2"/>
      </object_component>
      <object_component id="oc-1bd">
         <name>.debug_info</name>
         <load_address>0x6ac8</load_address>
         <run_address>0x6ac8</run_address>
         <size>0x2c</size>
         <input_file_ref idref="fl-3"/>
      </object_component>
      <object_component id="oc-1c4">
         <name>.debug_info</name>
         <load_address>0x6af4</load_address>
         <run_address>0x6af4</run_address>
         <size>0x18b</size>
         <input_file_ref idref="fl-2"/>
      </object_component>
      <object_component id="oc-1ca">
         <name>.debug_info</name>
         <load_address>0x6c7f</load_address>
         <run_address>0x6c7f</run_address>
         <size>0x14b</size>
         <input_file_ref idref="fl-14d"/>
      </object_component>
      <object_component id="oc-1d1">
         <name>.debug_info</name>
         <load_address>0x6dca</load_address>
         <run_address>0x6dca</run_address>
         <size>0x32b</size>
         <input_file_ref idref="fl-3"/>
      </object_component>
      <object_component id="oc-1d7">
         <name>.debug_info</name>
         <load_address>0x70f5</load_address>
         <run_address>0x70f5</run_address>
         <size>0x11b</size>
         <input_file_ref idref="fl-14a"/>
      </object_component>
      <object_component id="oc-1d9">
         <name>.debug_info</name>
         <load_address>0x7210</load_address>
         <run_address>0x7210</run_address>
         <size>0xc8</size>
         <input_file_ref idref="fl-148"/>
      </object_component>
      <object_component id="oc-1dc">
         <name>.debug_info</name>
         <load_address>0x72d8</load_address>
         <run_address>0x72d8</run_address>
         <size>0xeb</size>
         <input_file_ref idref="fl-138"/>
      </object_component>
      <object_component id="oc-1df">
         <name>.debug_info</name>
         <load_address>0x73c3</load_address>
         <run_address>0x73c3</run_address>
         <size>0x146</size>
         <input_file_ref idref="fl-138"/>
      </object_component>
      <object_component id="oc-1e4">
         <name>.debug_info</name>
         <load_address>0x7509</load_address>
         <run_address>0x7509</run_address>
         <size>0x2c</size>
         <input_file_ref idref="fl-135"/>
      </object_component>
      <object_component id="oc-1eb">
         <name>.debug_info</name>
         <load_address>0x7535</load_address>
         <run_address>0x7535</run_address>
         <size>0x2c</size>
         <input_file_ref idref="fl-137"/>
      </object_component>
      <object_component id="oc-1f7">
         <name>.debug_info</name>
         <load_address>0x7561</load_address>
         <run_address>0x7561</run_address>
         <size>0x1a4</size>
         <input_file_ref idref="fl-3"/>
      </object_component>
      <object_component id="oc-20e">
         <name>.debug_info</name>
         <load_address>0x7705</load_address>
         <run_address>0x7705</run_address>
         <size>0xb0</size>
         <input_file_ref idref="fl-4"/>
      </object_component>
      <object_component id="oc-212">
         <name>.debug_info</name>
         <load_address>0x77b5</load_address>
         <run_address>0x77b5</run_address>
         <size>0x12c3</size>
         <input_file_ref idref="fl-149"/>
      </object_component>
      <object_component id="oc-218">
         <name>.debug_info</name>
         <load_address>0x8a78</load_address>
         <run_address>0x8a78</run_address>
         <size>0x170</size>
         <input_file_ref idref="fl-140"/>
      </object_component>
      <object_component id="oc-219">
         <name>.debug_info</name>
         <load_address>0x8be8</load_address>
         <run_address>0x8be8</run_address>
         <size>0x4e</size>
         <input_file_ref idref="fl-3"/>
      </object_component>
      <object_component id="oc-21f">
         <name>.debug_info</name>
         <load_address>0x8c36</load_address>
         <run_address>0x8c36</run_address>
         <size>0xb8</size>
         <input_file_ref idref="fl-6"/>
      </object_component>
      <object_component id="oc-22b">
         <name>.debug_info</name>
         <load_address>0x8cee</load_address>
         <run_address>0x8cee</run_address>
         <size>0x147</size>
         <input_file_ref idref="fl-145"/>
      </object_component>
      <object_component id="oc-231">
         <name>.debug_info</name>
         <load_address>0x8e35</load_address>
         <run_address>0x8e35</run_address>
         <size>0xed</size>
         <input_file_ref idref="fl-150"/>
      </object_component>
      <object_component id="oc-235">
         <name>.debug_info</name>
         <load_address>0x8f22</load_address>
         <run_address>0x8f22</run_address>
         <size>0x172</size>
         <input_file_ref idref="fl-144"/>
      </object_component>
      <object_component id="oc-23b">
         <name>.debug_info</name>
         <load_address>0x9094</load_address>
         <run_address>0x9094</run_address>
         <size>0x127</size>
         <input_file_ref idref="fl-146"/>
      </object_component>
      <object_component id="oc-241">
         <name>.debug_info</name>
         <load_address>0x91bb</load_address>
         <run_address>0x91bb</run_address>
         <size>0x189</size>
         <input_file_ref idref="fl-147"/>
      </object_component>
      <object_component id="oc-252">
         <name>.debug_info</name>
         <load_address>0x9344</load_address>
         <run_address>0x9344</run_address>
         <size>0xa5</size>
         <input_file_ref idref="fl-13f"/>
      </object_component>
      <object_component id="oc-255">
         <name>.debug_info</name>
         <load_address>0x93e9</load_address>
         <run_address>0x93e9</run_address>
         <size>0xca</size>
         <input_file_ref idref="fl-13f"/>
      </object_component>
      <object_component id="oc-25b">
         <name>.debug_info</name>
         <load_address>0x94b3</load_address>
         <run_address>0x94b3</run_address>
         <size>0x148</size>
         <input_file_ref idref="fl-14d"/>
      </object_component>
      <object_component id="oc-25e">
         <name>.debug_info</name>
         <load_address>0x95fb</load_address>
         <run_address>0x95fb</run_address>
         <size>0x4b1</size>
         <input_file_ref idref="fl-3"/>
      </object_component>
      <object_component id="oc-267">
         <name>.debug_info</name>
         <load_address>0x9aac</load_address>
         <run_address>0x9aac</run_address>
         <size>0x5e</size>
         <input_file_ref idref="fl-14a"/>
      </object_component>
      <object_component id="oc-26f">
         <name>.debug_info</name>
         <load_address>0x9b0a</load_address>
         <run_address>0x9b0a</run_address>
         <size>0x1d4</size>
         <input_file_ref idref="fl-148"/>
      </object_component>
      <object_component id="oc-274">
         <name>.debug_info</name>
         <load_address>0x9cde</load_address>
         <run_address>0x9cde</run_address>
         <size>0xd9</size>
         <input_file_ref idref="fl-148"/>
      </object_component>
      <object_component id="oc-27f">
         <name>.debug_info</name>
         <load_address>0x9db7</load_address>
         <run_address>0x9db7</run_address>
         <size>0x13a</size>
         <input_file_ref idref="fl-15a"/>
      </object_component>
      <object_component id="oc-282">
         <name>.debug_info</name>
         <load_address>0x9ef1</load_address>
         <run_address>0x9ef1</run_address>
         <size>0xd5</size>
         <input_file_ref idref="fl-153"/>
      </object_component>
      <object_component id="oc-287">
         <name>.debug_info</name>
         <load_address>0x9fc6</load_address>
         <run_address>0x9fc6</run_address>
         <size>0x153</size>
         <input_file_ref idref="fl-159"/>
      </object_component>
      <object_component id="oc-28e">
         <name>.debug_info</name>
         <load_address>0xa119</load_address>
         <run_address>0xa119</run_address>
         <size>0xdd</size>
         <input_file_ref idref="fl-13a"/>
      </object_component>
      <object_component id="oc-292">
         <name>.debug_info</name>
         <load_address>0xa1f6</load_address>
         <run_address>0xa1f6</run_address>
         <size>0xe1</size>
         <input_file_ref idref="fl-151"/>
      </object_component>
      <object_component id="oc-297">
         <name>.debug_info</name>
         <load_address>0xa2d7</load_address>
         <run_address>0xa2d7</run_address>
         <size>0x177</size>
         <input_file_ref idref="fl-154"/>
      </object_component>
      <object_component id="oc-29e">
         <name>.debug_info</name>
         <load_address>0xa44e</load_address>
         <run_address>0xa44e</run_address>
         <size>0xfc</size>
         <input_file_ref idref="fl-156"/>
      </object_component>
      <object_component id="oc-2a2">
         <name>.debug_info</name>
         <load_address>0xa54a</load_address>
         <run_address>0xa54a</run_address>
         <size>0x111</size>
         <input_file_ref idref="fl-15b"/>
      </object_component>
      <object_component id="oc-2a9">
         <name>.debug_info</name>
         <load_address>0xa65b</load_address>
         <run_address>0xa65b</run_address>
         <size>0x160</size>
         <input_file_ref idref="fl-155"/>
      </object_component>
      <object_component id="oc-2ae">
         <name>.debug_info</name>
         <load_address>0xa7bb</load_address>
         <run_address>0xa7bb</run_address>
         <size>0x126</size>
         <input_file_ref idref="fl-14b"/>
      </object_component>
      <object_component id="oc-2b4">
         <name>.debug_info</name>
         <load_address>0xa8e1</load_address>
         <run_address>0xa8e1</run_address>
         <size>0x26b</size>
         <input_file_ref idref="fl-149"/>
      </object_component>
      <object_component id="oc-2b5">
         <name>.debug_info</name>
         <load_address>0xab4c</load_address>
         <run_address>0xab4c</run_address>
         <size>0x86</size>
         <input_file_ref idref="fl-149"/>
      </object_component>
      <object_component id="oc-2ba">
         <name>.debug_info</name>
         <load_address>0xabd2</load_address>
         <run_address>0xabd2</run_address>
         <size>0x39</size>
         <input_file_ref idref="fl-149"/>
      </object_component>
      <object_component id="oc-2c1">
         <name>.debug_info</name>
         <load_address>0xac0b</load_address>
         <run_address>0xac0b</run_address>
         <size>0x2c</size>
         <input_file_ref idref="fl-140"/>
      </object_component>
      <object_component id="oc-2c9">
         <name>.debug_info</name>
         <load_address>0xac37</load_address>
         <run_address>0xac37</run_address>
         <size>0x121</size>
         <input_file_ref idref="fl-15c"/>
      </object_component>
      <object_component id="oc-2cf">
         <name>.debug_info</name>
         <load_address>0xad58</load_address>
         <run_address>0xad58</run_address>
         <size>0xcf</size>
         <input_file_ref idref="fl-145"/>
      </object_component>
      <object_component id="oc-2d2">
         <name>.debug_info</name>
         <load_address>0xae27</load_address>
         <run_address>0xae27</run_address>
         <size>0xe5</size>
         <input_file_ref idref="fl-144"/>
      </object_component>
      <object_component id="oc-2d4">
         <name>.debug_info</name>
         <load_address>0xaf0c</load_address>
         <run_address>0xaf0c</run_address>
         <size>0x143</size>
         <input_file_ref idref="fl-152"/>
      </object_component>
      <object_component id="oc-2da">
         <name>.debug_info</name>
         <load_address>0xb04f</load_address>
         <run_address>0xb04f</run_address>
         <size>0xaa</size>
         <input_file_ref idref="fl-14f"/>
      </object_component>
      <object_component id="oc-2df">
         <name>.debug_info</name>
         <load_address>0xb0f9</load_address>
         <run_address>0xb0f9</run_address>
         <size>0x86</size>
         <input_file_ref idref="fl-3"/>
      </object_component>
      <object_component id="oc-2ea">
         <name>.debug_info</name>
         <load_address>0xb17f</load_address>
         <run_address>0xb17f</run_address>
         <size>0xcd</size>
         <input_file_ref idref="fl-14d"/>
      </object_component>
      <object_component id="oc-2f7">
         <name>.debug_info</name>
         <load_address>0xb24c</load_address>
         <run_address>0xb24c</run_address>
         <size>0x9f</size>
         <input_file_ref idref="fl-159"/>
      </object_component>
      <object_component id="oc-2fb">
         <name>.debug_info</name>
         <load_address>0xb2eb</load_address>
         <run_address>0xb2eb</run_address>
         <size>0x101</size>
         <input_file_ref idref="fl-154"/>
      </object_component>
      <object_component id="oc-2fe">
         <name>.debug_info</name>
         <load_address>0xb3ec</load_address>
         <run_address>0xb3ec</run_address>
         <size>0x10f</size>
         <input_file_ref idref="fl-15d"/>
      </object_component>
      <object_component id="oc-305">
         <name>.debug_info</name>
         <load_address>0xb4fb</load_address>
         <run_address>0xb4fb</run_address>
         <size>0xa6</size>
         <input_file_ref idref="fl-155"/>
      </object_component>
      <object_component id="oc-307">
         <name>.debug_info</name>
         <load_address>0xb5a1</load_address>
         <run_address>0xb5a1</run_address>
         <size>0xaf</size>
         <input_file_ref idref="fl-14e"/>
      </object_component>
      <object_component id="oc-30a">
         <name>.debug_info</name>
         <load_address>0xb650</load_address>
         <run_address>0xb650</run_address>
         <size>0xc5</size>
         <input_file_ref idref="fl-14b"/>
      </object_component>
      <object_component id="oc-30d">
         <name>.debug_info</name>
         <load_address>0xb715</load_address>
         <run_address>0xb715</run_address>
         <size>0x46</size>
         <input_file_ref idref="fl-149"/>
      </object_component>
      <object_component id="oc-313">
         <name>.debug_info</name>
         <load_address>0xb75b</load_address>
         <run_address>0xb75b</run_address>
         <size>0x9a</size>
         <input_file_ref idref="fl-15c"/>
      </object_component>
      <object_component id="oc-319">
         <name>.debug_info</name>
         <load_address>0xb7f5</load_address>
         <run_address>0xb7f5</run_address>
         <size>0x128</size>
         <input_file_ref idref="fl-157"/>
      </object_component>
      <object_component id="oc-31f">
         <name>.debug_info</name>
         <load_address>0xb91d</load_address>
         <run_address>0xb91d</run_address>
         <size>0xe2</size>
         <input_file_ref idref="fl-152"/>
      </object_component>
      <object_component id="oc-329">
         <name>.debug_info</name>
         <load_address>0xb9ff</load_address>
         <run_address>0xb9ff</run_address>
         <size>0x9a</size>
         <input_file_ref idref="fl-15d"/>
      </object_component>
      <object_component id="oc-32e">
         <name>.debug_info</name>
         <load_address>0xba99</load_address>
         <run_address>0xba99</run_address>
         <size>0xa3</size>
         <input_file_ref idref="fl-14e"/>
      </object_component>
      <object_component id="oc-334">
         <name>.debug_info</name>
         <load_address>0xbb3c</load_address>
         <run_address>0xbb3c</run_address>
         <size>0x13e</size>
         <input_file_ref idref="fl-158"/>
      </object_component>
      <object_component id="oc-33a">
         <name>.debug_info</name>
         <load_address>0xbc7a</load_address>
         <run_address>0xbc7a</run_address>
         <size>0xd1</size>
         <input_file_ref idref="fl-157"/>
      </object_component>
      <object_component id="oc-33d">
         <name>.debug_info</name>
         <load_address>0xbd4b</load_address>
         <run_address>0xbd4b</run_address>
         <size>0x6f</size>
         <input_file_ref idref="fl-152"/>
      </object_component>
      <object_component id="oc-342">
         <name>.debug_info</name>
         <load_address>0xbdba</load_address>
         <run_address>0xbdba</run_address>
         <size>0x112</size>
         <input_file_ref idref="fl-152"/>
      </object_component>
      <object_component id="oc-349">
         <name>.debug_info</name>
         <load_address>0xbecc</load_address>
         <run_address>0xbecc</run_address>
         <size>0xaf</size>
         <input_file_ref idref="fl-158"/>
      </object_component>
      <object_component id="oc-34c">
         <name>.debug_info</name>
         <load_address>0xbf7b</load_address>
         <run_address>0xbf7b</run_address>
         <size>0xf1</size>
         <input_file_ref idref="fl-158"/>
      </object_component>
      <object_component id="oc-34f">
         <name>.debug_info</name>
         <load_address>0xc06c</load_address>
         <run_address>0xc06c</run_address>
         <size>0x2c</size>
         <input_file_ref idref="fl-157"/>
      </object_component>
      <object_component id="oc-37b">
         <name>.debug_info</name>
         <load_address>0xc098</load_address>
         <run_address>0xc098</run_address>
         <size>0x9c</size>
      </object_component>
      <object_component id="oc-10">
         <name>.debug_pubnames</name>
         <load_address>0x0</load_address>
         <run_address>0x0</run_address>
         <size>0x23</size>
         <input_file_ref idref="fl-2"/>
      </object_component>
      <object_component id="oc-14">
         <name>.debug_pubnames</name>
         <load_address>0x23</load_address>
         <run_address>0x23</run_address>
         <size>0x1f</size>
         <input_file_ref idref="fl-134"/>
      </object_component>
      <object_component id="oc-19">
         <name>.debug_pubnames</name>
         <load_address>0x42</load_address>
         <run_address>0x42</run_address>
         <size>0x2b</size>
         <input_file_ref idref="fl-135"/>
      </object_component>
      <object_component id="oc-1f">
         <name>.debug_pubnames</name>
         <load_address>0x6d</load_address>
         <run_address>0x6d</run_address>
         <size>0x25</size>
         <input_file_ref idref="fl-137"/>
      </object_component>
      <object_component id="oc-26">
         <name>.debug_pubnames</name>
         <load_address>0x92</load_address>
         <run_address>0x92</run_address>
         <size>0x2c</size>
         <input_file_ref idref="fl-136"/>
      </object_component>
      <object_component id="oc-2c">
         <name>.debug_pubnames</name>
         <load_address>0xbe</load_address>
         <run_address>0xbe</run_address>
         <size>0x4c</size>
         <input_file_ref idref="fl-2"/>
      </object_component>
      <object_component id="oc-32">
         <name>.debug_pubnames</name>
         <load_address>0x10a</load_address>
         <run_address>0x10a</run_address>
         <size>0x294</size>
         <input_file_ref idref="fl-5"/>
      </object_component>
      <object_component id="oc-3b">
         <name>.debug_pubnames</name>
         <load_address>0x39e</load_address>
         <run_address>0x39e</run_address>
         <size>0x37</size>
         <input_file_ref idref="fl-14c"/>
      </object_component>
      <object_component id="oc-41">
         <name>.debug_pubnames</name>
         <load_address>0x3d5</load_address>
         <run_address>0x3d5</run_address>
         <size>0x21</size>
         <input_file_ref idref="fl-14a"/>
      </object_component>
      <object_component id="oc-46">
         <name>.debug_pubnames</name>
         <load_address>0x3f6</load_address>
         <run_address>0x3f6</run_address>
         <size>0x35</size>
         <input_file_ref idref="fl-138"/>
      </object_component>
      <object_component id="oc-4b">
         <name>.debug_pubnames</name>
         <load_address>0x42b</load_address>
         <run_address>0x42b</run_address>
         <size>0x23</size>
         <input_file_ref idref="fl-142"/>
      </object_component>
      <object_component id="oc-50">
         <name>.debug_pubnames</name>
         <load_address>0x44e</load_address>
         <run_address>0x44e</run_address>
         <size>0x1d</size>
         <input_file_ref idref="fl-13e"/>
      </object_component>
      <object_component id="oc-64">
         <name>.debug_pubnames</name>
         <load_address>0x46b</load_address>
         <run_address>0x46b</run_address>
         <size>0x2f</size>
         <input_file_ref idref="fl-136"/>
      </object_component>
      <object_component id="oc-70">
         <name>.debug_pubnames</name>
         <load_address>0x49a</load_address>
         <run_address>0x49a</run_address>
         <size>0x60</size>
         <input_file_ref idref="fl-5"/>
      </object_component>
      <object_component id="oc-79">
         <name>.debug_pubnames</name>
         <load_address>0x4fa</load_address>
         <run_address>0x4fa</run_address>
         <size>0x25</size>
         <input_file_ref idref="fl-5"/>
      </object_component>
      <object_component id="oc-86">
         <name>.debug_pubnames</name>
         <load_address>0x51f</load_address>
         <run_address>0x51f</run_address>
         <size>0x90</size>
         <input_file_ref idref="fl-7"/>
      </object_component>
      <object_component id="oc-8c">
         <name>.debug_pubnames</name>
         <load_address>0x5af</load_address>
         <run_address>0x5af</run_address>
         <size>0x1c</size>
         <input_file_ref idref="fl-5"/>
      </object_component>
      <object_component id="oc-8f">
         <name>.debug_pubnames</name>
         <load_address>0x5cb</load_address>
         <run_address>0x5cb</run_address>
         <size>0x23</size>
         <input_file_ref idref="fl-5"/>
      </object_component>
      <object_component id="oc-92">
         <name>.debug_pubnames</name>
         <load_address>0x5ee</load_address>
         <run_address>0x5ee</run_address>
         <size>0x20</size>
         <input_file_ref idref="fl-5"/>
      </object_component>
      <object_component id="oc-95">
         <name>.debug_pubnames</name>
         <load_address>0x60e</load_address>
         <run_address>0x60e</run_address>
         <size>0x26</size>
         <input_file_ref idref="fl-5"/>
      </object_component>
      <object_component id="oc-98">
         <name>.debug_pubnames</name>
         <load_address>0x634</load_address>
         <run_address>0x634</run_address>
         <size>0x26</size>
         <input_file_ref idref="fl-5"/>
      </object_component>
      <object_component id="oc-9b">
         <name>.debug_pubnames</name>
         <load_address>0x65a</load_address>
         <run_address>0x65a</run_address>
         <size>0x26</size>
         <input_file_ref idref="fl-5"/>
      </object_component>
      <object_component id="oc-9e">
         <name>.debug_pubnames</name>
         <load_address>0x680</load_address>
         <run_address>0x680</run_address>
         <size>0x26</size>
         <input_file_ref idref="fl-5"/>
      </object_component>
      <object_component id="oc-a2">
         <name>.debug_pubnames</name>
         <load_address>0x6a6</load_address>
         <run_address>0x6a6</run_address>
         <size>0xbf</size>
         <input_file_ref idref="fl-4"/>
      </object_component>
      <object_component id="oc-a8">
         <name>.debug_pubnames</name>
         <load_address>0x765</load_address>
         <run_address>0x765</run_address>
         <size>0x37</size>
         <input_file_ref idref="fl-5"/>
      </object_component>
      <object_component id="oc-ac">
         <name>.debug_pubnames</name>
         <load_address>0x79c</load_address>
         <run_address>0x79c</run_address>
         <size>0x32</size>
         <input_file_ref idref="fl-140"/>
      </object_component>
      <object_component id="oc-b4">
         <name>.debug_pubnames</name>
         <load_address>0x7ce</load_address>
         <run_address>0x7ce</run_address>
         <size>0x173</size>
         <input_file_ref idref="fl-6"/>
      </object_component>
      <object_component id="oc-e3">
         <name>.debug_pubnames</name>
         <load_address>0x941</load_address>
         <run_address>0x941</run_address>
         <size>0x2d</size>
         <input_file_ref idref="fl-5"/>
      </object_component>
      <object_component id="oc-ea">
         <name>.debug_pubnames</name>
         <load_address>0x96e</load_address>
         <run_address>0x96e</run_address>
         <size>0x28</size>
         <input_file_ref idref="fl-5"/>
      </object_component>
      <object_component id="oc-ed">
         <name>.debug_pubnames</name>
         <load_address>0x996</load_address>
         <run_address>0x996</run_address>
         <size>0x1f</size>
         <input_file_ref idref="fl-5"/>
      </object_component>
      <object_component id="oc-f0">
         <name>.debug_pubnames</name>
         <load_address>0x9b5</load_address>
         <run_address>0x9b5</run_address>
         <size>0x20</size>
         <input_file_ref idref="fl-5"/>
      </object_component>
      <object_component id="oc-f4">
         <name>.debug_pubnames</name>
         <load_address>0x9d5</load_address>
         <run_address>0x9d5</run_address>
         <size>0x22</size>
         <input_file_ref idref="fl-13d"/>
      </object_component>
      <object_component id="oc-fa">
         <name>.debug_pubnames</name>
         <load_address>0x9f7</load_address>
         <run_address>0x9f7</run_address>
         <size>0x1b</size>
         <input_file_ref idref="fl-141"/>
      </object_component>
      <object_component id="oc-ff">
         <name>.debug_pubnames</name>
         <load_address>0xa12</load_address>
         <run_address>0xa12</run_address>
         <size>0x24</size>
         <input_file_ref idref="fl-13c"/>
      </object_component>
      <object_component id="oc-105">
         <name>.debug_pubnames</name>
         <load_address>0xa36</load_address>
         <run_address>0xa36</run_address>
         <size>0x23</size>
         <input_file_ref idref="fl-143"/>
      </object_component>
      <object_component id="oc-109">
         <name>.debug_pubnames</name>
         <load_address>0xa59</load_address>
         <run_address>0xa59</run_address>
         <size>0x23</size>
         <input_file_ref idref="fl-13b"/>
      </object_component>
      <object_component id="oc-10e">
         <name>.debug_pubnames</name>
         <load_address>0xa7c</load_address>
         <run_address>0xa7c</run_address>
         <size>0x23</size>
         <input_file_ref idref="fl-139"/>
      </object_component>
      <object_component id="oc-112">
         <name>.debug_pubnames</name>
         <load_address>0xa9f</load_address>
         <run_address>0xa9f</run_address>
         <size>0x26</size>
         <input_file_ref idref="fl-13a"/>
      </object_component>
      <object_component id="oc-11c">
         <name>.debug_pubnames</name>
         <load_address>0xac5</load_address>
         <run_address>0xac5</run_address>
         <size>0x1e</size>
         <input_file_ref idref="fl-5"/>
      </object_component>
      <object_component id="oc-121">
         <name>.debug_pubnames</name>
         <load_address>0xae3</load_address>
         <run_address>0xae3</run_address>
         <size>0x2b</size>
         <input_file_ref idref="fl-5"/>
      </object_component>
      <object_component id="oc-124">
         <name>.debug_pubnames</name>
         <load_address>0xb0e</load_address>
         <run_address>0xb0e</run_address>
         <size>0x2e</size>
         <input_file_ref idref="fl-5"/>
      </object_component>
      <object_component id="oc-12d">
         <name>.debug_pubnames</name>
         <load_address>0xb3c</load_address>
         <run_address>0xb3c</run_address>
         <size>0x1e</size>
         <input_file_ref idref="fl-5"/>
      </object_component>
      <object_component id="oc-131">
         <name>.debug_pubnames</name>
         <load_address>0xb5a</load_address>
         <run_address>0xb5a</run_address>
         <size>0x25</size>
         <input_file_ref idref="fl-13f"/>
      </object_component>
      <object_component id="oc-136">
         <name>.debug_pubnames</name>
         <load_address>0xb7f</load_address>
         <run_address>0xb7f</run_address>
         <size>0x24</size>
         <input_file_ref idref="fl-5"/>
      </object_component>
      <object_component id="oc-150">
         <name>.debug_pubnames</name>
         <load_address>0xba3</load_address>
         <run_address>0xba3</run_address>
         <size>0x27</size>
         <input_file_ref idref="fl-5"/>
      </object_component>
      <object_component id="oc-1cc">
         <name>.debug_pubnames</name>
         <load_address>0xbca</load_address>
         <run_address>0xbca</run_address>
         <size>0x1e</size>
         <input_file_ref idref="fl-14d"/>
      </object_component>
      <object_component id="oc-1d3">
         <name>.debug_pubnames</name>
         <load_address>0xbe8</load_address>
         <run_address>0xbe8</run_address>
         <size>0x1b</size>
         <input_file_ref idref="fl-3"/>
      </object_component>
      <object_component id="oc-1da">
         <name>.debug_pubnames</name>
         <load_address>0xc03</load_address>
         <run_address>0xc03</run_address>
         <size>0x28</size>
         <input_file_ref idref="fl-148"/>
      </object_component>
      <object_component id="oc-1dd">
         <name>.debug_pubnames</name>
         <load_address>0xc2b</load_address>
         <run_address>0xc2b</run_address>
         <size>0x3a</size>
         <input_file_ref idref="fl-138"/>
      </object_component>
      <object_component id="oc-214">
         <name>.debug_pubnames</name>
         <load_address>0xc65</load_address>
         <run_address>0xc65</run_address>
         <size>0x89</size>
         <input_file_ref idref="fl-149"/>
      </object_component>
      <object_component id="oc-22d">
         <name>.debug_pubnames</name>
         <load_address>0xcee</load_address>
         <run_address>0xcee</run_address>
         <size>0x20</size>
         <input_file_ref idref="fl-145"/>
      </object_component>
      <object_component id="oc-233">
         <name>.debug_pubnames</name>
         <load_address>0xd0e</load_address>
         <run_address>0xd0e</run_address>
         <size>0x23</size>
         <input_file_ref idref="fl-150"/>
      </object_component>
      <object_component id="oc-237">
         <name>.debug_pubnames</name>
         <load_address>0xd31</load_address>
         <run_address>0xd31</run_address>
         <size>0x1e</size>
         <input_file_ref idref="fl-144"/>
      </object_component>
      <object_component id="oc-23d">
         <name>.debug_pubnames</name>
         <load_address>0xd4f</load_address>
         <run_address>0xd4f</run_address>
         <size>0x1f</size>
         <input_file_ref idref="fl-146"/>
      </object_component>
      <object_component id="oc-242">
         <name>.debug_pubnames</name>
         <load_address>0xd6e</load_address>
         <run_address>0xd6e</run_address>
         <size>0x6f</size>
         <input_file_ref idref="fl-147"/>
      </object_component>
      <object_component id="oc-253">
         <name>.debug_pubnames</name>
         <load_address>0xddd</load_address>
         <run_address>0xddd</run_address>
         <size>0x1b</size>
         <input_file_ref idref="fl-13f"/>
      </object_component>
      <object_component id="oc-25f">
         <name>.debug_pubnames</name>
         <load_address>0xdf8</load_address>
         <run_address>0xdf8</run_address>
         <size>0x30</size>
         <input_file_ref idref="fl-3"/>
      </object_component>
      <object_component id="oc-271">
         <name>.debug_pubnames</name>
         <load_address>0xe28</load_address>
         <run_address>0xe28</run_address>
         <size>0x43</size>
         <input_file_ref idref="fl-148"/>
      </object_component>
      <object_component id="oc-280">
         <name>.debug_pubnames</name>
         <load_address>0xe6b</load_address>
         <run_address>0xe6b</run_address>
         <size>0x39</size>
         <input_file_ref idref="fl-15a"/>
      </object_component>
      <object_component id="oc-284">
         <name>.debug_pubnames</name>
         <load_address>0xea4</load_address>
         <run_address>0xea4</run_address>
         <size>0x23</size>
         <input_file_ref idref="fl-153"/>
      </object_component>
      <object_component id="oc-289">
         <name>.debug_pubnames</name>
         <load_address>0xec7</load_address>
         <run_address>0xec7</run_address>
         <size>0x1d</size>
         <input_file_ref idref="fl-159"/>
      </object_component>
      <object_component id="oc-28f">
         <name>.debug_pubnames</name>
         <load_address>0xee4</load_address>
         <run_address>0xee4</run_address>
         <size>0x27</size>
         <input_file_ref idref="fl-13a"/>
      </object_component>
      <object_component id="oc-294">
[...]
      </symbol>
      <symbol id="sm-1c0">
         <name>deployAsteroid</name>
         <value>0x98f9</value>
         <object_component_ref idref="oc-2f"/>
      </symbol>
      <symbol id="sm-1c1">
         <name>resetGame</name>
         <value>0xa671</value>
         <object_component_ref idref="oc-2f"/>
      </symbol>
      <symbol id="sm-1c2">
         <name>read_highscore</name>
         <value>0x950b</value>
         <object_component_ref idref="oc-2f"/>
      </symbol>
      <symbol id="sm-1c3">
         <name>collision</name>
         <value>0x9f1f</value>
         <object_component_ref idref="oc-2f"/>
      </symbol>
      <symbol id="sm-1c4">
         <name>GPIOPortA_Handler</name>
         <value>0xa467</value>
         <object_component_ref idref="oc-2f"/>
      </symbol>
      <symbol id="sm-1c5">
         <name>writeString</name>
         <value>0xa377</value>
         <object_component_ref idref="oc-2f"/>
      </symbol>
      <symbol id="sm-1c6">
         <name>addAsteroidMedium</name>
         <value>0x9cab</value>
         <object_component_ref idref="oc-2f"/>
      </symbol>
      <symbol id="sm-1c7">
         <name>displayExplosionAnimation</name>
         <value>0x9db7</value>
         <object_component_ref idref="oc-2f"/>
      </symbol>
      <symbol id="sm-1c8">
         <name>powerup_shield_image</name>
         <value>0x8134</value>
         <object_component_ref idref="oc-11f"/>
      </symbol>
      <symbol id="sm-1c9">
         <name>Asteroid_Handler</name>
         <value>0xa535</value>
         <object_component_ref idref="oc-2f"/>
      </symbol>
      <symbol id="sm-1ca">
         <name>powerup</name>
         <value>0x20000540</value>
         <object_component_ref idref="oc-11a"/>
      </symbol>
      <symbol id="sm-1cb">
         <name>explosionImage3</name>
         <value>0x3d04</value>
         <object_component_ref idref="oc-9c"/>
      </symbol>
      <symbol id="sm-1cc">
         <name>explosionImage2</name>
         <value>0x297c</value>
         <object_component_ref idref="oc-99"/>
      </symbol>
      <symbol id="sm-1cd">
         <name>explosionImage1</name>
         <value>0x15f4</value>
         <object_component_ref idref="oc-96"/>
      </symbol>
      <symbol id="sm-1ce">
         <name>explosionImage0</name>
         <value>0x26c</value>
         <object_component_ref idref="oc-93"/>
      </symbol>
      <symbol id="sm-1cf">
         <name>printBMP</name>
         <value>0x9555</value>
         <object_component_ref idref="oc-2f"/>
      </symbol>
      <symbol id="sm-1d0">
         <name>Distance_Handler</name>
         <value>0xa58b</value>
         <object_component_ref idref="oc-2f"/>
      </symbol>
      <symbol id="sm-1d1">
         <name>Init_PowerUp</name>
         <value>0xa711</value>
         <object_component_ref idref="oc-2f"/>
      </symbol>
      <symbol id="sm-1d2">
         <name>playerControl</name>
         <value>0x963d</value>
         <object_component_ref idref="oc-2f"/>
      </symbol>
      <symbol id="sm-1d3">
         <name>Sound_Handler</name>
         <value>0xa60f</value>
         <object_component_ref idref="oc-2f"/>
      </symbol>
      <symbol id="sm-208">
         <name>erase_eeprom</name>
         <value>0xbf65</value>
         <object_component_ref idref="oc-b1"/>
      </symbol>
      <symbol id="sm-209">
         <name>check_eeprom_done</name>
         <value>0xbec7</value>
         <object_component_ref idref="oc-b1"/>
      </symbol>
      <symbol id="sm-20a">
         <name>start_DMA_transfer</name>
         <value>0xc19b</value>
         <object_component_ref idref="oc-b1"/>
      </symbol>
      <symbol id="sm-20b">
         <name>Init_DMA</name>
         <value>0xc0b3</value>
         <object_component_ref idref="oc-b1"/>
      </symbol>
      <symbol id="sm-20c">
         <name>ADC1</name>
         <value>0xbde5</value>
         <object_component_ref idref="oc-b1"/>
      </symbol>
      <symbol id="sm-20d">
         <name>ADC0</name>
         <value>0xbd97</value>
         <object_component_ref idref="oc-b1"/>
      </symbol>
      <symbol id="sm-20e">
         <name>config_DMA_channel</name>
         <value>0xc11b</value>
         <object_component_ref idref="oc-b1"/>
      </symbol>
      <symbol id="sm-20f">
         <name>check_flash_done</name>
         <value>0xbfa1</value>
         <object_component_ref idref="oc-b1"/>
      </symbol>
      <symbol id="sm-210">
         <name>Init_Analog</name>
         <value>0xbcb5</value>
         <object_component_ref idref="oc-b1"/>
      </symbol>
      <symbol id="sm-211">
         <name>delayMS</name>
         <value>0xb937</value>
         <object_component_ref idref="oc-b1"/>
      </symbol>
      <symbol id="sm-212">
         <name>Set_DMA_Base_Address</name>
         <value>0xc09d</value>
         <object_component_ref idref="oc-b1"/>
      </symbol>
      <symbol id="sm-213">
         <name>Init_Port</name>
         <value>0xba23</value>
         <object_component_ref idref="oc-b1"/>
      </symbol>
      <symbol id="sm-214">
         <name>Wait_SysTick</name>
         <value>0xb8f7</value>
         <object_component_ref idref="oc-b1"/>
      </symbol>
      <symbol id="sm-215">
         <name>Init_PLL</name>
         <value>0xb96d</value>
         <object_component_ref idref="oc-b1"/>
      </symbol>
      <symbol id="sm-216">
         <name>Init_EEPROM</name>
         <value>0xbe33</value>
         <object_component_ref idref="oc-b1"/>
      </symbol>
      <symbol id="sm-217">
         <name>write_eeprom</name>
         <value>0xbee5</value>
         <object_component_ref idref="oc-b1"/>
      </symbol>
      <symbol id="sm-218">
         <name>Init_SysTick</name>
         <value>0xb8dd</value>
         <object_component_ref idref="oc-b1"/>
      </symbol>
      <symbol id="sm-219">
         <name>write_flash_buffer</name>
         <value>0xc039</value>
         <object_component_ref idref="oc-b1"/>
      </symbol>
      <symbol id="sm-21a">
         <name>Init_SSI0</name>
         <value>0xbc67</value>
         <object_component_ref idref="oc-b1"/>
      </symbol>
      <symbol id="sm-21b">
         <name>write_flash</name>
         <value>0xbfe3</value>
         <object_component_ref idref="oc-b1"/>
      </symbol>
      <symbol id="sm-21c">
         <name>read_eeprom</name>
         <value>0xbf2b</value>
         <object_component_ref idref="oc-b1"/>
      </symbol>
      <symbol id="sm-237">
         <name>writeCmd</name>
         <value>0xc48b</value>
         <object_component_ref idref="oc-83"/>
      </symbol>
      <symbol id="sm-238">
         <name>setCursor</name>
         <value>0xc5e3</value>
         <object_component_ref idref="oc-83"/>
      </symbol>
      <symbol id="sm-239">
         <name>getY</name>
         <value>0xc79d</value>
         <object_component_ref idref="oc-83"/>
      </symbol>
      <symbol id="sm-23a">
         <name>getX</name>
         <value>0xc71f</value>
         <object_component_ref idref="oc-83"/>
      </symbol>
      <symbol id="sm-23b">
         <name>clearLCD</name>
         <value>0xc659</value>
         <object_component_ref idref="oc-83"/>
      </symbol>
      <symbol id="sm-23c">
         <name>setWindow</name>
         <value>0xc603</value>
         <object_component_ref idref="oc-83"/>
      </symbol>
      <symbol id="sm-23d">
         <name>writeReg</name>
         <value>0xc5c7</value>
         <object_component_ref idref="oc-83"/>
      </symbol>
      <symbol id="sm-23e">
         <name>writeData</name>
         <value>0xc529</value>
         <object_component_ref idref="oc-83"/>
      </symbol>
      <symbol id="sm-23f">
         <name>clearArea</name>
         <value>0xc69d</value>
         <object_component_ref idref="oc-83"/>
      </symbol>
      <symbol id="sm-240">
         <name>Init_LCD</name>
         <value>0xc1bd</value>
         <object_component_ref idref="oc-83"/>
      </symbol>
      <symbol id="sm-250">
         <name>_c_int00</name>
         <value>0xda05</value>
         <object_component_ref idref="oc-11"/>
      </symbol>
      <symbol id="sm-251">
         <name>__stack</name>
         <value>0x20000000</value>
         <object_component_ref idref="oc-28"/>
      </symbol>
      <symbol id="sm-268">
         <name>__TI_decompress_none</name>
         <value>0xdd5d</value>
         <object_component_ref idref="oc-16"/>
      </symbol>
      <symbol id="sm-28c">
         <name>__TI_decompress_rle24</name>
         <value>0xdd77</value>
         <object_component_ref idref="oc-22"/>
      </symbol>
      <symbol id="sm-2a5">
         <name>__TI_zero_init</name>
         <value>0xdd39</value>
         <object_component_ref idref="oc-1c"/>
      </symbol>
      <symbol id="sm-2c4">
         <name>C$$EXIT</name>
         <value>0xdad9</value>
         <object_component_ref idref="oc-43"/>
      </symbol>
      <symbol id="sm-2c5">
         <name>abort</name>
         <value>0xdadd</value>
         <object_component_ref idref="oc-43"/>
      </symbol>
      <symbol id="sm-2c6">
         <name>exit</name>
         <value>0xdae5</value>
         <object_component_ref idref="oc-43"/>
      </symbol>
      <symbol id="sm-2c7">
         <name>__TI_dtors_ptr</name>
         <value>0x200006e4</value>
         <object_component_ref idref="oc-1db"/>
      </symbol>
      <symbol id="sm-2c8">
         <name>__TI_cleanup_ptr</name>
         <value>0x200006e0</value>
         <object_component_ref idref="oc-1db"/>
      </symbol>
      <symbol id="sm-2df">
         <name>__aeabi_dsub</name>
         <value>0xcd45</value>
         <object_component_ref idref="oc-10b"/>
      </symbol>
      <symbol id="sm-2e0">
         <name>__aeabi_dadd</name>
         <value>0xcd4f</value>
         <object_component_ref idref="oc-10b"/>
      </symbol>
      <symbol id="sm-302">
         <name>__aeabi_cdcmpeq</name>
         <value>0xd66d</value>
         <object_component_ref idref="oc-110"/>
      </symbol>
      <symbol id="sm-303">
         <name>__aeabi_cdcmple</name>
         <value>0xd66d</value>
         <object_component_ref idref="oc-110"/>
      </symbol>
      <symbol id="sm-304">
         <name>__aeabi_cdrcmple</name>
         <value>0xd6f3</value>
         <object_component_ref idref="oc-28c"/>
      </symbol>
      <symbol id="sm-30f">
         <name>__aeabi_dmul</name>
         <value>0xd28d</value>
         <object_component_ref idref="oc-106"/>
      </symbol>
      <symbol id="sm-319">
         <name>__aeabi_d2uiz</name>
         <value>0xdb1d</value>
         <object_component_ref idref="oc-fc"/>
      </symbol>
      <symbol id="sm-323">
         <name>__aeabi_i2d</name>
         <value>0xdc49</value>
         <object_component_ref idref="oc-f1"/>
      </symbol>
      <symbol id="sm-33e">
         <name>memcpy</name>
         <value>0xd53b</value>
         <object_component_ref idref="oc-4d"/>
      </symbol>
      <symbol id="sm-33f">
         <name>__aeabi_memcpy</name>
         <value>0xd53b</value>
         <object_component_ref idref="oc-4d"/>
      </symbol>
      <symbol id="sm-340">
         <name>__aeabi_memcpy8</name>
         <value>0xd53b</value>
         <object_component_ref idref="oc-4d"/>
      </symbol>
      <symbol id="sm-341">
         <name>__aeabi_memcpy4</name>
         <value>0xd53b</value>
         <object_component_ref idref="oc-4d"/>
      </symbol>
      <symbol id="sm-35b">
         <name>rand</name>
         <value>0xd9cf</value>
         <object_component_ref idref="oc-12e"/>
      </symbol>
      <symbol id="sm-35c">
         <name>srand</name>
         <value>0xd9b9</value>
         <object_component_ref idref="oc-12e"/>
      </symbol>
      <symbol id="sm-375">
         <name>sprintf</name>
         <value>0xd855</value>
         <object_component_ref idref="oc-a9"/>
      </symbol>
      <symbol id="sm-38c">
         <name>sqrt</name>
         <value>0xcefd</value>
         <object_component_ref idref="oc-f6"/>
      </symbol>
      <symbol id="sm-394">
         <name>main_func_sp</name>
         <value>0x200006fc</value>
         <object_component_ref idref="oc-49"/>
      </symbol>
      <symbol id="sm-39e">
         <name>__aeabi_ui2d</name>
         <value>0xdca5</value>
         <object_component_ref idref="oc-101"/>
      </symbol>
      <symbol id="sm-3b9">
         <name>_Dscale</name>
         <value>0xd17d</value>
         <object_component_ref idref="oc-234"/>
      </symbol>
      <symbol id="sm-3cd">
         <name>_Dunscale</name>
         <value>0xd7f1</value>
         <object_component_ref idref="oc-229"/>
      </symbol>
      <symbol id="sm-3dc">
         <name>_Feraise</name>
         <value>0xdc19</value>
         <object_component_ref idref="oc-23a"/>
      </symbol>
      <symbol id="sm-3ec">
         <name>_Rteps</name>
         <value>0x200006b8</value>
         <object_component_ref idref="oc-240"/>
      </symbol>
      <symbol id="sm-3ed">
         <name>_Zero</name>
         <value>0x200006d0</value>
         <object_component_ref idref="oc-240"/>
      </symbol>
      <symbol id="sm-3ee">
         <name>_Hugeval</name>
         <value>0x20000678</value>
         <object_component_ref idref="oc-240"/>
      </symbol>
      <symbol id="sm-3ef">
         <name>_Snan</name>
         <value>0x200006a8</value>
         <object_component_ref idref="oc-240"/>
      </symbol>
      <symbol id="sm-3f0">
         <name>_Nan</name>
         <value>0x20000698</value>
         <object_component_ref idref="oc-240"/>
      </symbol>
      <symbol id="sm-3f1">
         <name>_Inf</name>
         <value>0x20000688</value>
         <object_component_ref idref="oc-240"/>
      </symbol>
      <symbol id="sm-3f2">
         <name>_Xbig</name>
         <value>0x200006c8</value>
         <object_component_ref idref="oc-240"/>
      </symbol>
      <symbol id="sm-3f3">
         <name>_Eps</name>
         <value>0x20000668</value>
         <object_component_ref idref="oc-240"/>
      </symbol>
      <symbol id="sm-3f4">
         <name>_Denorm</name>
         <value>0x20000658</value>
         <object_component_ref idref="oc-240"/>
      </symbol>
      <symbol id="sm-40d">
         <name>_nop</name>
         <value>0xdd1f</value>
         <object_component_ref idref="oc-26c"/>
      </symbol>
      <symbol id="sm-40e">
         <name>_lock</name>
         <value>0x200006d8</value>
         <object_component_ref idref="oc-1d8"/>
      </symbol>
      <symbol id="sm-40f">
         <name>_unlock</name>
         <value>0x200006dc</value>
         <object_component_ref idref="oc-1d8"/>
      </symbol>
      <symbol id="sm-410">
         <name>_register_lock</name>
         <value>0xdd17</value>
         <object_component_ref idref="oc-26c"/>
      </symbol>
      <symbol id="sm-411">
         <name>_register_unlock</name>
         <value>0xdd11</value>
         <object_component_ref idref="oc-26c"/>
      </symbol>
      <symbol id="sm-4fd">
         <name>__TI_printfi</name>
         <value>0xb5d3</value>
         <object_component_ref idref="oc-211"/>
      </symbol>
      <symbol id="sm-511">
         <name>_args_main</name>
         <value>0xdce1</value>
         <object_component_ref idref="oc-3d"/>
      </symbol>
      <symbol id="sm-527">
         <name>atoi</name>
         <value>0xd96d</value>
         <object_component_ref idref="oc-2ad"/>
      </symbol>
      <symbol id="sm-544">
         <name>__TI_auto_init</name>
         <value>0xd5d9</value>
         <object_component_ref idref="oc-38"/>
      </symbol>
      <symbol id="sm-55d">
         <name>copy_in</name>
         <value>0xda95</value>
         <object_component_ref idref="oc-1c9"/>
      </symbol>
      <symbol id="sm-568">
         <name>_ctypes_</name>
         <value>0x8f5c</value>
         <object_component_ref idref="oc-306"/>
      </symbol>
      <symbol id="sm-570">
         <name>_Errno</name>
         <value>0x200006f4</value>
         <object_component_ref idref="oc-2d9"/>
      </symbol>
      <symbol id="sm-584">
         <name>__aeabi_ddiv</name>
         <value>0xd045</value>
         <object_component_ref idref="oc-22f"/>
      </symbol>
      <symbol id="sm-58e">
         <name>__aeabi_d2iz</name>
         <value>0xda4d</value>
         <object_component_ref idref="oc-291"/>
      </symbol>
      <symbol id="sm-5ac">
         <name>feraiseexcept</name>
         <value>0xdbe5</value>
         <object_component_ref idref="oc-2d3"/>
      </symbol>
      <symbol id="sm-5ad">
         <name>_Tls_setup__Fenv</name>
         <value>0x200006ec</value>
         <object_component_ref idref="oc-31e"/>
      </symbol>
      <symbol id="sm-5ae">
         <name>_Fenv</name>
         <value>0x200006e8</value>
         <object_component_ref idref="oc-31e"/>
      </symbol>
      <symbol id="sm-5b7">
         <name>__aeabi_lmul</name>
         <value>0xdcf9</value>
         <object_component_ref idref="oc-281"/>
      </symbol>
      <symbol id="sm-5c6">
         <name>ltoa</name>
         <value>0xd913</value>
         <object_component_ref idref="oc-296"/>
      </symbol>
      <symbol id="sm-5d6">
         <name>memccpy</name>
         <value>0xdcc5</value>
         <object_component_ref idref="oc-2a7"/>
      </symbol>
      <symbol id="sm-5e5">
         <name>__aeabi_memset</name>
         <value>0xd77b</value>
         <object_component_ref idref="oc-29c"/>
      </symbol>
      <symbol id="sm-5e6">
         <name>memset</name>
         <value>0xd781</value>
         <object_component_ref idref="oc-29c"/>
      </symbol>
      <symbol id="sm-5e7">
         <name>__aeabi_memset8</name>
         <value>0xd77b</value>
         <object_component_ref idref="oc-29c"/>
      </symbol>
      <symbol id="sm-5e8">
         <name>__aeabi_memset4</name>
         <value>0xd77b</value>
         <object_component_ref idref="oc-29c"/>
      </symbol>
      <symbol id="sm-5e9">
         <name>__aeabi_memclr8</name>
         <value>0xd779</value>
         <object_component_ref idref="oc-29c"/>
      </symbol>
      <symbol id="sm-5ea">
         <name>__aeabi_memclr4</name>
         <value>0xd779</value>
         <object_component_ref idref="oc-29c"/>
      </symbol>
      <symbol id="sm-5eb">
         <name>__aeabi_memclr</name>
         <value>0xd779</value>
         <object_component_ref idref="oc-29c"/>
      </symbol>
      <symbol id="sm-5ff">
         <name>raise</name>
         <value>0xdc77</value>
         <object_component_ref idref="oc-318"/>
      </symbol>
      <symbol id="sm-619">
         <name>signal</name>
         <value>0xdba5</value>
         <object_component_ref idref="oc-333"/>
      </symbol>
      <symbol id="sm-627">
         <name>strlen</name>
         <value>0xdd25</value>
         <object_component_ref idref="oc-286"/>
      </symbol>
      <symbol id="sm-643">
         <name>__aeabi_uldivmod</name>
         <value>0xcb51</value>
         <object_component_ref idref="oc-27c"/>
      </symbol>
      <symbol id="sm-64d">
         <name>_Dclass</name>
         <value>0xdd4b</value>
         <object_component_ref idref="oc-2a1"/>
      </symbol>
      <symbol id="sm-662">
         <name>_Dnorm</name>
         <value>0xd477</value>
         <object_component_ref idref="oc-2c8"/>
      </symbol>
      <symbol id="sm-674">
         <name>_Dtest</name>
         <value>0xdb61</value>
         <object_component_ref idref="oc-2fd"/>
      </symbol>
      <symbol id="sm-675">
         <name>__TI_static_base__</name>
         <value>0x0</value>
      </symbol>
      <symbol id="sm-676">
         <name>__TI_args_main</name>
         <value>0x1</value>
      </symbol>
      <symbol id="sm-677">
         <name>SHT$$INIT_ARRAY$$Limit</name>
         <value>0x0</value>
      </symbol>
      <symbol id="sm-678">
         <name>SHT$$INIT_ARRAY$$Base</name>
         <value>0x0</value>
      </symbol>
   </symbol_table>
   <title>Link successful</title>
</link_info>
