******************************************************************************
                  TI ARM Linker PC v5.1.6                      
******************************************************************************
>> Linked Tue Jul 22 22:39:28 2014

OUTPUT FILE NAME:   <Astroidz.out>
ENTRY POINT SYMBOL: "_c_int00"  address: 00009d79


MEMORY CONFIGURATION

         name            origin    length      used     unused   attr    fill
----------------------  --------  ---------  --------  --------  ----  --------
  FLASH                 00000000   00040000  0000a8b8  00035748  R  X
  SRAM                  20000000   00008000  00001706  000068fa  RW X


SEGMENT ALLOCATION MAP

run origin  load origin   length   init length attrs members
----------  ----------- ---------- ----------- ----- -------
00000000    00000000    0000a8b8   0000a8b8    r-x
  00000000    00000000    0000026c   0000026c    r-- .intvecs
  0000026c    0000026c    00005d90   00005d90    r-- .const
  00005ffc    00005ffc    000040f4   000040f4    r-x .text
  0000a0f0    0000a0f0    000007c8   000007c8    r-- .cinit
20000000    20000000    00001706   00000000    rw-
  20000000    20000000    000010f8   00000000    rw- .data
  200010f8    200010f8    00000400   00000000    rw- .stack
  200014f8    200014f8    0000020e   00000000    rw- .bss


SECTION ALLOCATION MAP

 output                                  attributes/
section   page    origin      length       input sections
--------  ----  ----------  ----------   ----------------
.intvecs   0    00000000    0000026c     
                  00000000    0000026c     tm4c123gh6pm_startup_ccs.obj (.intvecs)

.init_array 
*          0    00000000    00000000     UNINITIALIZED

.const     0    0000026c    00005d90     
                  0000026c    00001388     game.obj (.const:explosionImage0)
                  000015f4    00001388     game.obj (.const:explosionImage1)
                  0000297c    00001388     game.obj (.const:explosionImage2)
                  00003d04    00001388     game.obj (.const:explosionImage3)
                  0000508c    00000960     game.obj (.const:alienshipImg)
                  000059ec    00000400     game.obj (.const:font8x8_basic)
                  00005dec    00000102     rtsv7M4_T_le_v4SPD16_eabi.lib : ctype.obj (.const:.string:_ctypes_)
                  00005eee    000000aa     game.obj (.const:laserbeam)
                  00005f98    00000054     game.obj (.const:.string)
                  00005fec    00000010     game.obj (.const)

.text      0    00005ffc    000040f4     
                  00005ffc    000011f0     game.obj (.text)
                  000071ec    00000ec0     rtsv7M4_T_le_v4SPD16_eabi.lib : _printfi.obj (.text)
                  000080ac    00000bb8     LCD.obj (.text)
                  00008c64    00000280     interrupts.obj (.text)
                  00008ee4    000001f4     rtsv7M4_T_le_v4SPD16_eabi.lib : ull_div_t2.obj (.text)
                  000090d8    000001b6                                   : fd_add_t2.obj (.text)
                  0000928e    00000002     --HOLE-- [fill = 0]
                  00009290    00000148                                   : sqrt.obj (.text)
                  000093d8    00000136                                   : fd_div_t2.obj (.text)
                  0000950e    00000002     --HOLE-- [fill = 0]
                  00009510    00000110                                   : xdscale.obj (.text)
                  00009620    000000fc                                   : fd_mul_t2.obj (.text)
                  0000971c    000000d0     main.obj (.text)
                  000097ec    000000c4     rtsv7M4_T_le_v4SPD16_eabi.lib : xdnorm.obj (.text)
                  000098b0    0000009c                                   : memcpy_t2.obj (.text)
                  0000994c    00000094                                   : auto_init.obj (.text)
                  000099e0    00000086                                   : fd_cmp_t2.obj (.text:__aeabi_cdcmple)
                  00009a66    00000086                                   : fd_cmp_t2.obj (.text:__aeabi_cdrcmple)
                  00009aec    00000078                                   : memset_t2.obj (.text)
                  00009b64    00000064                                   : xdunscal.obj (.text)
                  00009bc8    00000060                                   : sprintf.obj (.text)
                  00009c28    0000005e                                   : copy_decompress_rle.obj (.text)
                  00009c86    0000005a                                   : ltoa.obj (.text)
                  00009ce0    0000004c                                   : atoi.obj (.text)
                  00009d2c    0000004c                                   : rand.obj (.text)
                  00009d78    00000048                                   : boot.obj (.text)
                  00009dc0    00000048                                   : fd_toi_t2.obj (.text)
                  00009e08    00000044                                   : cpy_tbl.obj (.text)
                  00009e4c    00000044                                   : exit.obj (.text)
                  00009e90    00000044                                   : fd_tou_t2.obj (.text)
                  00009ed4    00000044                                   : xdtest.obj (.text)
                  00009f18    00000040                                   : signal.obj (.text)
                  00009f58    00000034                                   : feraiseexcept.obj (.text)
                  00009f8c    00000030                                   : xferaise.obj (.text)
                  00009fbc    0000002e                                   : i_tofd_t2.obj (.text)
                  00009fea    0000002e                                   : raise.obj (.text)
                  0000a018    00000020                                   : u_tofd_t2.obj (.text)
                  0000a038    0000001c                                   : memccpy.obj (.text)
                  0000a054    00000018                                   : args_main.obj (.text)
                  0000a06c    00000018                                   : ll_mul_t2.obj (.text)
                  0000a084    00000014                                   : _lock.obj (.text)
                  0000a098    00000014                                   : strlen.obj (.text)
                  0000a0ac    00000012                                   : copy_zero_init.obj (.text:decompress:ZI)
                  0000a0be    00000012                                   : xdclass.obj (.text)
                  0000a0d0    0000000e                                   : copy_decompress_none.obj (.text:decompress:none)
                  0000a0de    0000000c     tm4c123gh6pm_startup_ccs.obj (.text)
                  0000a0ea    00000006     rtsv7M4_T_le_v4SPD16_eabi.lib : copy_decompress_rle.obj (.text:decompress:rle24)

.cinit     0    0000a0f0    000007c8     
                  0000a0f0    000007a2     (.cinit..data.load) [load image, compression = rle]
                  0000a892    00000002     --HOLE-- [fill = 0]
                  0000a894    0000000c     (__TI_handler_table)
                  0000a8a0    00000008     (.cinit..bss.load) [load image, compression = zero_init]
                  0000a8a8    00000010     (__TI_cinit_table)

.data      0    20000000    000010f8     UNINITIALIZED
                  20000000    00000c80     game.obj (.data:spaceshipImage)
                  20000c80    00000320     game.obj (.data:asteroidm)
                  20000fa0    000000b0     rtsv7M4_T_le_v4SPD16_eabi.lib : signal.obj (.data:sigtable)
                  20001050    00000080                                   : xvalues.obj (.data)
                  200010d0    00000008                                   : _lock.obj (.data)
                  200010d8    00000008                                   : exit.obj (.data)
                  200010e0    00000008                                   : feraiseexcept.obj (.data)
                  200010e8    00000004     game.obj (.data)
                  200010ec    00000004     rtsv7M4_T_le_v4SPD16_eabi.lib : errno.obj (.data)
                  200010f0    00000004                                   : rand.obj (.data)
                  200010f4    00000004                                   : stkdepth_vars.obj (.data)

.stack     0    200010f8    00000400     UNINITIALIZED
                  200010f8    00000400     --HOLE--

.bss       0    200014f8    0000020e     UNINITIALIZED
                  200014f8    000000a8     game.obj (.bss:asteroid)
                  200015a0    000000a8     game.obj (.bss:laser)
                  20001648    00000060     game.obj (.bss:explosion)
                  200016a8    00000038     game.obj (.bss:alien)
                  200016e0    0000001c     (.common:player)
                  200016fc    00000004     (.common:TimerCount)
                  20001700    00000004     (.common:sliderPosition)
                  20001704    00000001     (.common:Index)
                  20001705    00000001     (.common:start)


LINKER GENERATED COPY TABLES

__TI_cinit_table @ 0000a8a8 records: 2, size/record: 8, table size: 16
	.data: load addr=0000a0f0, load size=000007a2 bytes, run addr=20000000, run size=000010f8 bytes, compression=rle
	.bss: load addr=0000a8a0, load size=00000008 bytes, run addr=200014f8, run size=0000020e bytes, compression=zero_init


LINKER GENERATED HANDLER TABLE

__TI_handler_table @ 0000a894 records: 3, size/record: 4, table size: 12
	index: 0, handler: __TI_decompress_rle24
	index: 1, handler: __TI_decompress_none
	index: 2, handler: __TI_zero_init


GLOBAL SYMBOLS: SORTED ALPHABETICALLY BY Name 

address    name
--------   ----
0000891f   ADC0
0000705b   Asteroid_Handler
00008d53   Asteroid_Start
00008d47   Asteroid_Stop
00009e4d   C$$EXIT
0000709b   Distance_Handler
00008dc9   Distance_Start
00008dbd   Distance_Stop
00006ffd   GPIOPortA_Handler
20001704   Index
0000603f   Init_Alien
0000861d   Init_Analog
00008b3b   Init_DMA
0000896d   Init_EEPROM
000060fb   Init_Explosions
00008c65   Init_Interrupt
00008301   Init_LCD
00008105   Init_PLL
00005ffd   Init_Player
0000816b   Init_Port
000085b9   Init_SSI0
00008dd5   Init_Sound
000061ad   Init_StartScreen
000080ad   Init_SysTick
00008ce9   Init_Timer0A
00008d5f   Init_Timer1A
0000a0df   ResetISR
UNDEFED    SHT$$INIT_ARRAY$$Base
UNDEFED    SHT$$INIT_ARRAY$$Limit
00008b2b   Set_DMA_Base_Address
00005f98   SineWave
000070b1   Sound_Handler
00008e45   Sound_Start
00008e39   Sound_Stop
200016fc   TimerCount
00007041   Touchscreen_Handler
000080bb   Wait_SysTick
0000a0bf   _Dclass
20001050   _Denorm
000097ed   _Dnorm
00009511   _Dscale
00009ed5   _Dtest
00009b65   _Dunscale
20001060   _Eps
200010ec   _Errno
200010e0   _Fenv
00009f8d   _Feraise
20001070   _Hugeval
20001080   _Inf
20001090   _Nan
200010b0   _Rteps
200010a0   _Snan
200010e4   _Tls_setup__Fenv
200010c0   _Xbig
200010c8   _Zero
200014f8   __STACK_END
00000400   __STACK_SIZE
200012f8   __STACK_TOP
0000a8a8   __TI_CINIT_Base
0000a8b8   __TI_CINIT_Limit
0000a894   __TI_Handler_Table_Base
0000a8a0   __TI_Handler_Table_Limit
00000001   __TI_args_main
0000994d   __TI_auto_init
200010d8   __TI_cleanup_ptr
0000a0d1   __TI_decompress_none
0000a0eb   __TI_decompress_rle24
200010dc   __TI_dtors_ptr
00007da3   __TI_printfi
00000000   __TI_static_base__
0000a0ad   __TI_zero_init
000099e1   __aeabi_cdcmpeq
000099e1   __aeabi_cdcmple
00009a67   __aeabi_cdrcmple
00009dc1   __aeabi_d2iz
00009e91   __aeabi_d2uiz
000090e3   __aeabi_dadd
000093d9   __aeabi_ddiv
00009621   __aeabi_dmul
000090d9   __aeabi_dsub
00009fbd   __aeabi_i2d
0000a06d   __aeabi_lmul
00009aed   __aeabi_memclr
00009aed   __aeabi_memclr4
00009aed   __aeabi_memclr8
000098b1   __aeabi_memcpy
000098b1   __aeabi_memcpy4
000098b1   __aeabi_memcpy8
00009aef   __aeabi_memset
00009aef   __aeabi_memset4
00009aef   __aeabi_memset8
0000a019   __aeabi_ui2d
00008ee5   __aeabi_uldivmod
ffffffff   __binit__
ffffffff   __c_args__
200010f8   __stack
0000a055   _args_main
00009d79   _c_int00
00005dec   _ctypes_
200010d0   _lock
0000a093   _nop
0000a08b   _register_lock
0000a085   _register_unlock
200010d4   _unlock
00009e51   abort
000067f1   addAsteroidMedium
00006b69   addLaser
200016a8   alien
0000508c   alienshipImg
200014f8   asteroid
20000c80   asteroidm
00009ce1   atoi
ffffffff   binit
000089d1   check_eeprom_done
00008a7f   check_flash_done
00008823   clearArea
000087e5   clearLCD
000069e5   collision
00008b79   config_DMA_channel
00009e09   copy_in
000080db   delayMS
000067c9   deleteAsteroid
000064cd   deployAsteroid
00006aeb   detectPlayerCollision
00006e39   displayCountDown
000061df   displayEndScreen
000068dd   displayExplosionAnimation
00008a55   erase_sector
00009e59   exit
20001648   explosion
0000026c   explosionImage0
000015f4   explosionImage1
0000297c   explosionImage2
00003d04   explosionImage3
00009f59   feraiseexcept
000059ec   font8x8_basic
00000000   g_pfnVectors
000062a3   getCenter
000064a1   getPlayerPosition
00008893   getX
000088d9   getY
200015a0   laser
00005eee   laserbeam
00006b25   loopEndGame
00009c87   ltoa
0000971d   main
200010f4   main_func_sp
0000a039   memccpy
000098b1   memcpy
00009af5   memset
00006665   moveAsteroid
00006c95   moveLaser
00006df1   playSound
200016e0   player
00006439   playerControl
00006311   printBMP
00006365   printBMP2
00009feb   raise
00009d43   rand
00006ed9   randomValue
00008b13   read_flash
00006297   read_highscore
00008a27   read_sector
200010ea   reset
000070e9   resetGame
00008795   setAddress
00008775   setCursor
00009f19   signal
20001700   sliderPosition
20000000   spaceshipImage
00009bc9   sprintf
00009291   sqrt
00009d2d   srand
20001705   start
0000a099   strlen
00006f6f   writeCharacter
00008689   writeCmd
000086f5   writeData
00008759   writeReg
00006f1d   writeString
00008aad   write_flash
00008ad9   write_flash_buffer
00006287   write_highscore
000089f9   write_sector


GLOBAL SYMBOLS: SORTED BY Symbol Address 

address    name
--------   ----
00000000   __TI_static_base__
00000000   g_pfnVectors
00000001   __TI_args_main
0000026c   explosionImage0
00000400   __STACK_SIZE
000015f4   explosionImage1
0000297c   explosionImage2
00003d04   explosionImage3
0000508c   alienshipImg
000059ec   font8x8_basic
00005dec   _ctypes_
00005eee   laserbeam
00005f98   SineWave
00005ffd   Init_Player
0000603f   Init_Alien
000060fb   Init_Explosions
000061ad   Init_StartScreen
000061df   displayEndScreen
00006287   write_highscore
00006297   read_highscore
000062a3   getCenter
00006311   printBMP
00006365   printBMP2
00006439   playerControl
000064a1   getPlayerPosition
000064cd   deployAsteroid
00006665   moveAsteroid
000067c9   deleteAsteroid
000067f1   addAsteroidMedium
000068dd   displayExplosionAnimation
000069e5   collision
00006aeb   detectPlayerCollision
00006b25   loopEndGame
00006b69   addLaser
00006c95   moveLaser
00006df1   playSound
00006e39   displayCountDown
00006ed9   randomValue
00006f1d   writeString
00006f6f   writeCharacter
00006ffd   GPIOPortA_Handler
00007041   Touchscreen_Handler
0000705b   Asteroid_Handler
0000709b   Distance_Handler
000070b1   Sound_Handler
000070e9   resetGame
00007da3   __TI_printfi
000080ad   Init_SysTick
000080bb   Wait_SysTick
000080db   delayMS
00008105   Init_PLL
0000816b   Init_Port
00008301   Init_LCD
000085b9   Init_SSI0
0000861d   Init_Analog
00008689   writeCmd
000086f5   writeData
00008759   writeReg
00008775   setCursor
00008795   setAddress
000087e5   clearLCD
00008823   clearArea
00008893   getX
000088d9   getY
0000891f   ADC0
0000896d   Init_EEPROM
000089d1   check_eeprom_done
000089f9   write_sector
00008a27   read_sector
00008a55   erase_sector
00008a7f   check_flash_done
00008aad   write_flash
00008ad9   write_flash_buffer
00008b13   read_flash
00008b2b   Set_DMA_Base_Address
00008b3b   Init_DMA
00008b79   config_DMA_channel
00008c65   Init_Interrupt
00008ce9   Init_Timer0A
00008d47   Asteroid_Stop
00008d53   Asteroid_Start
00008d5f   Init_Timer1A
00008dbd   Distance_Stop
00008dc9   Distance_Start
00008dd5   Init_Sound
00008e39   Sound_Stop
00008e45   Sound_Start
00008ee5   __aeabi_uldivmod
000090d9   __aeabi_dsub
000090e3   __aeabi_dadd
00009291   sqrt
000093d9   __aeabi_ddiv
00009511   _Dscale
00009621   __aeabi_dmul
0000971d   main
000097ed   _Dnorm
000098b1   __aeabi_memcpy
000098b1   __aeabi_memcpy4
000098b1   __aeabi_memcpy8
000098b1   memcpy
0000994d   __TI_auto_init
000099e1   __aeabi_cdcmpeq
000099e1   __aeabi_cdcmple
00009a67   __aeabi_cdrcmple
00009aed   __aeabi_memclr
00009aed   __aeabi_memclr4
00009aed   __aeabi_memclr8
00009aef   __aeabi_memset
00009aef   __aeabi_memset4
00009aef   __aeabi_memset8
00009af5   memset
00009b65   _Dunscale
00009bc9   sprintf
00009c87   ltoa
00009ce1   atoi
00009d2d   srand
00009d43   rand
00009d79   _c_int00
00009dc1   __aeabi_d2iz
00009e09   copy_in
00009e4d   C$$EXIT
00009e51   abort
00009e59   exit
00009e91   __aeabi_d2uiz
00009ed5   _Dtest
00009f19   signal
00009f59   feraiseexcept
00009f8d   _Feraise
00009fbd   __aeabi_i2d
00009feb   raise
0000a019   __aeabi_ui2d
0000a039   memccpy
0000a055   _args_main
0000a06d   __aeabi_lmul
0000a085   _register_unlock
0000a08b   _register_lock
0000a093   _nop
0000a099   strlen
0000a0ad   __TI_zero_init
0000a0bf   _Dclass
0000a0d1   __TI_decompress_none
0000a0df   ResetISR
0000a0eb   __TI_decompress_rle24
0000a894   __TI_Handler_Table_Base
0000a8a0   __TI_Handler_Table_Limit
0000a8a8   __TI_CINIT_Base
0000a8b8   __TI_CINIT_Limit
20000000   spaceshipImage
20000c80   asteroidm
20001050   _Denorm
20001060   _Eps
20001070   _Hugeval
20001080   _Inf
20001090   _Nan
200010a0   _Snan
200010b0   _Rteps
200010c0   _Xbig
200010c8   _Zero
200010d0   _lock
200010d4   _unlock
200010d8   __TI_cleanup_ptr
200010dc   __TI_dtors_ptr
200010e0   _Fenv
200010e4   _Tls_setup__Fenv
200010ea   reset
200010ec   _Errno
200010f4   main_func_sp
200010f8   __stack
200012f8   __STACK_TOP
200014f8   __STACK_END
200014f8   asteroid
200015a0   laser
20001648   explosion
200016a8   alien
200016e0   player
200016fc   TimerCount
20001700   sliderPosition
20001704   Index
20001705   start
ffffffff   __binit__
ffffffff   __c_args__
ffffffff   binit
UNDEFED    SHT$$INIT_ARRAY$$Base
UNDEFED    SHT$$INIT_ARRAY$$Limit

[184 symbols]
