******************************************************************************
                  TI ARM Linker PC v5.1.6                      
******************************************************************************
>> Linked Wed Jul 16 01:49:07 2014

OUTPUT FILE NAME:   <Astroidz.out>
ENTRY POINT SYMBOL: "_c_int00"  address: 00008041


MEMORY CONFIGURATION

         name            origin    length      used     unused   attr    fill
----------------------  --------  ---------  --------  --------  ----  --------
  FLASH                 00000000   00040000  000086e8  00037918  R  X
  SRAM                  20000000   00008000  00000a50  000075b0  RW X


SEGMENT ALLOCATION MAP

run origin  load origin   length   init length attrs members
----------  ----------- ---------- ----------- ----- -------
00000000    00000000    000086e8   000086e8    r-x
  00000000    00000000    0000026c   0000026c    r-- .intvecs
  0000026c    0000026c    000043d0   000043d0    r-- .const
  0000463c    0000463c    00003d7c   00003d7c    r-x .text
  000083b8    000083b8    00000330   00000330    r-- .cinit
20000000    20000000    00000a52   00000000    rw-
  20000000    20000000    00000556   00000000    rw- .data
  20000558    20000558    00000400   00000000    rw- .stack
  20000958    20000958    000000fa   00000000    rw- .bss


SECTION ALLOCATION MAP

 output                                  attributes/
section   page    origin      length       input sections
--------  ----  ----------  ----------   ----------------
.intvecs   0    00000000    0000026c     
                  00000000    0000026c     tm4c123gh6pm_startup_ccs.obj (.intvecs)

.init_array 
*          0    00000000    00000000     UNINITIALIZED

.const     0    0000026c    000043d0     
                  0000026c    00001388     game.obj (.const:asteroidm)
                  000015f4    00001388     game.obj (.const:explosionImage3)
                  0000297c    00000c80     game.obj (.const:explosionImage2)
                  000035fc    00000960     game.obj (.const:spaceshipImage)
                  00003f5c    00000320     game.obj (.const:explosionImage1)
                  0000427c    00000258     game.obj (.const:laserbeam)
                  000044d4    00000102     rtsv7M4_T_le_v4SPD16_eabi.lib : ctype.obj (.const:.string:_ctypes_)
                  000045d6    00000002     --HOLE-- [fill = 0]
                  000045d8    00000054     game.obj (.const:.string)
                  0000462c    00000010     game.obj (.const)

.text      0    0000463c    00003d7c     
                  0000463c    0000103c     game.obj (.text)
                  00005678    00000ec0     rtsv7M4_T_le_v4SPD16_eabi.lib : _printfi.obj (.text)
                  00006538    00000a10     LCD.obj (.text)
                  00006f48    00000280     interrupts.obj (.text)
                  000071c8    000001f4     rtsv7M4_T_le_v4SPD16_eabi.lib : ull_div_t2.obj (.text)
                  000073bc    000001b6                                   : fd_add_t2.obj (.text)
                  00007572    00000002     --HOLE-- [fill = 0]
                  00007574    00000148                                   : sqrt.obj (.text)
                  000076bc    00000136                                   : fd_div_t2.obj (.text)
                  000077f2    00000002     --HOLE-- [fill = 0]
                  000077f4    00000110                                   : xdscale.obj (.text)
                  00007904    000000fc                                   : fd_mul_t2.obj (.text)
                  00007a00    000000c4                                   : xdnorm.obj (.text)
                  00007ac4    000000b4     main.obj (.text)
                  00007b78    0000009c     rtsv7M4_T_le_v4SPD16_eabi.lib : memcpy_t2.obj (.text)
                  00007c14    00000094                                   : auto_init.obj (.text)
                  00007ca8    00000086                                   : fd_cmp_t2.obj (.text:__aeabi_cdcmple)
                  00007d2e    00000086                                   : fd_cmp_t2.obj (.text:__aeabi_cdrcmple)
                  00007db4    00000078                                   : memset_t2.obj (.text)
                  00007e2c    00000064                                   : xdunscal.obj (.text)
                  00007e90    00000060                                   : sprintf.obj (.text)
                  00007ef0    0000005e                                   : copy_decompress_rle.obj (.text)
                  00007f4e    0000005a                                   : ltoa.obj (.text)
                  00007fa8    0000004c                                   : atoi.obj (.text)
                  00007ff4    0000004c                                   : rand.obj (.text)
                  00008040    00000048                                   : boot.obj (.text)
                  00008088    00000048                                   : fd_toi_t2.obj (.text)
                  000080d0    00000044                                   : cpy_tbl.obj (.text)
                  00008114    00000044                                   : exit.obj (.text)
                  00008158    00000044                                   : fd_tou_t2.obj (.text)
                  0000819c    00000044                                   : xdtest.obj (.text)
                  000081e0    00000040                                   : signal.obj (.text)
                  00008220    00000034                                   : feraiseexcept.obj (.text)
                  00008254    00000030                                   : xferaise.obj (.text)
                  00008284    0000002e                                   : i_tofd_t2.obj (.text)
                  000082b2    0000002e                                   : raise.obj (.text)
                  000082e0    00000020                                   : u_tofd_t2.obj (.text)
                  00008300    0000001c                                   : memccpy.obj (.text)
                  0000831c    00000018                                   : args_main.obj (.text)
                  00008334    00000018                                   : ll_mul_t2.obj (.text)
                  0000834c    00000014                                   : _lock.obj (.text)
                  00008360    00000014                                   : strlen.obj (.text)
                  00008374    00000012                                   : copy_zero_init.obj (.text:decompress:ZI)
                  00008386    00000012                                   : xdclass.obj (.text)
                  00008398    0000000e                                   : copy_decompress_none.obj (.text:decompress:none)
                  000083a6    0000000c     tm4c123gh6pm_startup_ccs.obj (.text)
                  000083b2    00000006     rtsv7M4_T_le_v4SPD16_eabi.lib : copy_decompress_rle.obj (.text:decompress:rle24)

.cinit     0    000083b8    00000330     
                  000083b8    0000030a     (.cinit..data.load) [load image, compression = rle]
                  000086c2    00000002     --HOLE-- [fill = 0]
                  000086c4    0000000c     (__TI_handler_table)
                  000086d0    00000008     (.cinit..bss.load) [load image, compression = zero_init]
                  000086d8    00000010     (__TI_cinit_table)

.data      0    20000000    00000556     UNINITIALIZED
                  20000000    00000400     game.obj (.data:font8x8_basic)
                  20000400    000000b0     rtsv7M4_T_le_v4SPD16_eabi.lib : signal.obj (.data:sigtable)
                  200004b0    00000080                                   : xvalues.obj (.data)
                  20000530    00000008                                   : _lock.obj (.data)
                  20000538    00000008                                   : exit.obj (.data)
                  20000540    00000008                                   : feraiseexcept.obj (.data)
                  20000548    00000004                                   : errno.obj (.data)
                  2000054c    00000004                                   : rand.obj (.data)
                  20000550    00000004                                   : stkdepth_vars.obj (.data)
                  20000554    00000002     game.obj (.data)

.stack     0    20000558    00000400     UNINITIALIZED
                  20000558    00000400     --HOLE--

.bss       0    20000958    000000fa     UNINITIALIZED
                  20000958    00000054     game.obj (.bss:laser)
                  200009ac    00000048     game.obj (.bss:explosion)
                  200009f4    00000038     game.obj (.bss:asteroid)
                  20000a2c    0000001c     (.common:player)
                  20000a48    00000004     (.common:TimerCount)
                  20000a4c    00000004     (.common:sliderPosition)
                  20000a50    00000001     (.common:Index)
                  20000a51    00000001     (.common:semaphore)


LINKER GENERATED COPY TABLES

__TI_cinit_table @ 000086d8 records: 2, size/record: 8, table size: 16
	.data: load addr=000083b8, load size=0000030a bytes, run addr=20000000, run size=00000556 bytes, compression=rle
	.bss: load addr=000086d0, load size=00000008 bytes, run addr=20000958, run size=000000fa bytes, compression=zero_init


LINKER GENERATED HANDLER TABLE

__TI_handler_table @ 000086c4 records: 3, size/record: 4, table size: 12
	index: 0, handler: __TI_decompress_rle24
	index: 1, handler: __TI_decompress_none
	index: 2, handler: __TI_zero_init


GLOBAL SYMBOLS: SORTED ALPHABETICALLY BY Name 

address    name
--------   ----
00006dab   ADC0
00005535   Asteroid_Handler
00007037   Asteroid_Start
0000702b   Asteroid_Stop
00008115   C$$EXIT
0000556d   Distance_Handler
000070ad   Distance_Start
000070a1   Distance_Stop
000054fd   GPIOPortA_Handler
20000a50   Index
00006aa9   Init_Analog
00006df9   Init_EEPROM
0000467f   Init_Explosions
00006f49   Init_Interrupt
0000678d   Init_LCD
00006591   Init_PLL
0000463d   Init_Player
000065f7   Init_Port
00006a45   Init_SSI0
000070b9   Init_Sound
0000472f   Init_StartScreen
00006539   Init_SysTick
00006fcd   Init_Timer0A
00007043   Init_Timer1A
000083a7   ResetISR
UNDEFED    SHT$$INIT_ARRAY$$Base
UNDEFED    SHT$$INIT_ARRAY$$Limit
000045d8   SineWave
0000557d   Sound_Handler
00007129   Sound_Start
0000711d   Sound_Stop
20000a48   TimerCount
0000551b   Touchscreen_Handler
00006547   Wait_SysTick
00008387   _Dclass
200004b0   _Denorm
00007a01   _Dnorm
000077f5   _Dscale
0000819d   _Dtest
00007e2d   _Dunscale
200004c0   _Eps
20000548   _Errno
20000540   _Fenv
00008255   _Feraise
200004d0   _Hugeval
200004e0   _Inf
200004f0   _Nan
20000510   _Rteps
20000500   _Snan
20000544   _Tls_setup__Fenv
20000520   _Xbig
20000528   _Zero
20000958   __STACK_END
00000400   __STACK_SIZE
20000758   __STACK_TOP
000086d8   __TI_CINIT_Base
000086e8   __TI_CINIT_Limit
000086c4   __TI_Handler_Table_Base
000086d0   __TI_Handler_Table_Limit
00000001   __TI_args_main
00007c15   __TI_auto_init
20000538   __TI_cleanup_ptr
00008399   __TI_decompress_none
000083b3   __TI_decompress_rle24
2000053c   __TI_dtors_ptr
0000622f   __TI_printfi
00000000   __TI_static_base__
00008375   __TI_zero_init
00007ca9   __aeabi_cdcmpeq
00007ca9   __aeabi_cdcmple
00007d2f   __aeabi_cdrcmple
00008089   __aeabi_d2iz
00008159   __aeabi_d2uiz
000073c7   __aeabi_dadd
000076bd   __aeabi_ddiv
00007905   __aeabi_dmul
000073bd   __aeabi_dsub
00008285   __aeabi_i2d
00008335   __aeabi_lmul
00007db5   __aeabi_memclr
00007db5   __aeabi_memclr4
00007db5   __aeabi_memclr8
00007b79   __aeabi_memcpy
00007b79   __aeabi_memcpy4
00007b79   __aeabi_memcpy8
00007db7   __aeabi_memset
00007db7   __aeabi_memset4
00007db7   __aeabi_memset8
000082e1   __aeabi_ui2d
000071c9   __aeabi_uldivmod
ffffffff   __binit__
ffffffff   __c_args__
20000558   __stack
0000831d   _args_main
00008041   _c_int00
000044d4   _ctypes_
20000530   _lock
0000835b   _nop
00008353   _register_lock
0000834d   _register_unlock
20000534   _unlock
00008119   abort
00004d49   addAsteroidMedium
00005069   addLaser
200009f4   asteroid
0000026c   asteroidm
00007fa9   atoi
ffffffff   binit
00006e5d   check_eeprom_done
00006caf   clearArea
00006c71   clearLCD
00004f35   collision
000080d1   copy_in
00006567   delayMS
00004d1d   deleteAsteroid
00004a41   deployAsteroid
00005007   detectPlayerCollision
00005339   displayCountDown
00004761   displayEndScreen
00004e2d   displayExplosionAnimation
00006ee1   erase_sector
00008121   exit
200009ac   explosion
00003f5c   explosionImage1
0000297c   explosionImage2
000015f4   explosionImage3
00008221   feraiseexcept
20000000   font8x8_basic
00000000   g_pfnVectors
00004825   getCenter
00004a15   getPlayerPosition
00006d1f   getX
00006d65   getY
20000958   laser
0000427c   laserbeam
00005039   loopEndGame
00007f4f   ltoa
00007ac5   main
20000550   main_func_sp
00008301   memccpy
00007b79   memcpy
00007dbd   memset
00004bd5   moveAsteroid
00005199   moveLaser
000052f1   playSound
20000a2c   player
00004995   playerControl
00004863   printBMP
00004893   printBMP2
000082b3   raise
0000800b   rand
000053d9   randomValue
00004819   read_highscore
00006eb3   read_sector
20000554   reset
000055b9   resetGame
20000a51   semaphore
00006c21   setAddress
00006c01   setCursor
000081e1   signal
20000a4c   sliderPosition
000035fc   spaceshipImage
00007e91   sprintf
00007575   sqrt
00007ff5   srand
00008361   strlen
0000546f   writeCharacter
00006b15   writeCmd
00006b81   writeData
00006be5   writeReg
0000541d   writeString
00004809   write_highscore
00006e85   write_sector


GLOBAL SYMBOLS: SORTED BY Symbol Address 

address    name
--------   ----
00000000   __TI_static_base__
00000000   g_pfnVectors
00000001   __TI_args_main
0000026c   asteroidm
00000400   __STACK_SIZE
000015f4   explosionImage3
0000297c   explosionImage2
000035fc   spaceshipImage
00003f5c   explosionImage1
0000427c   laserbeam
000044d4   _ctypes_
000045d8   SineWave
0000463d   Init_Player
0000467f   Init_Explosions
0000472f   Init_StartScreen
00004761   displayEndScreen
00004809   write_highscore
00004819   read_highscore
00004825   getCenter
00004863   printBMP
00004893   printBMP2
00004995   playerControl
00004a15   getPlayerPosition
00004a41   deployAsteroid
00004bd5   moveAsteroid
00004d1d   deleteAsteroid
00004d49   addAsteroidMedium
00004e2d   displayExplosionAnimation
00004f35   collision
00005007   detectPlayerCollision
00005039   loopEndGame
00005069   addLaser
00005199   moveLaser
000052f1   playSound
00005339   displayCountDown
000053d9   randomValue
0000541d   writeString
0000546f   writeCharacter
000054fd   GPIOPortA_Handler
0000551b   Touchscreen_Handler
00005535   Asteroid_Handler
0000556d   Distance_Handler
0000557d   Sound_Handler
000055b9   resetGame
0000622f   __TI_printfi
00006539   Init_SysTick
00006547   Wait_SysTick
00006567   delayMS
00006591   Init_PLL
000065f7   Init_Port
0000678d   Init_LCD
00006a45   Init_SSI0
00006aa9   Init_Analog
00006b15   writeCmd
00006b81   writeData
00006be5   writeReg
00006c01   setCursor
00006c21   setAddress
00006c71   clearLCD
00006caf   clearArea
00006d1f   getX
00006d65   getY
00006dab   ADC0
00006df9   Init_EEPROM
00006e5d   check_eeprom_done
00006e85   write_sector
00006eb3   read_sector
00006ee1   erase_sector
00006f49   Init_Interrupt
00006fcd   Init_Timer0A
0000702b   Asteroid_Stop
00007037   Asteroid_Start
00007043   Init_Timer1A
000070a1   Distance_Stop
000070ad   Distance_Start
000070b9   Init_Sound
0000711d   Sound_Stop
00007129   Sound_Start
000071c9   __aeabi_uldivmod
000073bd   __aeabi_dsub
000073c7   __aeabi_dadd
00007575   sqrt
000076bd   __aeabi_ddiv
000077f5   _Dscale
00007905   __aeabi_dmul
00007a01   _Dnorm
00007ac5   main
00007b79   __aeabi_memcpy
00007b79   __aeabi_memcpy4
00007b79   __aeabi_memcpy8
00007b79   memcpy
00007c15   __TI_auto_init
00007ca9   __aeabi_cdcmpeq
00007ca9   __aeabi_cdcmple
00007d2f   __aeabi_cdrcmple
00007db5   __aeabi_memclr
00007db5   __aeabi_memclr4
00007db5   __aeabi_memclr8
00007db7   __aeabi_memset
00007db7   __aeabi_memset4
00007db7   __aeabi_memset8
00007dbd   memset
00007e2d   _Dunscale
00007e91   sprintf
00007f4f   ltoa
00007fa9   atoi
00007ff5   srand
0000800b   rand
00008041   _c_int00
00008089   __aeabi_d2iz
000080d1   copy_in
00008115   C$$EXIT
00008119   abort
00008121   exit
00008159   __aeabi_d2uiz
0000819d   _Dtest
000081e1   signal
00008221   feraiseexcept
00008255   _Feraise
00008285   __aeabi_i2d
000082b3   raise
000082e1   __aeabi_ui2d
00008301   memccpy
0000831d   _args_main
00008335   __aeabi_lmul
0000834d   _register_unlock
00008353   _register_lock
0000835b   _nop
00008361   strlen
00008375   __TI_zero_init
00008387   _Dclass
00008399   __TI_decompress_none
000083a7   ResetISR
000083b3   __TI_decompress_rle24
000086c4   __TI_Handler_Table_Base
000086d0   __TI_Handler_Table_Limit
000086d8   __TI_CINIT_Base
000086e8   __TI_CINIT_Limit
20000000   font8x8_basic
200004b0   _Denorm
200004c0   _Eps
200004d0   _Hugeval
200004e0   _Inf
200004f0   _Nan
20000500   _Snan
20000510   _Rteps
20000520   _Xbig
20000528   _Zero
20000530   _lock
20000534   _unlock
20000538   __TI_cleanup_ptr
2000053c   __TI_dtors_ptr
20000540   _Fenv
20000544   _Tls_setup__Fenv
20000548   _Errno
20000550   main_func_sp
20000554   reset
20000558   __stack
20000758   __STACK_TOP
20000958   __STACK_END
20000958   laser
200009ac   explosion
200009f4   asteroid
20000a2c   player
20000a48   TimerCount
20000a4c   sliderPosition
20000a50   Index
20000a51   semaphore
ffffffff   __binit__
ffffffff   __c_args__
ffffffff   binit
UNDEFED    SHT$$INIT_ARRAY$$Base
UNDEFED    SHT$$INIT_ARRAY$$Limit

[173 symbols]
