******************************************************************************
                  TI ARM Linker PC v5.1.6                      
******************************************************************************
>> Linked Mon Jul 21 17:46:53 2014

OUTPUT FILE NAME:   <Astroidz2.out>
ENTRY POINT SYMBOL: "_c_int00"  address: 0000ac15


MEMORY CONFIGURATION

         name            origin    length      used     unused   attr    fill
----------------------  --------  ---------  --------  --------  ----  --------
  FLASH                 00000000   00040000  0000affc  00035004  R  X
  SRAM                  20000000   00008000  00000766  0000789a  RW X


SEGMENT ALLOCATION MAP

run origin  load origin   length   init length attrs members
----------  ----------- ---------- ----------- ----- -------
00000000    00000000    0000b000   0000b000    r-x
  00000000    00000000    0000026c   0000026c    r-- .intvecs
  0000026c    0000026c    00006d30   00006d30    r-- .const
  00006f9c    00006f9c    00003ff0   00003ff0    r-x .text
  0000af90    0000af90    00000070   00000070    r-- .cinit
20000000    20000000    00000768   00000000    rw-
  20000000    20000000    00000400   00000000    rw- .stack
  20000400    20000400    0000020e   00000000    rw- .bss
  20000610    20000610    00000158   00000000    rw- .data


SECTION ALLOCATION MAP

 output                                  attributes/
section   page    origin      length       input sections
--------  ----  ----------  ----------   ----------------
.intvecs   0    00000000    0000026c     
                  00000000    0000026c     tm4c123gh6pm_startup_ccs.obj (.intvecs)

.init_array 
*          0    00000000    00000000     UNINITIALIZED

.const     0    0000026c    00006d30     
                  0000026c    00001388     game.obj (.const:explosionImage0)
                  000015f4    00001388     game.obj (.const:explosionImage1)
                  0000297c    00001388     game.obj (.const:explosionImage2)
                  00003d04    00001388     game.obj (.const:explosionImage3)
                  0000508c    00000c80     game.obj (.const:spaceshipImage)
                  00005d0c    00000960     game.obj (.const:alienshipImg)
                  0000666c    00000400     game.obj (.const:font8x8_basic)
                  00006a6c    00000320     game.obj (.const:asteroidm)
                  00006d8c    00000102     rtsv7M4_T_le_v4SPD16_eabi.lib : ctype.obj (.const:.string:_ctypes_)
                  00006e8e    000000aa     game.obj (.const:laserbeam)
                  00006f38    00000054     game.obj (.const:.string)
                  00006f8c    00000010     game.obj (.const)

.text      0    00006f9c    00003ff0     
                  00006f9c    000011f0     game.obj (.text)
                  0000818c    00000ec0     rtsv7M4_T_le_v4SPD16_eabi.lib : _printfi.obj (.text)
                  0000904c    00000ad0     LCD.obj (.text)
                  00009b1c    00000280     interrupts.obj (.text)
                  00009d9c    000001f4     rtsv7M4_T_le_v4SPD16_eabi.lib : ull_div_t2.obj (.text)
                  00009f90    000001b6                                   : fd_add_t2.obj (.text)
                  0000a146    00000002     --HOLE-- [fill = 0]
                  0000a148    00000148                                   : sqrt.obj (.text)
                  0000a290    00000136                                   : fd_div_t2.obj (.text)
                  0000a3c6    00000002     --HOLE-- [fill = 0]
                  0000a3c8    00000110                                   : xdscale.obj (.text)
                  0000a4d8    000000fc                                   : fd_mul_t2.obj (.text)
                  0000a5d4    000000c4                                   : xdnorm.obj (.text)
                  0000a698    000000b4     main.obj (.text)
                  0000a74c    0000009c     rtsv7M4_T_le_v4SPD16_eabi.lib : memcpy_t2.obj (.text)
                  0000a7e8    00000094                                   : auto_init.obj (.text)
                  0000a87c    00000086                                   : fd_cmp_t2.obj (.text:__aeabi_cdcmple)
                  0000a902    00000086                                   : fd_cmp_t2.obj (.text:__aeabi_cdrcmple)
                  0000a988    00000078                                   : memset_t2.obj (.text)
                  0000aa00    00000064                                   : xdunscal.obj (.text)
                  0000aa64    00000060                                   : sprintf.obj (.text)
                  0000aac4    0000005e                                   : copy_decompress_rle.obj (.text)
                  0000ab22    0000005a                                   : ltoa.obj (.text)
                  0000ab7c    0000004c                                   : atoi.obj (.text)
                  0000abc8    0000004c                                   : rand.obj (.text)
                  0000ac14    00000048                                   : boot.obj (.text)
                  0000ac5c    00000048                                   : fd_toi_t2.obj (.text)
                  0000aca4    00000044                                   : cpy_tbl.obj (.text)
                  0000ace8    00000044                                   : exit.obj (.text)
                  0000ad2c    00000044                                   : fd_tou_t2.obj (.text)
                  0000ad70    00000044                                   : xdtest.obj (.text)
                  0000adb4    00000040                                   : signal.obj (.text)
                  0000adf4    00000034                                   : feraiseexcept.obj (.text)
                  0000ae28    00000030                                   : xferaise.obj (.text)
                  0000ae58    0000002e                                   : i_tofd_t2.obj (.text)
                  0000ae86    0000002e                                   : raise.obj (.text)
                  0000aeb4    00000020                                   : u_tofd_t2.obj (.text)
                  0000aed4    0000001c                                   : memccpy.obj (.text)
                  0000aef0    00000018                                   : args_main.obj (.text)
                  0000af08    00000018                                   : ll_mul_t2.obj (.text)
                  0000af20    00000014                                   : _lock.obj (.text)
                  0000af34    00000014                                   : strlen.obj (.text)
                  0000af48    00000012                                   : copy_zero_init.obj (.text:decompress:ZI)
                  0000af5a    00000012                                   : xdclass.obj (.text)
                  0000af6c    0000000e                                   : copy_decompress_none.obj (.text:decompress:none)
                  0000af7a    0000000c     tm4c123gh6pm_startup_ccs.obj (.text)
                  0000af86    00000006     rtsv7M4_T_le_v4SPD16_eabi.lib : copy_decompress_rle.obj (.text:decompress:rle24)

.cinit     0    0000af90    00000070     
                  0000af90    0000004b     (.cinit..data.load) [load image, compression = rle]
                  0000afdb    00000001     --HOLE-- [fill = 0]
                  0000afdc    0000000c     (__TI_handler_table)
                  0000afe8    00000008     (.cinit..bss.load) [load image, compression = zero_init]
                  0000aff0    00000010     (__TI_cinit_table)

.stack     0    20000000    00000400     UNINITIALIZED
                  20000000    00000400     --HOLE--

.bss       0    20000400    0000020e     UNINITIALIZED
                  20000400    000000a8     game.obj (.bss:asteroid)
                  200004a8    000000a8     game.obj (.bss:laser)
                  20000550    00000060     game.obj (.bss:explosion)
                  200005b0    00000038     game.obj (.bss:alien)
                  200005e8    0000001c     (.common:player)
                  20000604    00000004     (.common:TimerCount)
                  20000608    00000004     (.common:sliderPosition)
                  2000060c    00000001     (.common:Index)
                  2000060d    00000001     (.common:start)

.data      0    20000610    00000158     UNINITIALIZED
                  20000610    000000b0     rtsv7M4_T_le_v4SPD16_eabi.lib : signal.obj (.data:sigtable)
                  200006c0    00000080                                   : xvalues.obj (.data)
                  20000740    00000008                                   : _lock.obj (.data)
                  20000748    00000008                                   : exit.obj (.data)
                  20000750    00000008                                   : feraiseexcept.obj (.data)
                  20000758    00000004     game.obj (.data)
                  2000075c    00000004     rtsv7M4_T_le_v4SPD16_eabi.lib : errno.obj (.data)
                  20000760    00000004                                   : rand.obj (.data)
                  20000764    00000004                                   : stkdepth_vars.obj (.data)


LINKER GENERATED COPY TABLES

__TI_cinit_table @ 0000aff0 records: 2, size/record: 8, table size: 16
	.data: load addr=0000af90, load size=0000004b bytes, run addr=20000610, run size=00000158 bytes, compression=rle
	.bss: load addr=0000afe8, load size=00000008 bytes, run addr=20000400, run size=0000020e bytes, compression=zero_init


LINKER GENERATED HANDLER TABLE

__TI_handler_table @ 0000afdc records: 3, size/record: 4, table size: 12
	index: 0, handler: __TI_decompress_rle24
	index: 1, handler: __TI_decompress_none
	index: 2, handler: __TI_zero_init


GLOBAL SYMBOLS: SORTED ALPHABETICALLY BY Name 

address    name
--------   ----
000098bf   ADC0
00007ffb   Asteroid_Handler
00009c0b   Asteroid_Start
00009bff   Asteroid_Stop
0000ace9   C$$EXIT
0000803b   Distance_Handler
00009c81   Distance_Start
00009c75   Distance_Stop
00007f9d   GPIOPortA_Handler
2000060c   Index
00006fdf   Init_Alien
000095bd   Init_Analog
0000990d   Init_EEPROM
0000709b   Init_Explosions
00009b1d   Init_Interrupt
000092a1   Init_LCD
000090a5   Init_PLL
00006f9d   Init_Player
0000910b   Init_Port
00009559   Init_SSI0
00009c8d   Init_Sound
0000714d   Init_StartScreen
0000904d   Init_SysTick
00009ba1   Init_Timer0A
00009c17   Init_Timer1A
0000af7b   ResetISR
UNDEFED    SHT$$INIT_ARRAY$$Base
UNDEFED    SHT$$INIT_ARRAY$$Limit
00006f38   SineWave
00008051   Sound_Handler
00009cfd   Sound_Start
00009cf1   Sound_Stop
20000604   TimerCount
00007fe1   Touchscreen_Handler
0000905b   Wait_SysTick
0000af5b   _Dclass
200006c0   _Denorm
0000a5d5   _Dnorm
0000a3c9   _Dscale
0000ad71   _Dtest
0000aa01   _Dunscale
200006d0   _Eps
2000075c   _Errno
20000750   _Fenv
0000ae29   _Feraise
200006e0   _Hugeval
200006f0   _Inf
20000700   _Nan
20000720   _Rteps
20000710   _Snan
20000754   _Tls_setup__Fenv
20000730   _Xbig
20000738   _Zero
20000400   __STACK_END
00000400   __STACK_SIZE
20000200   __STACK_TOP
0000aff0   __TI_CINIT_Base
0000b000   __TI_CINIT_Limit
0000afdc   __TI_Handler_Table_Base
0000afe8   __TI_Handler_Table_Limit
00000001   __TI_args_main
0000a7e9   __TI_auto_init
20000748   __TI_cleanup_ptr
0000af6d   __TI_decompress_none
0000af87   __TI_decompress_rle24
2000074c   __TI_dtors_ptr
00008d43   __TI_printfi
00000000   __TI_static_base__
0000af49   __TI_zero_init
0000a87d   __aeabi_cdcmpeq
0000a87d   __aeabi_cdcmple
0000a903   __aeabi_cdrcmple
0000ac5d   __aeabi_d2iz
0000ad2d   __aeabi_d2uiz
00009f9b   __aeabi_dadd
0000a291   __aeabi_ddiv
0000a4d9   __aeabi_dmul
00009f91   __aeabi_dsub
0000ae59   __aeabi_i2d
0000af09   __aeabi_lmul
0000a989   __aeabi_memclr
0000a989   __aeabi_memclr4
0000a989   __aeabi_memclr8
0000a74d   __aeabi_memcpy
0000a74d   __aeabi_memcpy4
0000a74d   __aeabi_memcpy8
0000a98b   __aeabi_memset
0000a98b   __aeabi_memset4
0000a98b   __aeabi_memset8
0000aeb5   __aeabi_ui2d
00009d9d   __aeabi_uldivmod
ffffffff   __binit__
ffffffff   __c_args__
20000000   __stack
0000aef1   _args_main
0000ac15   _c_int00
00006d8c   _ctypes_
20000740   _lock
0000af2f   _nop
0000af27   _register_lock
0000af21   _register_unlock
20000744   _unlock
0000aced   abort
00007791   addAsteroidMedium
00007b09   addLaser
200005b0   alien
00005d0c   alienshipImg
20000400   asteroid
00006a6c   asteroidm
0000ab7d   atoi
ffffffff   binit
00009971   check_eeprom_done
00009a1f   check_flash_done
000097c3   clearArea
00009785   clearLCD
00007985   collision
0000aca5   copy_in
0000907b   delayMS
00007769   deleteAsteroid
0000746d   deployAsteroid
00007a8b   detectPlayerCollision
00007dd9   displayCountDown
0000717f   displayEndScreen
0000787d   displayExplosionAnimation
000099f5   erase_sector
0000acf5   exit
20000550   explosion
0000026c   explosionImage0
000015f4   explosionImage1
0000297c   explosionImage2
00003d04   explosionImage3
0000adf5   feraiseexcept
0000666c   font8x8_basic
00000000   g_pfnVectors
00007243   getCenter
00007441   getPlayerPosition
00009833   getX
00009879   getY
200004a8   laser
00006e8e   laserbeam
00007ac5   loopEndGame
0000ab23   ltoa
0000a699   main
20000764   main_func_sp
0000aed5   memccpy
0000a74d   memcpy
0000a991   memset
00007605   moveAsteroid
00007c35   moveLaser
00007d91   playSound
200005e8   player
000073d9   playerControl
000072b1   printBMP
00007305   printBMP2
0000ae87   raise
0000abdf   rand
00007e79   randomValue
00009ab3   read_flash
00007237   read_highscore
000099c7   read_sector
2000075a   reset
00008089   resetGame
00009735   setAddress
00009715   setCursor
0000adb5   signal
20000608   sliderPosition
0000508c   spaceshipImage
0000aa65   sprintf
0000a149   sqrt
0000abc9   srand
2000060d   start
0000af35   strlen
00007f0f   writeCharacter
00009629   writeCmd
00009695   writeData
000096f9   writeReg
00007ebd   writeString
00009a4d   write_flash
00009a79   write_flash_buffer
00007227   write_highscore
00009999   write_sector


GLOBAL SYMBOLS: SORTED BY Symbol Address 

address    name
--------   ----
00000000   __TI_static_base__
00000000   g_pfnVectors
00000001   __TI_args_main
0000026c   explosionImage0
00000400   __STACK_SIZE
000015f4   explosionImage1
0000297c   explosionImage2
00003d04   explosionImage3
0000508c   spaceshipImage
00005d0c   alienshipImg
0000666c   font8x8_basic
00006a6c   asteroidm
00006d8c   _ctypes_
00006e8e   laserbeam
00006f38   SineWave
00006f9d   Init_Player
00006fdf   Init_Alien
0000709b   Init_Explosions
0000714d   Init_StartScreen
0000717f   displayEndScreen
00007227   write_highscore
00007237   read_highscore
00007243   getCenter
000072b1   printBMP
00007305   printBMP2
000073d9   playerControl
00007441   getPlayerPosition
0000746d   deployAsteroid
00007605   moveAsteroid
00007769   deleteAsteroid
00007791   addAsteroidMedium
0000787d   displayExplosionAnimation
00007985   collision
00007a8b   detectPlayerCollision
00007ac5   loopEndGame
00007b09   addLaser
00007c35   moveLaser
00007d91   playSound
00007dd9   displayCountDown
00007e79   randomValue
00007ebd   writeString
00007f0f   writeCharacter
00007f9d   GPIOPortA_Handler
00007fe1   Touchscreen_Handler
00007ffb   Asteroid_Handler
0000803b   Distance_Handler
00008051   Sound_Handler
00008089   resetGame
00008d43   __TI_printfi
0000904d   Init_SysTick
0000905b   Wait_SysTick
0000907b   delayMS
000090a5   Init_PLL
0000910b   Init_Port
000092a1   Init_LCD
00009559   Init_SSI0
000095bd   Init_Analog
00009629   writeCmd
00009695   writeData
000096f9   writeReg
00009715   setCursor
00009735   setAddress
00009785   clearLCD
000097c3   clearArea
00009833   getX
00009879   getY
000098bf   ADC0
0000990d   Init_EEPROM
00009971   check_eeprom_done
00009999   write_sector
000099c7   read_sector
000099f5   erase_sector
00009a1f   check_flash_done
00009a4d   write_flash
00009a79   write_flash_buffer
00009ab3   read_flash
00009b1d   Init_Interrupt
00009ba1   Init_Timer0A
00009bff   Asteroid_Stop
00009c0b   Asteroid_Start
00009c17   Init_Timer1A
00009c75   Distance_Stop
00009c81   Distance_Start
00009c8d   Init_Sound
00009cf1   Sound_Stop
00009cfd   Sound_Start
00009d9d   __aeabi_uldivmod
00009f91   __aeabi_dsub
00009f9b   __aeabi_dadd
0000a149   sqrt
0000a291   __aeabi_ddiv
0000a3c9   _Dscale
0000a4d9   __aeabi_dmul
0000a5d5   _Dnorm
0000a699   main
0000a74d   __aeabi_memcpy
0000a74d   __aeabi_memcpy4
0000a74d   __aeabi_memcpy8
0000a74d   memcpy
0000a7e9   __TI_auto_init
0000a87d   __aeabi_cdcmpeq
0000a87d   __aeabi_cdcmple
0000a903   __aeabi_cdrcmple
0000a989   __aeabi_memclr
0000a989   __aeabi_memclr4
0000a989   __aeabi_memclr8
0000a98b   __aeabi_memset
0000a98b   __aeabi_memset4
0000a98b   __aeabi_memset8
0000a991   memset
0000aa01   _Dunscale
0000aa65   sprintf
0000ab23   ltoa
0000ab7d   atoi
0000abc9   srand
0000abdf   rand
0000ac15   _c_int00
0000ac5d   __aeabi_d2iz
0000aca5   copy_in
0000ace9   C$$EXIT
0000aced   abort
0000acf5   exit
0000ad2d   __aeabi_d2uiz
0000ad71   _Dtest
0000adb5   signal
0000adf5   feraiseexcept
0000ae29   _Feraise
0000ae59   __aeabi_i2d
0000ae87   raise
0000aeb5   __aeabi_ui2d
0000aed5   memccpy
0000aef1   _args_main
0000af09   __aeabi_lmul
0000af21   _register_unlock
0000af27   _register_lock
0000af2f   _nop
0000af35   strlen
0000af49   __TI_zero_init
0000af5b   _Dclass
0000af6d   __TI_decompress_none
0000af7b   ResetISR
0000af87   __TI_decompress_rle24
0000afdc   __TI_Handler_Table_Base
0000afe8   __TI_Handler_Table_Limit
0000aff0   __TI_CINIT_Base
0000b000   __TI_CINIT_Limit
20000000   __stack
20000200   __STACK_TOP
20000400   __STACK_END
20000400   asteroid
200004a8   laser
20000550   explosion
200005b0   alien
200005e8   player
20000604   TimerCount
20000608   sliderPosition
2000060c   Index
2000060d   start
200006c0   _Denorm
200006d0   _Eps
200006e0   _Hugeval
200006f0   _Inf
20000700   _Nan
20000710   _Snan
20000720   _Rteps
20000730   _Xbig
20000738   _Zero
20000740   _lock
20000744   _unlock
20000748   __TI_cleanup_ptr
2000074c   __TI_dtors_ptr
20000750   _Fenv
20000754   _Tls_setup__Fenv
2000075a   reset
2000075c   _Errno
20000764   main_func_sp
ffffffff   __binit__
ffffffff   __c_args__
ffffffff   binit
UNDEFED    SHT$$INIT_ARRAY$$Base
UNDEFED    SHT$$INIT_ARRAY$$Limit

[181 symbols]
