******************************************************************************
                  TI ARM Linker PC v5.1.6                      
******************************************************************************
>> Linked Sat Jul 05 00:33:34 2014

OUTPUT FILE NAME:   <Astroidz.out>
ENTRY POINT SYMBOL: "_c_int00"  address: 00007dc1


MEMORY CONFIGURATION

         name            origin    length      used     unused   attr    fill
----------------------  --------  ---------  --------  --------  ----  --------
  FLASH                 00000000   00040000  000084a0  00037b60  R  X
  SRAM                  20000000   00008000  0000085d  000077a3  RW X


SEGMENT ALLOCATION MAP

run origin  load origin   length   init length attrs members
----------  ----------- ---------- ----------- ----- -------
00000000    00000000    000084a0   000084a0    r-x
  00000000    00000000    0000026c   0000026c    r-- .intvecs
  0000026c    0000026c    000043c4   000043c4    r-- .const
  00004630    00004630    00003b40   00003b40    r-x .text
  00008170    00008170    00000330   00000330    r-- .cinit
20000000    20000000    00000860   00000000    rw-
  20000000    20000000    00000555   00000000    rw- .data
  20000558    20000558    00000200   00000000    rw- .stack
  20000758    20000758    00000108   00000000    rw- .bss


SECTION ALLOCATION MAP

 output                                  attributes/
section   page    origin      length       input sections
--------  ----  ----------  ----------   ----------------
.intvecs   0    00000000    0000026c     
                  00000000    0000026c     tm4c123gh6pm_startup_ccs.obj (.intvecs)

.init_array 
*          0    00000000    00000000     UNINITIALIZED

.const     0    0000026c    000043c4     
                  0000026c    00001388     game.obj (.const:asteroidm)
                  000015f4    00001388     game.obj (.const:explosion3)
                  0000297c    00000c80     game.obj (.const:explosion2)
                  000035fc    00000960     game.obj (.const:spaceshipImage)
                  00003f5c    00000320     game.obj (.const:explosion1)
                  0000427c    00000258     game.obj (.const:laserbeam)
                  000044d4    00000102     rtsv7M4_T_le_v4SPD16_eabi.lib : ctype.obj (.const:.string:_ctypes_)
                  000045d6    00000002     --HOLE-- [fill = 0]
                  000045d8    00000046     game.obj (.const:.string)
                  0000461e    00000002     --HOLE-- [fill = 0]
                  00004620    00000010     game.obj (.const)

.text      0    00004630    00003b40     
                  00004630    00000fa0     game.obj (.text)
                  000055d0    00000ec0     rtsv7M4_T_le_v4SPD16_eabi.lib : _printfi.obj (.text)
                  00006490    000008f0     LCD.obj (.text)
                  00006d80    0000027c     interrupts.obj (.text)
                  00006ffc    000001f4     rtsv7M4_T_le_v4SPD16_eabi.lib : ull_div_t2.obj (.text)
                  000071f0    000001b6                                   : fd_add_t2.obj (.text)
                  000073a6    00000002     --HOLE-- [fill = 0]
                  000073a8    00000148                                   : sqrt.obj (.text)
                  000074f0    00000136                                   : fd_div_t2.obj (.text)
                  00007626    00000002     --HOLE-- [fill = 0]
                  00007628    00000110                                   : xdscale.obj (.text)
                  00007738    000000fc                                   : fd_mul_t2.obj (.text)
                  00007834    000000c4                                   : xdnorm.obj (.text)
                  000078f8    0000009c                                   : memcpy_t2.obj (.text)
                  00007994    00000094                                   : auto_init.obj (.text)
                  00007a28    00000086                                   : fd_cmp_t2.obj (.text:__aeabi_cdcmple)
                  00007aae    00000086                                   : fd_cmp_t2.obj (.text:__aeabi_cdrcmple)
                  00007b34    00000078                                   : memset_t2.obj (.text)
                  00007bac    00000064                                   : xdunscal.obj (.text)
                  00007c10    00000060                                   : sprintf.obj (.text)
                  00007c70    0000005e                                   : copy_decompress_rle.obj (.text)
                  00007cce    0000005a                                   : ltoa.obj (.text)
                  00007d28    0000004c                                   : atoi.obj (.text)
                  00007d74    0000004c                                   : rand.obj (.text)
                  00007dc0    00000048                                   : boot.obj (.text)
                  00007e08    00000048                                   : fd_toi_t2.obj (.text)
                  00007e50    00000044                                   : cpy_tbl.obj (.text)
                  00007e94    00000044                                   : exit.obj (.text)
                  00007ed8    00000044                                   : fd_tou_t2.obj (.text)
                  00007f1c    00000044                                   : xdtest.obj (.text)
                  00007f60    00000040                                   : signal.obj (.text)
                  00007fa0    00000038     main.obj (.text)
                  00007fd8    00000034     rtsv7M4_T_le_v4SPD16_eabi.lib : feraiseexcept.obj (.text)
                  0000800c    00000030                                   : xferaise.obj (.text)
                  0000803c    0000002e                                   : i_tofd_t2.obj (.text)
                  0000806a    0000002e                                   : raise.obj (.text)
                  00008098    00000020                                   : u_tofd_t2.obj (.text)
                  000080b8    0000001c                                   : memccpy.obj (.text)
                  000080d4    00000018                                   : args_main.obj (.text)
                  000080ec    00000018                                   : ll_mul_t2.obj (.text)
                  00008104    00000014                                   : _lock.obj (.text)
                  00008118    00000014                                   : strlen.obj (.text)
                  0000812c    00000012                                   : copy_zero_init.obj (.text:decompress:ZI)
                  0000813e    00000012                                   : xdclass.obj (.text)
                  00008150    0000000e                                   : copy_decompress_none.obj (.text:decompress:none)
                  0000815e    0000000c     tm4c123gh6pm_startup_ccs.obj (.text)
                  0000816a    00000006     rtsv7M4_T_le_v4SPD16_eabi.lib : copy_decompress_rle.obj (.text:decompress:rle24)

.cinit     0    00008170    00000330     
                  00008170    00000308     (.cinit..data.load) [load image, compression = rle]
                  00008478    0000000c     (__TI_handler_table)
                  00008484    00000004     --HOLE-- [fill = 0]
                  00008488    00000008     (.cinit..bss.load) [load image, compression = zero_init]
                  00008490    00000010     (__TI_cinit_table)

.data      0    20000000    00000555     UNINITIALIZED
                  20000000    00000400     game.obj (.data:font8x8_basic)
                  20000400    000000b0     rtsv7M4_T_le_v4SPD16_eabi.lib : signal.obj (.data:sigtable)
                  200004b0    00000080                                   : xvalues.obj (.data)
                  20000530    00000008                                   : _lock.obj (.data)
                  20000538    00000008                                   : exit.obj (.data)
                  20000540    00000008                                   : feraiseexcept.obj (.data)
                  20000548    00000004                                   : errno.obj (.data)
                  2000054c    00000004                                   : rand.obj (.data)
                  20000550    00000004                                   : stkdepth_vars.obj (.data)
                  20000554    00000001     game.obj (.data)

.stack     0    20000558    00000200     UNINITIALIZED
                  20000558    00000200     --HOLE--

.bss       0    20000758    00000108     UNINITIALIZED
                  20000758    00000054     game.obj (.bss:Laser)
                  200007ac    00000048     game.obj (.bss:Explosion)
                  200007f4    00000038     game.obj (.bss:Asteroid)
                  2000082c    0000001c     (.common:Player)
                  20000848    0000000c     (.common:buffer)
                  20000854    00000004     (.common:TimerCount)
                  20000858    00000004     (.common:sliderPosition)
                  2000085c    00000002     (.common:tempvalue)
                  2000085e    00000001     (.common:explosionCounter)
                  2000085f    00000001     (.common:semaphore)


LINKER GENERATED COPY TABLES

__TI_cinit_table @ 00008490 records: 2, size/record: 8, table size: 16
	.data: load addr=00008170, load size=00000308 bytes, run addr=20000000, run size=00000555 bytes, compression=rle
	.bss: load addr=00008488, load size=00000008 bytes, run addr=20000758, run size=00000108 bytes, compression=zero_init


LINKER GENERATED HANDLER TABLE

__TI_handler_table @ 00008478 records: 3, size/record: 4, table size: 12
	index: 0, handler: __TI_decompress_rle24
	index: 1, handler: __TI_decompress_none
	index: 2, handler: __TI_zero_init


GLOBAL SYMBOLS: SORTED ALPHABETICALLY BY Name 

address    name
--------   ----
00006cfd   ADC0
200007f4   Asteroid
00007e95   C$$EXIT
0000557d   DAC_Out
200007ac   Explosion
0000543b   GPIOPortA_Handler
0000547f   GPIOPortE_Handler
20000554   Index
00006a01   Init_Analog
0000466d   Init_Explosions
00006d81   Init_Interrupt
000066e5   Init_LCD
000064e9   Init_PLL
00004631   Init_Player
0000654f   Init_Port
0000699d   Init_SSI0
00006ef1   Init_Sound
000047c3   Init_StartScreen
00006491   Init_SysTick
00006e05   Init_Timer0A
00006e7b   Init_Timer1A
20000758   Laser
2000082c   Player
0000815f   ResetISR
UNDEFED    SHT$$INIT_ARRAY$$Base
UNDEFED    SHT$$INIT_ARRAY$$Limit
000045d8   SineWave
00005543   Sound_Handler
00006f5b   Sound_Start
00006f4f   Sound_Stop
000054ef   Timer0A_Handler
00006e6f   Timer0A_Start
00006e63   Timer0A_Stop
00005533   Timer1A_Handler
00006ee5   Timer1A_Start
00006ed9   Timer1A_Stop
20000854   TimerCount
0000649f   Wait_SysTick
0000813f   _Dclass
200004b0   _Denorm
00007835   _Dnorm
00007629   _Dscale
00007f1d   _Dtest
00007bad   _Dunscale
200004c0   _Eps
20000548   _Errno
20000540   _Fenv
0000800d   _Feraise
200004d0   _Hugeval
200004e0   _Inf
200004f0   _Nan
20000510   _Rteps
20000500   _Snan
20000544   _Tls_setup__Fenv
20000520   _Xbig
20000528   _Zero
20000758   __STACK_END
00000200   __STACK_SIZE
20000758   __STACK_TOP
00008490   __TI_CINIT_Base
000084a0   __TI_CINIT_Limit
00008478   __TI_Handler_Table_Base
00008484   __TI_Handler_Table_Limit
00000001   __TI_args_main
00007995   __TI_auto_init
20000538   __TI_cleanup_ptr
00008151   __TI_decompress_none
0000816b   __TI_decompress_rle24
2000053c   __TI_dtors_ptr
00006187   __TI_printfi
00000000   __TI_static_base__
0000812d   __TI_zero_init
00007a29   __aeabi_cdcmpeq
00007a29   __aeabi_cdcmple
00007aaf   __aeabi_cdrcmple
00007e09   __aeabi_d2iz
00007ed9   __aeabi_d2uiz
000071fb   __aeabi_dadd
000074f1   __aeabi_ddiv
00007739   __aeabi_dmul
000071f1   __aeabi_dsub
0000803d   __aeabi_i2d
000080ed   __aeabi_lmul
00007b35   __aeabi_memclr
00007b35   __aeabi_memclr4
00007b35   __aeabi_memclr8
000078f9   __aeabi_memcpy
000078f9   __aeabi_memcpy4
000078f9   __aeabi_memcpy8
00007b37   __aeabi_memset
00007b37   __aeabi_memset4
00007b37   __aeabi_memset8
00008099   __aeabi_ui2d
00006ffd   __aeabi_uldivmod
ffffffff   __binit__
ffffffff   __c_args__
20000558   __stack
000080d5   _args_main
00007dc1   _c_int00
000044d4   _ctypes_
20000530   _lock
00008113   _nop
0000810b   _register_lock
00008105   _register_unlock
20000534   _unlock
00007e99   abort
00004d25   addAsteroidMedium
00005049   addLaser
0000026c   asteroidm
00007d29   atoi
ffffffff   binit
20000848   buffer
00006c01   clearArea
00006bc3   clearLCD
00004e05   collision
00007e51   copy_in
000064bf   delayMS
00004d09   deleteAsteroid
00004a15   deployAsteroid
00007ea1   exit
00003f5c   explosion1
0000297c   explosion2
000015f4   explosion3
2000085e   explosionCounter
00007fd9   feraiseexcept
20000000   font8x8_basic
00000000   g_pfnVectors
000047f5   getCenter
000049cd   getPlayerPosition
00006c71   getX
00006cb7   getY
0000427c   laserbeam
0000471d   loopGame
00007ccf   ltoa
00007fa1   main
20000550   main_func_sp
000080b9   memccpy
000078f9   memcpy
00007b3d   memset
00004bc1   moveAsteroid
00005195   moveLaser
00004941   playerControl
00004833   printBMP
00004863   printBMP2
0000806b   raise
00007d8b   rand
000052f1   randomValue
2000085f   semaphore
00006b79   setAddress
00006b59   setCursor
00007f61   signal
20000858   sliderPosition
000035fc   spaceshipImage
00007c11   sprintf
000073a9   sqrt
00007d75   srand
00008119   strlen
2000085c   tempvalue
000053ad   writeCharacter
00006a6d   writeCmd
00006ad9   writeData
00006b3d   writeReg
00005325   writeString


GLOBAL SYMBOLS: SORTED BY Symbol Address 

address    name
--------   ----
00000000   __TI_static_base__
00000000   g_pfnVectors
00000001   __TI_args_main
00000200   __STACK_SIZE
0000026c   asteroidm
000015f4   explosion3
0000297c   explosion2
000035fc   spaceshipImage
00003f5c   explosion1
0000427c   laserbeam
000044d4   _ctypes_
000045d8   SineWave
00004631   Init_Player
0000466d   Init_Explosions
0000471d   loopGame
000047c3   Init_StartScreen
000047f5   getCenter
00004833   printBMP
00004863   printBMP2
00004941   playerControl
000049cd   getPlayerPosition
00004a15   deployAsteroid
00004bc1   moveAsteroid
00004d09   deleteAsteroid
00004d25   addAsteroidMedium
00004e05   collision
00005049   addLaser
00005195   moveLaser
000052f1   randomValue
00005325   writeString
000053ad   writeCharacter
0000543b   GPIOPortA_Handler
0000547f   GPIOPortE_Handler
000054ef   Timer0A_Handler
00005533   Timer1A_Handler
00005543   Sound_Handler
0000557d   DAC_Out
00006187   __TI_printfi
00006491   Init_SysTick
0000649f   Wait_SysTick
000064bf   delayMS
000064e9   Init_PLL
0000654f   Init_Port
000066e5   Init_LCD
0000699d   Init_SSI0
00006a01   Init_Analog
00006a6d   writeCmd
00006ad9   writeData
00006b3d   writeReg
00006b59   setCursor
00006b79   setAddress
00006bc3   clearLCD
00006c01   clearArea
00006c71   getX
00006cb7   getY
00006cfd   ADC0
00006d81   Init_Interrupt
00006e05   Init_Timer0A
00006e63   Timer0A_Stop
00006e6f   Timer0A_Start
00006e7b   Init_Timer1A
00006ed9   Timer1A_Stop
00006ee5   Timer1A_Start
00006ef1   Init_Sound
00006f4f   Sound_Stop
00006f5b   Sound_Start
00006ffd   __aeabi_uldivmod
000071f1   __aeabi_dsub
000071fb   __aeabi_dadd
000073a9   sqrt
000074f1   __aeabi_ddiv
00007629   _Dscale
00007739   __aeabi_dmul
00007835   _Dnorm
000078f9   __aeabi_memcpy
000078f9   __aeabi_memcpy4
000078f9   __aeabi_memcpy8
000078f9   memcpy
00007995   __TI_auto_init
00007a29   __aeabi_cdcmpeq
00007a29   __aeabi_cdcmple
00007aaf   __aeabi_cdrcmple
00007b35   __aeabi_memclr
00007b35   __aeabi_memclr4
00007b35   __aeabi_memclr8
00007b37   __aeabi_memset
00007b37   __aeabi_memset4
00007b37   __aeabi_memset8
00007b3d   memset
00007bad   _Dunscale
00007c11   sprintf
00007ccf   ltoa
00007d29   atoi
00007d75   srand
00007d8b   rand
00007dc1   _c_int00
00007e09   __aeabi_d2iz
00007e51   copy_in
00007e95   C$$EXIT
00007e99   abort
00007ea1   exit
00007ed9   __aeabi_d2uiz
00007f1d   _Dtest
00007f61   signal
00007fa1   main
00007fd9   feraiseexcept
0000800d   _Feraise
0000803d   __aeabi_i2d
0000806b   raise
00008099   __aeabi_ui2d
000080b9   memccpy
000080d5   _args_main
000080ed   __aeabi_lmul
00008105   _register_unlock
0000810b   _register_lock
00008113   _nop
00008119   strlen
0000812d   __TI_zero_init
0000813f   _Dclass
00008151   __TI_decompress_none
0000815f   ResetISR
0000816b   __TI_decompress_rle24
00008478   __TI_Handler_Table_Base
00008484   __TI_Handler_Table_Limit
00008490   __TI_CINIT_Base
000084a0   __TI_CINIT_Limit
20000000   font8x8_basic
200004b0   _Denorm
200004c0   _Eps
200004d0   _Hugeval
200004e0   _Inf
200004f0   _Nan
20000500   _Snan
20000510   _Rteps
20000520   _Xbig
20000528   _Zero
20000530   _lock
20000534   _unlock
20000538   __TI_cleanup_ptr
2000053c   __TI_dtors_ptr
20000540   _Fenv
20000544   _Tls_setup__Fenv
20000548   _Errno
20000550   main_func_sp
20000554   Index
20000558   __stack
20000758   Laser
20000758   __STACK_END
20000758   __STACK_TOP
200007ac   Explosion
200007f4   Asteroid
2000082c   Player
20000848   buffer
20000854   TimerCount
20000858   sliderPosition
2000085c   tempvalue
2000085e   explosionCounter
2000085f   semaphore
ffffffff   __binit__
ffffffff   __c_args__
ffffffff   binit
UNDEFED    SHT$$INIT_ARRAY$$Base
UNDEFED    SHT$$INIT_ARRAY$$Limit

[163 symbols]
