******************************************************************************
                  TI ARM Linker PC v5.1.6                      
******************************************************************************
>> Linked Thu Jul 24 18:34:23 2014

OUTPUT FILE NAME:   <Astroidz.out>
ENTRY POINT SYMBOL: "_c_int00"  address: 0000d5b1


MEMORY CONFIGURATION

         name            origin    length      used     unused   attr    fill
----------------------  --------  ---------  --------  --------  ----  --------
  FLASH                 00000000   00040000  0000d998  00032668  R  X
  SRAM                  20000000   00008000  0000079a  00007866  RW X


SEGMENT ALLOCATION MAP

run origin  load origin   length   init length attrs members
----------  ----------- ---------- ----------- ----- -------
00000000    00000000    0000d998   0000d998    r-x
  00000000    00000000    0000026c   0000026c    r-- .intvecs
  0000026c    0000026c    000087f8   000087f8    r-- .const
  00008a64    00008a64    00004ec4   00004ec4    r-x .text
  0000d928    0000d928    00000070   00000070    r-- .cinit
20000000    20000000    000007a0   00000000    rw-
  20000000    20000000    00000400   00000000    rw- .stack
  20000400    20000400    00000242   00000000    rw- .bss
  20000648    20000648    00000158   00000000    rw- .data


SECTION ALLOCATION MAP

 output                                  attributes/
section   page    origin      length       input sections
--------  ----  ----------  ----------   ----------------
.intvecs   0    00000000    0000026c     
                  00000000    0000026c     tm4c123gh6pm_startup_ccs.obj (.intvecs)

.init_array 
*          0    00000000    00000000     UNINITIALIZED

.const     0    0000026c    000087f8     
                  0000026c    00001388     game.obj (.const:explosionImage0)
                  000015f4    00001388     game.obj (.const:explosionImage1)
                  0000297c    00001388     game.obj (.const:explosionImage2)
                  00003d04    00001388     game.obj (.const:explosionImage3)
                  0000508c    00000ac0     game.obj (.const:invulnerable_spaceship)
                  00005b4c    00000ac0     game.obj (.const:spaceshipImage)
                  0000660c    00000ac0     game.obj (.const:spaceship_item_acquired)
                  000070cc    00000960     game.obj (.const:alienshipImg)
                  00007a2c    00000708     game.obj (.const:powerupImage)
                  00008134    00000400     game.obj (.const:font8x8_basic)
                  00008534    00000320     game.obj (.const:asteroidm)
                  00008854    00000102     rtsv7M4_T_le_v4SPD16_eabi.lib : ctype.obj (.const:.string:_ctypes_)
                  00008956    000000aa     game.obj (.const:laserbeam)
                  00008a00    00000054     game.obj (.const:.string)
                  00008a54    00000010     game.obj (.const)

.text      0    00008a64    00004ec4     
                  00008a64    00001b6e     game.obj (.text)
                  0000a5d2    00000002     --HOLE-- [fill = 0]
                  0000a5d4    00000ec0     rtsv7M4_T_le_v4SPD16_eabi.lib : _printfi.obj (.text)
                  0000b494    000008e0     driver.obj (.text)
                  0000bd74    0000065e     LCD.obj (.text)
                  0000c3d2    00000336     interrupts.obj (.text)
                  0000c708    000001f4     rtsv7M4_T_le_v4SPD16_eabi.lib : ull_div_t2.obj (.text)
                  0000c8fc    000001b6                                   : fd_add_t2.obj (.text)
                  0000cab2    00000002     --HOLE-- [fill = 0]
                  0000cab4    00000148                                   : sqrt.obj (.text)
                  0000cbfc    00000136                                   : fd_div_t2.obj (.text)
                  0000cd32    00000002     --HOLE-- [fill = 0]
                  0000cd34    00000110                                   : xdscale.obj (.text)
                  0000ce44    000000fc                                   : fd_mul_t2.obj (.text)
                  0000cf40    000000e2     main.obj (.text)
                  0000d022    000000c4     rtsv7M4_T_le_v4SPD16_eabi.lib : xdnorm.obj (.text)
                  0000d0e6    0000009c                                   : memcpy_t2.obj (.text)
                  0000d182    00000002     --HOLE-- [fill = 0]
                  0000d184    00000094                                   : auto_init.obj (.text)
                  0000d218    00000086                                   : fd_cmp_t2.obj (.text:__aeabi_cdcmple)
                  0000d29e    00000086                                   : fd_cmp_t2.obj (.text:__aeabi_cdrcmple)
                  0000d324    00000078                                   : memset_t2.obj (.text)
                  0000d39c    00000064                                   : xdunscal.obj (.text)
                  0000d400    00000060                                   : sprintf.obj (.text)
                  0000d460    0000005e                                   : copy_decompress_rle.obj (.text)
                  0000d4be    0000005a                                   : ltoa.obj (.text)
                  0000d518    0000004c                                   : atoi.obj (.text)
                  0000d564    0000004c                                   : rand.obj (.text)
                  0000d5b0    00000048                                   : boot.obj (.text)
                  0000d5f8    00000048                                   : fd_toi_t2.obj (.text)
                  0000d640    00000044                                   : cpy_tbl.obj (.text)
                  0000d684    00000044                                   : exit.obj (.text)
                  0000d6c8    00000044                                   : fd_tou_t2.obj (.text)
                  0000d70c    00000044                                   : xdtest.obj (.text)
                  0000d750    00000040                                   : signal.obj (.text)
                  0000d790    00000034                                   : feraiseexcept.obj (.text)
                  0000d7c4    00000030                                   : xferaise.obj (.text)
                  0000d7f4    0000002e                                   : i_tofd_t2.obj (.text)
                  0000d822    0000002e                                   : raise.obj (.text)
                  0000d850    00000020                                   : u_tofd_t2.obj (.text)
                  0000d870    0000001c                                   : memccpy.obj (.text)
                  0000d88c    00000018                                   : args_main.obj (.text)
                  0000d8a4    00000018                                   : ll_mul_t2.obj (.text)
                  0000d8bc    00000014                                   : _lock.obj (.text)
                  0000d8d0    00000014                                   : strlen.obj (.text)
                  0000d8e4    00000012                                   : copy_zero_init.obj (.text:decompress:ZI)
                  0000d8f6    00000012                                   : xdclass.obj (.text)
                  0000d908    0000000e                                   : copy_decompress_none.obj (.text:decompress:none)
                  0000d916    0000000c     tm4c123gh6pm_startup_ccs.obj (.text)
                  0000d922    00000006     rtsv7M4_T_le_v4SPD16_eabi.lib : copy_decompress_rle.obj (.text:decompress:rle24)

.cinit     0    0000d928    00000070     
                  0000d928    0000004b     (.cinit..data.load) [load image, compression = rle]
                  0000d973    00000001     --HOLE-- [fill = 0]
                  0000d974    0000000c     (__TI_handler_table)
                  0000d980    00000008     (.cinit..bss.load) [load image, compression = zero_init]
                  0000d988    00000010     (__TI_cinit_table)

.stack     0    20000000    00000400     UNINITIALIZED
                  20000000    00000400     --HOLE--

.bss       0    20000400    00000242     UNINITIALIZED
                  20000400    000000a8     game.obj (.bss:asteroid)
                  200004a8    000000a8     game.obj (.bss:laser)
                  20000550    00000060     game.obj (.bss:explosion)
                  200005b0    00000038     game.obj (.bss:alien)
                  200005e8    00000030     game.obj (.bss:powerup)
                  20000618    0000001c     (.common:player)
                  20000634    00000004     (.common:TimerCount)
                  20000638    00000004     (.common:testvaluex)
                  2000063c    00000004     (.common:testvaluey)
                  20000640    00000001     (.common:Index)
                  20000641    00000001     (.common:start)

.data      0    20000648    00000158     UNINITIALIZED
                  20000648    000000b0     rtsv7M4_T_le_v4SPD16_eabi.lib : signal.obj (.data:sigtable)
                  200006f8    00000080                                   : xvalues.obj (.data)
                  20000778    00000008                                   : _lock.obj (.data)
                  20000780    00000008                                   : exit.obj (.data)
                  20000788    00000008                                   : feraiseexcept.obj (.data)
                  20000790    00000004     game.obj (.data)
                  20000794    00000004     rtsv7M4_T_le_v4SPD16_eabi.lib : errno.obj (.data)
                  20000798    00000004                                   : rand.obj (.data)
                  2000079c    00000004                                   : stkdepth_vars.obj (.data)


LINKER GENERATED COPY TABLES

__TI_cinit_table @ 0000d988 records: 2, size/record: 8, table size: 16
	.data: load addr=0000d928, load size=0000004b bytes, run addr=20000648, run size=00000158 bytes, compression=rle
	.bss: load addr=0000d980, load size=00000008 bytes, run addr=20000400, run size=00000242 bytes, compression=zero_init


LINKER GENERATED HANDLER TABLE

__TI_handler_table @ 0000d974 records: 3, size/record: 4, table size: 12
	index: 0, handler: __TI_decompress_rle24
	index: 1, handler: __TI_decompress_none
	index: 2, handler: __TI_zero_init


GLOBAL SYMBOLS: SORTED ALPHABETICALLY BY Name 

address    name
--------   ----
0000b94f   ADC0
0000b99d   ADC1
0000a213   Asteroid_Handler
0000c559   Asteroid_Start
0000c549   Asteroid_Stop
0000d685   C$$EXIT
0000a269   Distance_Handler
0000c621   Distance_Start
0000c60f   Distance_Stop
0000a171   GPIOPortA_Handler
20000640   Index
00008b35   Init_Alien
0000b86d   Init_Analog
0000bc6b   Init_DMA
0000b9eb   Init_EEPROM
00008c57   Init_Explosions
0000c3d3   Init_Interrupt
0000bd75   Init_LCD
0000b525   Init_PLL
00008a65   Init_Player
0000b5db   Init_Port
00008d6f   Init_PowerUp
0000b81f   Init_SSI0
0000c633   Init_Sound
00008e03   Init_StartScreen
0000b495   Init_SysTick
0000c4b1   Init_Timer0A
0000c569   Init_Timer1A
0000d917   ResetISR
UNDEFED    SHT$$INIT_ARRAY$$Base
UNDEFED    SHT$$INIT_ARRAY$$Limit
0000bc55   Set_DMA_Base_Address
00008a00   SineWave
0000a29b   Sound_Handler
0000c6f7   Sound_Start
0000c6e5   Sound_Stop
20000634   TimerCount
0000a1e1   Touchscreen_Handler
0000b4af   Wait_SysTick
0000d8f7   _Dclass
200006f8   _Denorm
0000d023   _Dnorm
0000cd35   _Dscale
0000d70d   _Dtest
0000d39d   _Dunscale
20000708   _Eps
20000794   _Errno
20000788   _Fenv
0000d7c5   _Feraise
20000718   _Hugeval
20000728   _Inf
20000738   _Nan
20000758   _Rteps
20000748   _Snan
2000078c   _Tls_setup__Fenv
20000768   _Xbig
20000770   _Zero
20000400   __STACK_END
00000400   __STACK_SIZE
20000200   __STACK_TOP
0000d988   __TI_CINIT_Base
0000d998   __TI_CINIT_Limit
0000d974   __TI_Handler_Table_Base
0000d980   __TI_Handler_Table_Limit
00000001   __TI_args_main
0000d185   __TI_auto_init
20000780   __TI_cleanup_ptr
0000d909   __TI_decompress_none
0000d923   __TI_decompress_rle24
20000784   __TI_dtors_ptr
0000b18b   __TI_printfi
00000000   __TI_static_base__
0000d8e5   __TI_zero_init
0000d219   __aeabi_cdcmpeq
0000d219   __aeabi_cdcmple
0000d29f   __aeabi_cdrcmple
0000d5f9   __aeabi_d2iz
0000d6c9   __aeabi_d2uiz
0000c907   __aeabi_dadd
0000cbfd   __aeabi_ddiv
0000ce45   __aeabi_dmul
0000c8fd   __aeabi_dsub
0000d7f5   __aeabi_i2d
0000d8a5   __aeabi_lmul
0000d325   __aeabi_memclr
0000d325   __aeabi_memclr4
0000d325   __aeabi_memclr8
0000d0e7   __aeabi_memcpy
0000d0e7   __aeabi_memcpy4
0000d0e7   __aeabi_memcpy8
0000d327   __aeabi_memset
0000d327   __aeabi_memset4
0000d327   __aeabi_memset8
0000d851   __aeabi_ui2d
0000c709   __aeabi_uldivmod
ffffffff   __binit__
ffffffff   __c_args__
20000000   __stack
0000d88d   _args_main
0000d5b1   _c_int00
00008854   _ctypes_
20000778   _lock
0000d8cb   _nop
0000d8c3   _register_lock
0000d8bd   _register_unlock
2000077c   _unlock
0000d689   abort
00009679   addAsteroidMedium
00009c11   addLaser
200005b0   alien
000070cc   alienshipImg
20000400   asteroid
00008534   asteroidm
0000d519   atoi
ffffffff   binit
0000ba7f   check_eeprom_done
0000bb59   check_flash_done
0000c255   clearArea
0000c211   clearLCD
000098ed   collision
0000bcd3   config_DMA_channel
0000d641   copy_in
0000b4ef   delayMS
0000964d   deleteSprite
000092bd   deployAsteroid
000099ed   detectPlayerCollision
00009faf   displayCountDown
00008e35   displayEndScreen
00009785   displayExplosionAnimation
0000bb1d   erase_eeprom
0000d691   exit
20000550   explosion
0000026c   explosionImage0
000015f4   explosionImage1
0000297c   explosionImage2
00003d04   explosionImage3
0000d791   feraiseexcept
00008134   font8x8_basic
00000000   g_pfnVectors
00008f0b   getCenter
0000929b   getPlayerPosition
0000c2d7   getX
0000c355   getY
0000508c   invulnerable_spaceship
200004a8   laser
00008956   laserbeam
00009bc9   loopEndGame
0000d4bf   ltoa
0000cf41   main
2000079c   main_func_sp
0000d871   memccpy
0000d0e7   memcpy
0000d32d   memset
000094c3   moveAsteroid
00009da5   moveLaser
0000a4c7   movePowerUp
00009f7d   playSound
20000618   player
00009031   playerControl
200005e8   powerup
00007a2c   powerupImage
00008f49   printBMP
00008f87   printBMP2
0000d823   raise
0000d57b   rand
0000a045   randomValue
0000bae3   read_eeprom
00008eff   read_highscore
20000792   reset
0000a2fd   resetGame
0000c19b   setCursor
0000c1bb   setWindow
0000d751   signal
00005b4c   spaceshipImage
0000660c   spaceship_item_acquired
0000a3c5   spawnPowerUp
0000d401   sprintf
0000cab5   sqrt
0000d565   srand
20000641   start
0000bd53   start_DMA_transfer
0000d8d1   strlen
20000638   testvaluex
2000063c   testvaluey
0000a0d9   writeCharacter
0000c043   writeCmd
0000c0e1   writeData
0000c17f   writeReg
0000a081   writeString
0000ba9d   write_eeprom
0000bb9b   write_flash
0000bbf1   write_flash_buffer
00008eef   write_highscore


GLOBAL SYMBOLS: SORTED BY Symbol Address 

address    name
--------   ----
00000000   __TI_static_base__
00000000   g_pfnVectors
00000001   __TI_args_main
0000026c   explosionImage0
00000400   __STACK_SIZE
000015f4   explosionImage1
0000297c   explosionImage2
00003d04   explosionImage3
0000508c   invulnerable_spaceship
00005b4c   spaceshipImage
0000660c   spaceship_item_acquired
000070cc   alienshipImg
00007a2c   powerupImage
00008134   font8x8_basic
00008534   asteroidm
00008854   _ctypes_
00008956   laserbeam
00008a00   SineWave
00008a65   Init_Player
00008b35   Init_Alien
00008c57   Init_Explosions
00008d6f   Init_PowerUp
00008e03   Init_StartScreen
00008e35   displayEndScreen
00008eef   write_highscore
00008eff   read_highscore
00008f0b   getCenter
00008f49   printBMP
00008f87   printBMP2
00009031   playerControl
0000929b   getPlayerPosition
000092bd   deployAsteroid
000094c3   moveAsteroid
0000964d   deleteSprite
00009679   addAsteroidMedium
00009785   displayExplosionAnimation
000098ed   collision
000099ed   detectPlayerCollision
00009bc9   loopEndGame
00009c11   addLaser
00009da5   moveLaser
00009f7d   playSound
00009faf   displayCountDown
0000a045   randomValue
0000a081   writeString
0000a0d9   writeCharacter
0000a171   GPIOPortA_Handler
0000a1e1   Touchscreen_Handler
0000a213   Asteroid_Handler
0000a269   Distance_Handler
0000a29b   Sound_Handler
0000a2fd   resetGame
0000a3c5   spawnPowerUp
0000a4c7   movePowerUp
0000b18b   __TI_printfi
0000b495   Init_SysTick
0000b4af   Wait_SysTick
0000b4ef   delayMS
0000b525   Init_PLL
0000b5db   Init_Port
0000b81f   Init_SSI0
0000b86d   Init_Analog
0000b94f   ADC0
0000b99d   ADC1
0000b9eb   Init_EEPROM
0000ba7f   check_eeprom_done
0000ba9d   write_eeprom
0000bae3   read_eeprom
0000bb1d   erase_eeprom
0000bb59   check_flash_done
0000bb9b   write_flash
0000bbf1   write_flash_buffer
0000bc55   Set_DMA_Base_Address
0000bc6b   Init_DMA
0000bcd3   config_DMA_channel
0000bd53   start_DMA_transfer
0000bd75   Init_LCD
0000c043   writeCmd
0000c0e1   writeData
0000c17f   writeReg
0000c19b   setCursor
0000c1bb   setWindow
0000c211   clearLCD
0000c255   clearArea
0000c2d7   getX
0000c355   getY
0000c3d3   Init_Interrupt
0000c4b1   Init_Timer0A
0000c549   Asteroid_Stop
0000c559   Asteroid_Start
0000c569   Init_Timer1A
0000c60f   Distance_Stop
0000c621   Distance_Start
0000c633   Init_Sound
0000c6e5   Sound_Stop
0000c6f7   Sound_Start
0000c709   __aeabi_uldivmod
0000c8fd   __aeabi_dsub
0000c907   __aeabi_dadd
0000cab5   sqrt
0000cbfd   __aeabi_ddiv
0000cd35   _Dscale
0000ce45   __aeabi_dmul
0000cf41   main
0000d023   _Dnorm
0000d0e7   __aeabi_memcpy
0000d0e7   __aeabi_memcpy4
0000d0e7   __aeabi_memcpy8
0000d0e7   memcpy
0000d185   __TI_auto_init
0000d219   __aeabi_cdcmpeq
0000d219   __aeabi_cdcmple
0000d29f   __aeabi_cdrcmple
0000d325   __aeabi_memclr
0000d325   __aeabi_memclr4
0000d325   __aeabi_memclr8
0000d327   __aeabi_memset
0000d327   __aeabi_memset4
0000d327   __aeabi_memset8
0000d32d   memset
0000d39d   _Dunscale
0000d401   sprintf
0000d4bf   ltoa
0000d519   atoi
0000d565   srand
0000d57b   rand
0000d5b1   _c_int00
0000d5f9   __aeabi_d2iz
0000d641   copy_in
0000d685   C$$EXIT
0000d689   abort
0000d691   exit
0000d6c9   __aeabi_d2uiz
0000d70d   _Dtest
0000d751   signal
0000d791   feraiseexcept
0000d7c5   _Feraise
0000d7f5   __aeabi_i2d
0000d823   raise
0000d851   __aeabi_ui2d
0000d871   memccpy
0000d88d   _args_main
0000d8a5   __aeabi_lmul
0000d8bd   _register_unlock
0000d8c3   _register_lock
0000d8cb   _nop
0000d8d1   strlen
0000d8e5   __TI_zero_init
0000d8f7   _Dclass
0000d909   __TI_decompress_none
0000d917   ResetISR
0000d923   __TI_decompress_rle24
0000d974   __TI_Handler_Table_Base
0000d980   __TI_Handler_Table_Limit
0000d988   __TI_CINIT_Base
0000d998   __TI_CINIT_Limit
20000000   __stack
20000200   __STACK_TOP
20000400   __STACK_END
20000400   asteroid
200004a8   laser
20000550   explosion
200005b0   alien
200005e8   powerup
20000618   player
20000634   TimerCount
20000638   testvaluex
2000063c   testvaluey
20000640   Index
20000641   start
200006f8   _Denorm
20000708   _Eps
20000718   _Hugeval
20000728   _Inf
20000738   _Nan
20000748   _Snan
20000758   _Rteps
20000768   _Xbig
20000770   _Zero
20000778   _lock
2000077c   _unlock
20000780   __TI_cleanup_ptr
20000784   __TI_dtors_ptr
20000788   _Fenv
2000078c   _Tls_setup__Fenv
20000792   reset
20000794   _Errno
2000079c   main_func_sp
ffffffff   __binit__
ffffffff   __c_args__
ffffffff   binit
UNDEFED    SHT$$INIT_ARRAY$$Base
UNDEFED    SHT$$INIT_ARRAY$$Limit

[193 symbols]
