******************************************************************************
                  TI ARM Linker PC v5.1.6                      
******************************************************************************
>> Linked Thu Jul 24 18:34:08 2014

OUTPUT FILE NAME:   <Astroidz.out>
ENTRY POINT SYMBOL: "_c_int00"  address: 0000cc69


MEMORY CONFIGURATION

         name            origin    length      used     unused   attr    fill
----------------------  --------  ---------  --------  --------  ----  --------
  FLASH                 00000000   00040000  0000d050  00032fb0  R  X
  SRAM                  20000000   00008000  0000079a  00007866  RW X


SEGMENT ALLOCATION MAP

run origin  load origin   length   init length attrs members
----------  ----------- ---------- ----------- ----- -------
00000000    00000000    0000d050   0000d050    r-x
  00000000    00000000    0000026c   0000026c    r-- .intvecs
  0000026c    0000026c    000087f8   000087f8    r-- .const
  00008a64    00008a64    0000457c   0000457c    r-x .text
  0000cfe0    0000cfe0    00000070   00000070    r-- .cinit
20000000    20000000    000007a0   00000000    rw-
  20000000    20000000    00000400   00000000    rw- .stack
  20000400    20000400    00000242   00000000    rw- .bss
  20000648    20000648    00000158   00000000    rw- .data


SECTION ALLOCATION MAP

 output                                  attributes/
section   page    origin      length       input sections
--------  ----  ----------  ----------   ----------------
.intvecs   0    00000000    0000026c     
                  00000000    0000026c     tm4c123gh6pm_startup_ccs.obj (.intvecs)

.init_array 
*          0    00000000    00000000     UNINITIALIZED

.const     0    0000026c    000087f8     
                  0000026c    00001388     game.obj (.const:explosionImage0)
                  000015f4    00001388     game.obj (.const:explosionImage1)
                  0000297c    00001388     game.obj (.const:explosionImage2)
                  00003d04    00001388     game.obj (.const:explosionImage3)
                  0000508c    00000ac0     game.obj (.const:invulnerable_spaceship)
                  00005b4c    00000ac0     game.obj (.const:spaceshipImage)
                  0000660c    00000ac0     game.obj (.const:spaceship_item_acquired)
                  000070cc    00000960     game.obj (.const:alienshipImg)
                  00007a2c    00000708     game.obj (.const:powerupImage)
                  00008134    00000400     game.obj (.const:font8x8_basic)
                  00008534    00000320     game.obj (.const:asteroidm)
                  00008854    00000102     rtsv7M4_T_le_v4SPD16_eabi.lib : ctype.obj (.const:.string:_ctypes_)
                  00008956    000000aa     game.obj (.const:laserbeam)
                  00008a00    00000054     game.obj (.const:.string)
                  00008a54    00000010     game.obj (.const)

.text      0    00008a64    0000457c     
                  00008a64    00001608     game.obj (.text)
                  0000a06c    00000ec0     rtsv7M4_T_le_v4SPD16_eabi.lib : _printfi.obj (.text)
                  0000af2c    000006dc     driver.obj (.text)
                  0000b608    00000550     LCD.obj (.text)
                  0000bb58    00000280     interrupts.obj (.text)
                  0000bdd8    000001f4     rtsv7M4_T_le_v4SPD16_eabi.lib : ull_div_t2.obj (.text)
                  0000bfcc    000001b6                                   : fd_add_t2.obj (.text)
                  0000c182    00000002     --HOLE-- [fill = 0]
                  0000c184    00000148                                   : sqrt.obj (.text)
                  0000c2cc    00000136                                   : fd_div_t2.obj (.text)
                  0000c402    00000002     --HOLE-- [fill = 0]
                  0000c404    00000110                                   : xdscale.obj (.text)
                  0000c514    000000fc                                   : fd_mul_t2.obj (.text)
                  0000c610    000000cc     main.obj (.text)
                  0000c6dc    000000c4     rtsv7M4_T_le_v4SPD16_eabi.lib : xdnorm.obj (.text)
                  0000c7a0    0000009c                                   : memcpy_t2.obj (.text)
                  0000c83c    00000094                                   : auto_init.obj (.text)
                  0000c8d0    00000086                                   : fd_cmp_t2.obj (.text:__aeabi_cdcmple)
                  0000c956    00000086                                   : fd_cmp_t2.obj (.text:__aeabi_cdrcmple)
                  0000c9dc    00000078                                   : memset_t2.obj (.text)
                  0000ca54    00000064                                   : xdunscal.obj (.text)
                  0000cab8    00000060                                   : sprintf.obj (.text)
                  0000cb18    0000005e                                   : copy_decompress_rle.obj (.text)
                  0000cb76    0000005a                                   : ltoa.obj (.text)
                  0000cbd0    0000004c                                   : atoi.obj (.text)
                  0000cc1c    0000004c                                   : rand.obj (.text)
                  0000cc68    00000048                                   : boot.obj (.text)
                  0000ccb0    00000048                                   : fd_toi_t2.obj (.text)
                  0000ccf8    00000044                                   : cpy_tbl.obj (.text)
                  0000cd3c    00000044                                   : exit.obj (.text)
                  0000cd80    00000044                                   : fd_tou_t2.obj (.text)
                  0000cdc4    00000044                                   : xdtest.obj (.text)
                  0000ce08    00000040                                   : signal.obj (.text)
                  0000ce48    00000034                                   : feraiseexcept.obj (.text)
                  0000ce7c    00000030                                   : xferaise.obj (.text)
                  0000ceac    0000002e                                   : i_tofd_t2.obj (.text)
                  0000ceda    0000002e                                   : raise.obj (.text)
                  0000cf08    00000020                                   : u_tofd_t2.obj (.text)
                  0000cf28    0000001c                                   : memccpy.obj (.text)
                  0000cf44    00000018                                   : args_main.obj (.text)
                  0000cf5c    00000018                                   : ll_mul_t2.obj (.text)
                  0000cf74    00000014                                   : _lock.obj (.text)
                  0000cf88    00000014                                   : strlen.obj (.text)
                  0000cf9c    00000012                                   : copy_zero_init.obj (.text:decompress:ZI)
                  0000cfae    00000012                                   : xdclass.obj (.text)
                  0000cfc0    0000000e                                   : copy_decompress_none.obj (.text:decompress:none)
                  0000cfce    0000000c     tm4c123gh6pm_startup_ccs.obj (.text)
                  0000cfda    00000006     rtsv7M4_T_le_v4SPD16_eabi.lib : copy_decompress_rle.obj (.text:decompress:rle24)

.cinit     0    0000cfe0    00000070     
                  0000cfe0    0000004b     (.cinit..data.load) [load image, compression = rle]
                  0000d02b    00000001     --HOLE-- [fill = 0]
                  0000d02c    0000000c     (__TI_handler_table)
                  0000d038    00000008     (.cinit..bss.load) [load image, compression = zero_init]
                  0000d040    00000010     (__TI_cinit_table)

.stack     0    20000000    00000400     UNINITIALIZED
                  20000000    00000400     --HOLE--

.bss       0    20000400    00000242     UNINITIALIZED
                  20000400    000000a8     game.obj (.bss:asteroid)
                  200004a8    000000a8     game.obj (.bss:laser)
                  20000550    00000060     game.obj (.bss:explosion)
                  200005b0    00000038     game.obj (.bss:alien)
                  200005e8    00000030     game.obj (.bss:powerup)
                  20000618    0000001c     (.common:player)
                  20000634    00000004     (.common:TimerCount)
                  20000638    00000004     (.common:testvaluex)
                  2000063c    00000004     (.common:testvaluey)
                  20000640    00000001     (.common:Index)
                  20000641    00000001     (.common:start)

.data      0    20000648    00000158     UNINITIALIZED
                  20000648    000000b0     rtsv7M4_T_le_v4SPD16_eabi.lib : signal.obj (.data:sigtable)
                  200006f8    00000080                                   : xvalues.obj (.data)
                  20000778    00000008                                   : _lock.obj (.data)
                  20000780    00000008                                   : exit.obj (.data)
                  20000788    00000008                                   : feraiseexcept.obj (.data)
                  20000790    00000004     game.obj (.data)
                  20000794    00000004     rtsv7M4_T_le_v4SPD16_eabi.lib : errno.obj (.data)
                  20000798    00000004                                   : rand.obj (.data)
                  2000079c    00000004                                   : stkdepth_vars.obj (.data)


LINKER GENERATED COPY TABLES

__TI_cinit_table @ 0000d040 records: 2, size/record: 8, table size: 16
	.data: load addr=0000cfe0, load size=0000004b bytes, run addr=20000648, run size=00000158 bytes, compression=rle
	.bss: load addr=0000d038, load size=00000008 bytes, run addr=20000400, run size=00000242 bytes, compression=zero_init


LINKER GENERATED HANDLER TABLE

__TI_handler_table @ 0000d02c records: 3, size/record: 4, table size: 12
	index: 0, handler: __TI_decompress_rle24
	index: 1, handler: __TI_decompress_none
	index: 2, handler: __TI_zero_init


GLOBAL SYMBOLS: SORTED ALPHABETICALLY BY Name 

address    name
--------   ----
0000b1f7   ADC0
0000b21f   ADC1
00009d3f   Asteroid_Handler
0000bc47   Asteroid_Start
0000bc3b   Asteroid_Stop
0000cd3d   C$$EXIT
00009d7f   Distance_Handler
0000bcbd   Distance_Start
0000bcb1   Distance_Stop
00009ce5   GPIOPortA_Handler
20000640   Index
00008ac9   Init_Alien
0000b16f   Init_Analog
0000b47d   Init_DMA
0000b247   Init_EEPROM
00008b85   Init_Explosions
0000bb59   Init_Interrupt
0000b609   Init_LCD
0000af85   Init_PLL
00008a65   Init_Player
0000afeb   Init_Port
00008c37   Init_PowerUp
0000b145   Init_SSI0
0000bcc9   Init_Sound
00008ca7   Init_StartScreen
0000af2d   Init_SysTick
0000bbdd   Init_Timer0A
0000bc53   Init_Timer1A
0000cfcf   ResetISR
UNDEFED    SHT$$INIT_ARRAY$$Base
UNDEFED    SHT$$INIT_ARRAY$$Limit
0000b441   Set_DMA_Base_Address
00008a00   SineWave
00009da5   Sound_Handler
0000bd39   Sound_Start
0000bd2d   Sound_Stop
20000634   TimerCount
00009d25   Touchscreen_Handler
0000af3b   Wait_SysTick
0000cfaf   _Dclass
200006f8   _Denorm
0000c6dd   _Dnorm
0000c405   _Dscale
0000cdc5   _Dtest
0000ca55   _Dunscale
20000708   _Eps
20000794   _Errno
20000788   _Fenv
0000ce7d   _Feraise
20000718   _Hugeval
20000728   _Inf
20000738   _Nan
20000758   _Rteps
20000748   _Snan
2000078c   _Tls_setup__Fenv
20000768   _Xbig
20000770   _Zero
20000400   __STACK_END
00000400   __STACK_SIZE
20000200   __STACK_TOP
0000d040   __TI_CINIT_Base
0000d050   __TI_CINIT_Limit
0000d02c   __TI_Handler_Table_Base
0000d038   __TI_Handler_Table_Limit
00000001   __TI_args_main
0000c83d   __TI_auto_init
20000780   __TI_cleanup_ptr
0000cfc1   __TI_decompress_none
0000cfdb   __TI_decompress_rle24
20000784   __TI_dtors_ptr
0000ac23   __TI_printfi
00000000   __TI_static_base__
0000cf9d   __TI_zero_init
0000c8d1   __aeabi_cdcmpeq
0000c8d1   __aeabi_cdcmple
0000c957   __aeabi_cdrcmple
0000ccb1   __aeabi_d2iz
0000cd81   __aeabi_d2uiz
0000bfd7   __aeabi_dadd
0000c2cd   __aeabi_ddiv
0000c515   __aeabi_dmul
0000bfcd   __aeabi_dsub
0000cead   __aeabi_i2d
0000cf5d   __aeabi_lmul
0000c9dd   __aeabi_memclr
0000c9dd   __aeabi_memclr4
0000c9dd   __aeabi_memclr8
0000c7a1   __aeabi_memcpy
0000c7a1   __aeabi_memcpy4
0000c7a1   __aeabi_memcpy8
0000c9df   __aeabi_memset
0000c9df   __aeabi_memset4
0000c9df   __aeabi_memset8
0000cf09   __aeabi_ui2d
0000bdd9   __aeabi_uldivmod
ffffffff   __binit__
ffffffff   __c_args__
20000000   __stack
0000cf45   _args_main
0000cc69   _c_int00
00008854   _ctypes_
20000778   _lock
0000cf83   _nop
0000cf7b   _register_lock
0000cf75   _register_unlock
2000077c   _unlock
0000cd41   abort
000093b9   addAsteroidMedium
0000982d   addLaser
200005b0   alien
000070cc   alienshipImg
20000400   asteroid
00008534   asteroidm
0000cbd1   atoi
ffffffff   binit
0000b2a5   check_eeprom_done
0000b355   check_flash_done
0000ba43   clearArea
0000ba05   clearLCD
000095ad   collision
0000b4fd   config_DMA_channel
0000ccf9   copy_in
0000af5b   delayMS
0000937f   deleteSprite
000090e9   deployAsteroid
000096c1   detectPlayerCollision
00009b25   displayCountDown
00008d05   displayEndScreen
000094a9   displayExplosionAnimation
0000b325   erase_eeprom
0000cd49   exit
20000550   explosion
0000026c   explosionImage0
000015f4   explosionImage1
0000297c   explosionImage2
00003d04   explosionImage3
0000ce49   feraiseexcept
00008134   font8x8_basic
00000000   g_pfnVectors
00008de1   getCenter
000090c7   getPlayerPosition
0000bab3   getX
0000baf9   getY
0000508c   invulnerable_spaceship
200004a8   laser
00008956   laserbeam
00009801   loopEndGame
0000cb77   ltoa
0000c611   main
2000079c   main_func_sp
0000cf29   memccpy
0000c7a1   memcpy
0000c9e5   memset
0000927d   moveAsteroid
0000997d   moveLaser
00009f41   movePowerUp
00009ad9   playSound
20000618   player
00008f59   playerControl
200005e8   powerup
00007a2c   powerupImage
00008e31   printBMP
00008e9d   printBMP2
0000cedb   raise
0000cc33   rand
00009bc5   randomValue
0000b2f5   read_eeprom
00008dc5   read_highscore
20000792   reset
00009ddd   resetGame
0000b981   setCursor
0000b9a1   setWindow
0000ce09   signal
00005b4c   spaceshipImage
0000660c   spaceship_item_acquired
00009e6f   spawnPowerUp
0000cab9   sprintf
0000c185   sqrt
0000cc1d   srand
20000641   start
0000b589   start_DMA_transfer
0000cf89   strlen
20000638   testvaluex
2000063c   testvaluey
00009c57   writeCharacter
0000b8ad   writeCmd
0000b909   writeData
0000b965   writeReg
00009c05   writeString
0000b2c1   write_eeprom
0000b395   write_flash
0000b3f5   write_flash_buffer
00008db5   write_highscore


GLOBAL SYMBOLS: SORTED BY Symbol Address 

address    name
--------   ----
00000000   __TI_static_base__
00000000   g_pfnVectors
00000001   __TI_args_main
0000026c   explosionImage0
00000400   __STACK_SIZE
000015f4   explosionImage1
0000297c   explosionImage2
00003d04   explosionImage3
0000508c   invulnerable_spaceship
00005b4c   spaceshipImage
0000660c   spaceship_item_acquired
000070cc   alienshipImg
00007a2c   powerupImage
00008134   font8x8_basic
00008534   asteroidm
00008854   _ctypes_
00008956   laserbeam
00008a00   SineWave
00008a65   Init_Player
00008ac9   Init_Alien
00008b85   Init_Explosions
00008c37   Init_PowerUp
00008ca7   Init_StartScreen
00008d05   displayEndScreen
00008db5   write_highscore
00008dc5   read_highscore
00008de1   getCenter
00008e31   printBMP
00008e9d   printBMP2
00008f59   playerControl
000090c7   getPlayerPosition
000090e9   deployAsteroid
0000927d   moveAsteroid
0000937f   deleteSprite
000093b9   addAsteroidMedium
000094a9   displayExplosionAnimation
000095ad   collision
000096c1   detectPlayerCollision
00009801   loopEndGame
0000982d   addLaser
0000997d   moveLaser
00009ad9   playSound
00009b25   displayCountDown
00009bc5   randomValue
00009c05   writeString
00009c57   writeCharacter
00009ce5   GPIOPortA_Handler
00009d25   Touchscreen_Handler
00009d3f   Asteroid_Handler
00009d7f   Distance_Handler
00009da5   Sound_Handler
00009ddd   resetGame
00009e6f   spawnPowerUp
00009f41   movePowerUp
0000ac23   __TI_printfi
0000af2d   Init_SysTick
0000af3b   Wait_SysTick
0000af5b   delayMS
0000af85   Init_PLL
0000afeb   Init_Port
0000b145   Init_SSI0
0000b16f   Init_Analog
0000b1f7   ADC0
0000b21f   ADC1
0000b247   Init_EEPROM
0000b2a5   check_eeprom_done
0000b2c1   write_eeprom
0000b2f5   read_eeprom
0000b325   erase_eeprom
0000b355   check_flash_done
0000b395   write_flash
0000b3f5   write_flash_buffer
0000b441   Set_DMA_Base_Address
0000b47d   Init_DMA
0000b4fd   config_DMA_channel
0000b589   start_DMA_transfer
0000b609   Init_LCD
0000b8ad   writeCmd
0000b909   writeData
0000b965   writeReg
0000b981   setCursor
0000b9a1   setWindow
0000ba05   clearLCD
0000ba43   clearArea
0000bab3   getX
0000baf9   getY
0000bb59   Init_Interrupt
0000bbdd   Init_Timer0A
0000bc3b   Asteroid_Stop
0000bc47   Asteroid_Start
0000bc53   Init_Timer1A
0000bcb1   Distance_Stop
0000bcbd   Distance_Start
0000bcc9   Init_Sound
0000bd2d   Sound_Stop
0000bd39   Sound_Start
0000bdd9   __aeabi_uldivmod
0000bfcd   __aeabi_dsub
0000bfd7   __aeabi_dadd
0000c185   sqrt
0000c2cd   __aeabi_ddiv
0000c405   _Dscale
0000c515   __aeabi_dmul
0000c611   main
0000c6dd   _Dnorm
0000c7a1   __aeabi_memcpy
0000c7a1   __aeabi_memcpy4
0000c7a1   __aeabi_memcpy8
0000c7a1   memcpy
0000c83d   __TI_auto_init
0000c8d1   __aeabi_cdcmpeq
0000c8d1   __aeabi_cdcmple
0000c957   __aeabi_cdrcmple
0000c9dd   __aeabi_memclr
0000c9dd   __aeabi_memclr4
0000c9dd   __aeabi_memclr8
0000c9df   __aeabi_memset
0000c9df   __aeabi_memset4
0000c9df   __aeabi_memset8
0000c9e5   memset
0000ca55   _Dunscale
0000cab9   sprintf
0000cb77   ltoa
0000cbd1   atoi
0000cc1d   srand
0000cc33   rand
0000cc69   _c_int00
0000ccb1   __aeabi_d2iz
0000ccf9   copy_in
0000cd3d   C$$EXIT
0000cd41   abort
0000cd49   exit
0000cd81   __aeabi_d2uiz
0000cdc5   _Dtest
0000ce09   signal
0000ce49   feraiseexcept
0000ce7d   _Feraise
0000cead   __aeabi_i2d
0000cedb   raise
0000cf09   __aeabi_ui2d
0000cf29   memccpy
0000cf45   _args_main
0000cf5d   __aeabi_lmul
0000cf75   _register_unlock
0000cf7b   _register_lock
0000cf83   _nop
0000cf89   strlen
0000cf9d   __TI_zero_init
0000cfaf   _Dclass
0000cfc1   __TI_decompress_none
0000cfcf   ResetISR
0000cfdb   __TI_decompress_rle24
0000d02c   __TI_Handler_Table_Base
0000d038   __TI_Handler_Table_Limit
0000d040   __TI_CINIT_Base
0000d050   __TI_CINIT_Limit
20000000   __stack
20000200   __STACK_TOP
20000400   __STACK_END
20000400   asteroid
200004a8   laser
20000550   explosion
200005b0   alien
200005e8   powerup
20000618   player
20000634   TimerCount
20000638   testvaluex
2000063c   testvaluey
20000640   Index
20000641   start
200006f8   _Denorm
20000708   _Eps
20000718   _Hugeval
20000728   _Inf
20000738   _Nan
20000748   _Snan
20000758   _Rteps
20000768   _Xbig
20000770   _Zero
20000778   _lock
2000077c   _unlock
20000780   __TI_cleanup_ptr
20000784   __TI_dtors_ptr
20000788   _Fenv
2000078c   _Tls_setup__Fenv
20000792   reset
20000794   _Errno
2000079c   main_func_sp
ffffffff   __binit__
ffffffff   __c_args__
ffffffff   binit
UNDEFED    SHT$$INIT_ARRAY$$Base
UNDEFED    SHT$$INIT_ARRAY$$Limit

[193 symbols]
