<?xml version="1.0"?>
<link_info>
   <banner>TI ARM Linker PC v5.1.6</banner>
   <copyright>Copyright (c) 1996-2014 Texas Instruments Incorporated</copyright>
   <link_time>0x53d1b41b</link_time>
   <link_errors>0x0</link_errors>
   <output_file>Astroidz.out</output_file>
   <entry_point>
      <name>_c_int00</name>
      <address>0xd5b1</address>
   </entry_point>
   <input_file_list>
      <input_file id="fl-2">
         <path>.\</path>
         <kind>object</kind>
         <file>tm4c123gh6pm_startup_ccs.obj</file>
         <name>tm4c123gh6pm_startup_ccs.obj</name>
      </input_file>
      <input_file id="fl-3">
         <path>.\</path>
         <kind>object</kind>
         <file>main.obj</file>
         <name>main.obj</name>
      </input_file>
      <input_file id="fl-4">
         <path>.\</path>
         <kind>object</kind>
         <file>interrupts.obj</file>
         <name>interrupts.obj</name>
      </input_file>
      <input_file id="fl-5">
         <path>.\</path>
         <kind>object</kind>
         <file>game.obj</file>
         <name>game.obj</name>
      </input_file>
      <input_file id="fl-6">
         <path>.\</path>
         <kind>object</kind>
         <file>driver.obj</file>
         <name>driver.obj</name>
      </input_file>
      <input_file id="fl-7">
         <path>.\</path>
         <kind>object</kind>
         <file>LCD.obj</file>
         <name>LCD.obj</name>
      </input_file>
      <input_file id="fl-134">
         <path>c:\ti\ccsv6\tools\compiler\arm_5.1.6\lib\</path>
         <kind>archive</kind>
         <file>rtsv7M4_T_le_v4SPD16_eabi.lib</file>
         <name>boot.obj</name>
      </input_file>
      <input_file id="fl-135">
         <path>c:\ti\ccsv6\tools\compiler\arm_5.1.6\lib\</path>
         <kind>archive</kind>
         <file>rtsv7M4_T_le_v4SPD16_eabi.lib</file>
         <name>copy_decompress_none.obj</name>
      </input_file>
      <input_file id="fl-136">
         <path>c:\ti\ccsv6\tools\compiler\arm_5.1.6\lib\</path>
         <kind>archive</kind>
         <file>rtsv7M4_T_le_v4SPD16_eabi.lib</file>
         <name>copy_decompress_rle.obj</name>
      </input_file>
      <input_file id="fl-137">
         <path>c:\ti\ccsv6\tools\compiler\arm_5.1.6\lib\</path>
         <kind>archive</kind>
         <file>rtsv7M4_T_le_v4SPD16_eabi.lib</file>
         <name>copy_zero_init.obj</name>
      </input_file>
      <input_file id="fl-138">
         <path>c:\ti\ccsv6\tools\compiler\arm_5.1.6\lib\</path>
         <kind>archive</kind>
         <file>rtsv7M4_T_le_v4SPD16_eabi.lib</file>
         <name>exit.obj</name>
      </input_file>
      <input_file id="fl-139">
         <path>c:\ti\ccsv6\tools\compiler\arm_5.1.6\lib\</path>
         <kind>archive</kind>
         <file>rtsv7M4_T_le_v4SPD16_eabi.lib</file>
         <name>fd_add_t2.obj</name>
      </input_file>
      <input_file id="fl-13a">
         <path>c:\ti\ccsv6\tools\compiler\arm_5.1.6\lib\</path>
         <kind>archive</kind>
         <file>rtsv7M4_T_le_v4SPD16_eabi.lib</file>
         <name>fd_cmp_t2.obj</name>
      </input_file>
      <input_file id="fl-13b">
         <path>c:\ti\ccsv6\tools\compiler\arm_5.1.6\lib\</path>
         <kind>archive</kind>
         <file>rtsv7M4_T_le_v4SPD16_eabi.lib</file>
         <name>fd_mul_t2.obj</name>
      </input_file>
      <input_file id="fl-13c">
         <path>c:\ti\ccsv6\tools\compiler\arm_5.1.6\lib\</path>
         <kind>archive</kind>
         <file>rtsv7M4_T_le_v4SPD16_eabi.lib</file>
         <name>fd_tou_t2.obj</name>
      </input_file>
      <input_file id="fl-13d">
         <path>c:\ti\ccsv6\tools\compiler\arm_5.1.6\lib\</path>
         <kind>archive</kind>
         <file>rtsv7M4_T_le_v4SPD16_eabi.lib</file>
         <name>i_tofd_t2.obj</name>
      </input_file>
      <input_file id="fl-13e">
         <path>c:\ti\ccsv6\tools\compiler\arm_5.1.6\lib\</path>
         <kind>archive</kind>
         <file>rtsv7M4_T_le_v4SPD16_eabi.lib</file>
         <name>memcpy_t2.obj</name>
      </input_file>
      <input_file id="fl-13f">
         <path>c:\ti\ccsv6\tools\compiler\arm_5.1.6\lib\</path>
         <kind>archive</kind>
         <file>rtsv7M4_T_le_v4SPD16_eabi.lib</file>
         <name>rand.obj</name>
      </input_file>
      <input_file id="fl-140">
         <path>c:\ti\ccsv6\tools\compiler\arm_5.1.6\lib\</path>
         <kind>archive</kind>
         <file>rtsv7M4_T_le_v4SPD16_eabi.lib</file>
         <name>sprintf.obj</name>
      </input_file>
      <input_file id="fl-141">
         <path>c:\ti\ccsv6\tools\compiler\arm_5.1.6\lib\</path>
         <kind>archive</kind>
         <file>rtsv7M4_T_le_v4SPD16_eabi.lib</file>
         <name>sqrt.obj</name>
      </input_file>
      <input_file id="fl-142">
         <path>c:\ti\ccsv6\tools\compiler\arm_5.1.6\lib\</path>
         <kind>archive</kind>
         <file>rtsv7M4_T_le_v4SPD16_eabi.lib</file>
         <name>stkdepth_vars.obj</name>
      </input_file>
      <input_file id="fl-143">
         <path>c:\ti\ccsv6\tools\compiler\arm_5.1.6\lib\</path>
         <kind>archive</kind>
         <file>rtsv7M4_T_le_v4SPD16_eabi.lib</file>
         <name>u_tofd_t2.obj</name>
      </input_file>
      <input_file id="fl-144">
         <path>c:\ti\ccsv6\tools\compiler\arm_5.1.6\lib\</path>
         <kind>archive</kind>
         <file>rtsv7M4_T_le_v4SPD16_eabi.lib</file>
         <name>xdscale.obj</name>
      </input_file>
      <input_file id="fl-145">
         <path>c:\ti\ccsv6\tools\compiler\arm_5.1.6\lib\</path>
         <kind>archive</kind>
         <file>rtsv7M4_T_le_v4SPD16_eabi.lib</file>
         <name>xdunscal.obj</name>
      </input_file>
      <input_file id="fl-146">
         <path>c:\ti\ccsv6\tools\compiler\arm_5.1.6\lib\</path>
         <kind>archive</kind>
         <file>rtsv7M4_T_le_v4SPD16_eabi.lib</file>
         <name>xferaise.obj</name>
      </input_file>
      <input_file id="fl-147">
         <path>c:\ti\ccsv6\tools\compiler\arm_5.1.6\lib\</path>
         <kind>archive</kind>
         <file>rtsv7M4_T_le_v4SPD16_eabi.lib</file>
         <name>xvalues.obj</name>
      </input_file>
      <input_file id="fl-148">
         <path>c:\ti\ccsv6\tools\compiler\arm_5.1.6\lib\</path>
         <kind>archive</kind>
         <file>rtsv7M4_T_le_v4SPD16_eabi.lib</file>
         <name>_lock.obj</name>
      </input_file>
      <input_file id="fl-149">
         <path>c:\ti\ccsv6\tools\compiler\arm_5.1.6\lib\</path>
         <kind>archive</kind>
         <file>rtsv7M4_T_le_v4SPD16_eabi.lib</file>
         <name>_printfi.obj</name>
      </input_file>
      <input_file id="fl-14a">
         <path>c:\ti\ccsv6\tools\compiler\arm_5.1.6\lib\</path>
         <kind>archive</kind>
         <file>rtsv7M4_T_le_v4SPD16_eabi.lib</file>
         <name>args_main.obj</name>
      </input_file>
      <input_file id="fl-14b">
         <path>c:\ti\ccsv6\tools\compiler\arm_5.1.6\lib\</path>
         <kind>archive</kind>
         <file>rtsv7M4_T_le_v4SPD16_eabi.lib</file>
         <name>atoi.obj</name>
      </input_file>
      <input_file id="fl-14c">
         <path>c:\ti\ccsv6\tools\compiler\arm_5.1.6\lib\</path>
         <kind>archive</kind>
         <file>rtsv7M4_T_le_v4SPD16_eabi.lib</file>
         <name>auto_init.obj</name>
      </input_file>
      <input_file id="fl-14d">
         <path>c:\ti\ccsv6\tools\compiler\arm_5.1.6\lib\</path>
         <kind>archive</kind>
         <file>rtsv7M4_T_le_v4SPD16_eabi.lib</file>
         <name>cpy_tbl.obj</name>
      </input_file>
      <input_file id="fl-14e">
         <path>c:\ti\ccsv6\tools\compiler\arm_5.1.6\lib\</path>
         <kind>archive</kind>
         <file>rtsv7M4_T_le_v4SPD16_eabi.lib</file>
         <name>ctype.obj</name>
      </input_file>
      <input_file id="fl-14f">
         <path>c:\ti\ccsv6\tools\compiler\arm_5.1.6\lib\</path>
         <kind>archive</kind>
         <file>rtsv7M4_T_le_v4SPD16_eabi.lib</file>
         <name>errno.obj</name>
      </input_file>
      <input_file id="fl-150">
         <path>c:\ti\ccsv6\tools\compiler\arm_5.1.6\lib\</path>
         <kind>archive</kind>
         <file>rtsv7M4_T_le_v4SPD16_eabi.lib</file>
         <name>fd_div_t2.obj</name>
      </input_file>
      <input_file id="fl-151">
         <path>c:\ti\ccsv6\tools\compiler\arm_5.1.6\lib\</path>
         <kind>archive</kind>
         <file>rtsv7M4_T_le_v4SPD16_eabi.lib</file>
         <name>fd_toi_t2.obj</name>
      </input_file>
      <input_file id="fl-152">
         <path>c:\ti\ccsv6\tools\compiler\arm_5.1.6\lib\</path>
         <kind>archive</kind>
         <file>rtsv7M4_T_le_v4SPD16_eabi.lib</file>
         <name>feraiseexcept.obj</name>
      </input_file>
      <input_file id="fl-153">
         <path>c:\ti\ccsv6\tools\compiler\arm_5.1.6\lib\</path>
         <kind>archive</kind>
         <file>rtsv7M4_T_le_v4SPD16_eabi.lib</file>
         <name>ll_mul_t2.obj</name>
      </input_file>
      <input_file id="fl-154">
         <path>c:\ti\ccsv6\tools\compiler\arm_5.1.6\lib\</path>
         <kind>archive</kind>
         <file>rtsv7M4_T_le_v4SPD16_eabi.lib</file>
         <name>ltoa.obj</name>
      </input_file>
      <input_file id="fl-155">
         <path>c:\ti\ccsv6\tools\compiler\arm_5.1.6\lib\</path>
         <kind>archive</kind>
         <file>rtsv7M4_T_le_v4SPD16_eabi.lib</file>
         <name>memccpy.obj</name>
      </input_file>
      <input_file id="fl-156">
         <path>c:\ti\ccsv6\tools\compiler\arm_5.1.6\lib\</path>
         <kind>archive</kind>
         <file>rtsv7M4_T_le_v4SPD16_eabi.lib</file>
         <name>memset_t2.obj</name>
      </input_file>
      <input_file id="fl-157">
         <path>c:\ti\ccsv6\tools\compiler\arm_5.1.6\lib\</path>
         <kind>archive</kind>
         <file>rtsv7M4_T_le_v4SPD16_eabi.lib</file>
         <name>raise.obj</name>
      </input_file>
      <input_file id="fl-158">
         <path>c:\ti\ccsv6\tools\compiler\arm_5.1.6\lib\</path>
         <kind>archive</kind>
         <file>rtsv7M4_T_le_v4SPD16_eabi.lib</file>
         <name>signal.obj</name>
      </input_file>
      <input_file id="fl-159">
         <path>c:\ti\ccsv6\tools\compiler\arm_5.1.6\lib\</path>
         <kind>archive</kind>
         <file>rtsv7M4_T_le_v4SPD16_eabi.lib</file>
         <name>strlen.obj</name>
      </input_file>
      <input_file id="fl-15a">
         <path>c:\ti\ccsv6\tools\compiler\arm_5.1.6\lib\</path>
         <kind>archive</kind>
         <file>rtsv7M4_T_le_v4SPD16_eabi.lib</file>
         <name>ull_div_t2.obj</name>
      </input_file>
      <input_file id="fl-15b">
         <path>c:\ti\ccsv6\tools\compiler\arm_5.1.6\lib\</path>
         <kind>archive</kind>
         <file>rtsv7M4_T_le_v4SPD16_eabi.lib</file>
         <name>xdclass.obj</name>
      </input_file>
      <input_file id="fl-15c">
         <path>c:\ti\ccsv6\tools\compiler\arm_5.1.6\lib\</path>
         <kind>archive</kind>
         <file>rtsv7M4_T_le_v4SPD16_eabi.lib</file>
         <name>xdnorm.obj</name>
      </input_file>
      <input_file id="fl-15d">
         <path>c:\ti\ccsv6\tools\compiler\arm_5.1.6\lib\</path>
         <kind>archive</kind>
         <file>rtsv7M4_T_le_v4SPD16_eabi.lib</file>
         <name>xdtest.obj</name>
      </input_file>
   </input_file_list>
   <object_component_list>
      <object_component id="oc-e">
         <name>.intvecs</name>
         <load_address>0x0</load_address>
         <run_address>0x0</run_address>
         <size>0x26c</size>
         <input_file_ref idref="fl-2"/>
      </object_component>
      <object_component id="oc-2f">
         <name>.text</name>
         <load_address>0x8a64</load_address>
         <run_address>0x8a64</run_address>
         <size>0x1b6e</size>
         <input_file_ref idref="fl-5"/>
      </object_component>
      <object_component id="oc-202">
         <name>.text</name>
         <load_address>0xa5d4</load_address>
         <run_address>0xa5d4</run_address>
         <size>0xec0</size>
         <input_file_ref idref="fl-149"/>
      </object_component>
      <object_component id="oc-b2">
         <name>.text</name>
         <load_address>0xb494</load_address>
         <run_address>0xb494</run_address>
         <size>0x8e0</size>
         <input_file_ref idref="fl-6"/>
      </object_component>
      <object_component id="oc-83">
         <name>.text</name>
         <load_address>0xbd74</load_address>
         <run_address>0xbd74</run_address>
         <size>0x65e</size>
         <input_file_ref idref="fl-7"/>
      </object_component>
      <object_component id="oc-a2">
         <name>.text</name>
         <load_address>0xc3d2</load_address>
         <run_address>0xc3d2</run_address>
         <size>0x336</size>
         <input_file_ref idref="fl-4"/>
      </object_component>
      <object_component id="oc-26d">
         <name>.text</name>
         <load_address>0xc708</load_address>
         <run_address>0xc708</run_address>
         <size>0x1f4</size>
         <input_file_ref idref="fl-15a"/>
      </object_component>
      <object_component id="oc-105">
         <name>.text</name>
         <load_address>0xc8fc</load_address>
         <run_address>0xc8fc</run_address>
         <size>0x1b6</size>
         <input_file_ref idref="fl-139"/>
      </object_component>
      <object_component id="oc-ff">
         <name>.text</name>
         <load_address>0xcab4</load_address>
         <run_address>0xcab4</run_address>
         <size>0x148</size>
         <input_file_ref idref="fl-141"/>
      </object_component>
      <object_component id="oc-221">
         <name>.text</name>
         <load_address>0xcbfc</load_address>
         <run_address>0xcbfc</run_address>
         <size>0x136</size>
         <input_file_ref idref="fl-150"/>
      </object_component>
      <object_component id="oc-226">
         <name>.text</name>
         <load_address>0xcd34</load_address>
         <run_address>0xcd34</run_address>
         <size>0x110</size>
         <input_file_ref idref="fl-144"/>
      </object_component>
      <object_component id="oc-e6">
         <name>.text</name>
         <load_address>0xce44</load_address>
         <run_address>0xce44</run_address>
         <size>0xfc</size>
         <input_file_ref idref="fl-13b"/>
      </object_component>
      <object_component id="oc-1bf">
         <name>.text</name>
         <load_address>0xcf40</load_address>
         <run_address>0xcf40</run_address>
         <size>0xe2</size>
         <input_file_ref idref="fl-3"/>
      </object_component>
      <object_component id="oc-2b9">
         <name>.text</name>
         <load_address>0xd022</load_address>
         <run_address>0xd022</run_address>
         <size>0xc4</size>
         <input_file_ref idref="fl-15c"/>
      </object_component>
      <object_component id="oc-4d">
         <name>.text</name>
         <load_address>0xd0e6</load_address>
         <run_address>0xd0e6</run_address>
         <size>0x9c</size>
         <input_file_ref idref="fl-13e"/>
      </object_component>
      <object_component id="oc-38">
         <name>.text</name>
         <load_address>0xd184</load_address>
         <run_address>0xd184</run_address>
         <size>0x94</size>
         <input_file_ref idref="fl-14c"/>
      </object_component>
      <object_component id="oc-10a">
         <name>.text:__aeabi_cdcmple</name>
         <load_address>0xd218</load_address>
         <run_address>0xd218</run_address>
         <size>0x86</size>
         <input_file_ref idref="fl-13a"/>
      </object_component>
      <object_component id="oc-27d">
         <name>.text:__aeabi_cdrcmple</name>
         <load_address>0xd29e</load_address>
         <run_address>0xd29e</run_address>
         <size>0x86</size>
         <input_file_ref idref="fl-13a"/>
      </object_component>
      <object_component id="oc-28d">
         <name>.text</name>
         <load_address>0xd324</load_address>
         <run_address>0xd324</run_address>
         <size>0x78</size>
         <input_file_ref idref="fl-156"/>
      </object_component>
      <object_component id="oc-21b">
         <name>.text</name>
         <load_address>0xd39c</load_address>
         <run_address>0xd39c</run_address>
         <size>0x64</size>
         <input_file_ref idref="fl-145"/>
      </object_component>
      <object_component id="oc-ac">
         <name>.text</name>
         <load_address>0xd400</load_address>
         <run_address>0xd400</run_address>
         <size>0x60</size>
         <input_file_ref idref="fl-140"/>
      </object_component>
      <object_component id="oc-60">
         <name>.text</name>
         <load_address>0xd460</load_address>
         <run_address>0xd460</run_address>
         <size>0x5e</size>
         <input_file_ref idref="fl-136"/>
      </object_component>
      <object_component id="oc-287">
         <name>.text</name>
         <load_address>0xd4be</load_address>
         <run_address>0xd4be</run_address>
         <size>0x5a</size>
         <input_file_ref idref="fl-154"/>
      </object_component>
      <object_component id="oc-29e">
         <name>.text</name>
         <load_address>0xd518</load_address>
         <run_address>0xd518</run_address>
         <size>0x4c</size>
         <input_file_ref idref="fl-14b"/>
      </object_component>
      <object_component id="oc-12b">
         <name>.text</name>
         <load_address>0xd564</load_address>
         <run_address>0xd564</run_address>
         <size>0x4c</size>
         <input_file_ref idref="fl-13f"/>
      </object_component>
      <object_component id="oc-11">
         <name>.text</name>
         <load_address>0xd5b0</load_address>
         <run_address>0xd5b0</run_address>
         <size>0x48</size>
         <input_file_ref idref="fl-134"/>
      </object_component>
      <object_component id="oc-282">
         <name>.text</name>
         <load_address>0xd5f8</load_address>
         <run_address>0xd5f8</run_address>
         <size>0x48</size>
         <input_file_ref idref="fl-151"/>
      </object_component>
      <object_component id="oc-1b8">
         <name>.text</name>
         <load_address>0xd640</load_address>
         <run_address>0xd640</run_address>
         <size>0x44</size>
         <input_file_ref idref="fl-14d"/>
      </object_component>
      <object_component id="oc-43">
         <name>.text</name>
         <load_address>0xd684</load_address>
         <run_address>0xd684</run_address>
         <size>0x44</size>
         <input_file_ref idref="fl-138"/>
      </object_component>
      <object_component id="oc-eb">
         <name>.text</name>
         <load_address>0xd6c8</load_address>
         <run_address>0xd6c8</run_address>
         <size>0x44</size>
         <input_file_ref idref="fl-13c"/>
      </object_component>
      <object_component id="oc-2ee">
         <name>.text</name>
         <load_address>0xd70c</load_address>
         <run_address>0xd70c</run_address>
         <size>0x44</size>
         <input_file_ref idref="fl-15d"/>
      </object_component>
      <object_component id="oc-324">
         <name>.text</name>
         <load_address>0xd750</load_address>
         <run_address>0xd750</run_address>
         <size>0x40</size>
         <input_file_ref idref="fl-158"/>
      </object_component>
      <object_component id="oc-2c4">
         <name>.text</name>
         <load_address>0xd790</load_address>
         <run_address>0xd790</run_address>
         <size>0x34</size>
         <input_file_ref idref="fl-152"/>
      </object_component>
      <object_component id="oc-22c">
         <name>.text</name>
         <load_address>0xd7c4</load_address>
         <run_address>0xd7c4</run_address>
         <size>0x30</size>
         <input_file_ref idref="fl-146"/>
      </object_component>
      <object_component id="oc-fa">
         <name>.text</name>
         <load_address>0xd7f4</load_address>
         <run_address>0xd7f4</run_address>
         <size>0x2e</size>
         <input_file_ref idref="fl-13d"/>
      </object_component>
      <object_component id="oc-309">
         <name>.text</name>
         <load_address>0xd822</load_address>
         <run_address>0xd822</run_address>
         <size>0x2e</size>
         <input_file_ref idref="fl-157"/>
      </object_component>
      <object_component id="oc-e1">
         <name>.text</name>
         <load_address>0xd850</load_address>
         <run_address>0xd850</run_address>
         <size>0x20</size>
         <input_file_ref idref="fl-143"/>
      </object_component>
      <object_component id="oc-298">
         <name>.text</name>
         <load_address>0xd870</load_address>
         <run_address>0xd870</run_address>
         <size>0x1c</size>
         <input_file_ref idref="fl-155"/>
      </object_component>
      <object_component id="oc-3d">
         <name>.text</name>
         <load_address>0xd88c</load_address>
         <run_address>0xd88c</run_address>
         <size>0x18</size>
         <input_file_ref idref="fl-14a"/>
      </object_component>
      <object_component id="oc-272">
         <name>.text</name>
         <load_address>0xd8a4</load_address>
         <run_address>0xd8a4</run_address>
         <size>0x18</size>
         <input_file_ref idref="fl-153"/>
      </object_component>
      <object_component id="oc-25d">
         <name>.text</name>
         <load_address>0xd8bc</load_address>
         <run_address>0xd8bc</run_address>
         <size>0x14</size>
         <input_file_ref idref="fl-148"/>
      </object_component>
      <object_component id="oc-277">
         <name>.text</name>
         <load_address>0xd8d0</load_address>
         <run_address>0xd8d0</run_address>
         <size>0x14</size>
         <input_file_ref idref="fl-159"/>
      </object_component>
      <object_component id="oc-1c">
         <name>.text:decompress:ZI</name>
         <load_address>0xd8e4</load_address>
         <run_address>0xd8e4</run_address>
         <size>0x12</size>
         <input_file_ref idref="fl-137"/>
      </object_component>
      <object_component id="oc-292">
         <name>.text</name>
         <load_address>0xd8f6</load_address>
         <run_address>0xd8f6</run_address>
         <size>0x12</size>
         <input_file_ref idref="fl-15b"/>
      </object_component>
      <object_component id="oc-16">
         <name>.text:decompress:none</name>
         <load_address>0xd908</load_address>
         <run_address>0xd908</run_address>
         <size>0xe</size>
         <input_file_ref idref="fl-135"/>
      </object_component>
      <object_component id="oc-29">
         <name>.text</name>
         <load_address>0xd916</load_address>
         <run_address>0xd916</run_address>
         <size>0xc</size>
         <input_file_ref idref="fl-2"/>
      </object_component>
      <object_component id="oc-22">
         <name>.text:decompress:rle24</name>
         <load_address>0xd922</load_address>
         <run_address>0xd922</run_address>
         <size>0x6</size>
         <input_file_ref idref="fl-136"/>
      </object_component>
      <object_component id="oc-93">
         <name>.const:explosionImage0</name>
         <load_address>0x26c</load_address>
         <run_address>0x26c</run_address>
         <size>0x1388</size>
         <input_file_ref idref="fl-5"/>
      </object_component>
      <object_component id="oc-96">
         <name>.const:explosionImage1</name>
         <load_address>0x15f4</load_address>
         <run_address>0x15f4</run_address>
         <size>0x1388</size>
         <input_file_ref idref="fl-5"/>
      </object_component>
      <object_component id="oc-99">
         <name>.const:explosionImage2</name>
         <load_address>0x297c</load_address>
         <run_address>0x297c</run_address>
         <size>0x1388</size>
         <input_file_ref idref="fl-5"/>
      </object_component>
      <object_component id="oc-9c">
         <name>.const:explosionImage3</name>
         <load_address>0x3d04</load_address>
         <run_address>0x3d04</run_address>
         <size>0x1388</size>
         <input_file_ref idref="fl-5"/>
      </object_component>
      <object_component id="oc-136">
         <name>.const:invulnerable_spaceship</name>
         <load_address>0x508c</load_address>
         <run_address>0x508c</run_address>
         <size>0xac0</size>
         <input_file_ref idref="fl-5"/>
      </object_component>
      <object_component id="oc-77">
         <name>.const:spaceshipImage</name>
         <load_address>0x5b4c</load_address>
         <run_address>0x5b4c</run_address>
         <size>0xac0</size>
         <input_file_ref idref="fl-5"/>
      </object_component>
      <object_component id="oc-116">
         <name>.const:spaceship_item_acquired</name>
         <load_address>0x660c</load_address>
         <run_address>0x660c</run_address>
         <size>0xac0</size>
         <input_file_ref idref="fl-5"/>
      </object_component>
      <object_component id="oc-8d">
         <name>.const:alienshipImg</name>
         <load_address>0x70cc</load_address>
         <run_address>0x70cc</run_address>
         <size>0x960</size>
         <input_file_ref idref="fl-5"/>
      </object_component>
      <object_component id="oc-147">
         <name>.const:powerupImage</name>
         <load_address>0x7a2c</load_address>
         <run_address>0x7a2c</run_address>
         <size>0x708</size>
         <input_file_ref idref="fl-5"/>
      </object_component>
      <object_component id="oc-131">
         <name>.const:font8x8_basic</name>
         <load_address>0x8134</load_address>
         <run_address>0x8134</run_address>
         <size>0x400</size>
         <input_file_ref idref="fl-5"/>
      </object_component>
      <object_component id="oc-f7">
         <name>.const:asteroidm</name>
         <load_address>0x8534</load_address>
         <run_address>0x8534</run_address>
         <size>0x320</size>
         <input_file_ref idref="fl-5"/>
      </object_component>
      <object_component id="oc-2f7">
         <name>.const:.string:_ctypes_</name>
         <load_address>0x8854</load_address>
         <run_address>0x8854</run_address>
         <size>0x102</size>
         <input_file_ref idref="fl-14e"/>
      </object_component>
      <object_component id="oc-125">
         <name>.const:laserbeam</name>
         <load_address>0x8956</load_address>
         <run_address>0x8956</run_address>
         <size>0xaa</size>
         <input_file_ref idref="fl-5"/>
      </object_component>
      <object_component id="oc-a9">
         <name>.const:.string</name>
         <load_address>0x8a00</load_address>
         <run_address>0x8a00</run_address>
         <size>0x54</size>
         <input_file_ref idref="fl-5"/>
      </object_component>
      <object_component id="oc-128">
         <name>.const</name>
         <load_address>0x8a54</load_address>
         <run_address>0x8a54</run_address>
         <size>0x10</size>
         <input_file_ref idref="fl-5"/>
      </object_component>
      <object_component id="oc-369">
         <name>.cinit..data.load</name>
         <load_address>0xd928</load_address>
         <run_address>0xd928</run_address>
         <size>0x4b</size>
      </object_component>
      <object_component id="oc-367">
         <name>__TI_handler_table</name>
         <load_address>0xd974</load_address>
         <run_address>0xd974</run_address>
         <size>0xc</size>
      </object_component>
      <object_component id="oc-36a">
         <name>.cinit..bss.load</name>
         <load_address>0xd980</load_address>
         <run_address>0xd980</run_address>
         <size>0x8</size>
      </object_component>
      <object_component id="oc-368">
         <name>__TI_cinit_table</name>
         <load_address>0xd988</load_address>
         <run_address>0xd988</run_address>
         <size>0x10</size>
      </object_component>
      <object_component id="oc-49">
         <name>.data</name>
         <load_address>0x2000079c</load_address>
         <run_address>0x2000079c</run_address>
         <size>0x4</size>
         <input_file_ref idref="fl-142"/>
      </object_component>
      <object_component id="oc-f1">
         <name>.data</name>
         <load_address>0x20000790</load_address>
         <run_address>0x20000790</run_address>
         <size>0x4</size>
         <input_file_ref idref="fl-5"/>
      </object_component>
      <object_component id="oc-1c7">
         <name>.data</name>
         <load_address>0x20000778</load_address>
         <run_address>0x20000778</run_address>
         <size>0x8</size>
         <input_file_ref idref="fl-148"/>
      </object_component>
      <object_component id="oc-1ca">
         <name>.data</name>
         <load_address>0x20000780</load_address>
         <run_address>0x20000780</run_address>
         <size>0x8</size>
         <input_file_ref idref="fl-138"/>
      </object_component>
      <object_component id="oc-232">
         <name>.data</name>
         <load_address>0x200006f8</load_address>
         <run_address>0x200006f8</run_address>
         <size>0x80</size>
         <input_file_ref idref="fl-147"/>
      </object_component>
      <object_component id="oc-240">
         <name>.data</name>
         <load_address>0x20000798</load_address>
         <run_address>0x20000798</run_address>
         <size>0x4</size>
         <input_file_ref idref="fl-13f"/>
      </object_component>
      <object_component id="oc-2ca">
         <name>.data</name>
         <load_address>0x20000794</load_address>
         <run_address>0x20000794</run_address>
         <size>0x4</size>
         <input_file_ref idref="fl-14f"/>
      </object_component>
      <object_component id="oc-30f">
         <name>.data</name>
         <load_address>0x20000788</load_address>
         <run_address>0x20000788</run_address>
         <size>0x8</size>
         <input_file_ref idref="fl-152"/>
      </object_component>
      <object_component id="oc-339">
         <name>.data:sigtable</name>
         <load_address>0x20000648</load_address>
         <run_address>0x20000648</run_address>
         <size>0xb0</size>
         <input_file_ref idref="fl-158"/>
      </object_component>
      <object_component id="oc-8a">
         <name>.bss:alien</name>
         <uninitialized>true</uninitialized>
         <run_address>0x200005b0</run_address>
         <size>0x38</size>
         <input_file_ref idref="fl-5"/>
      </object_component>
      <object_component id="oc-90">
         <name>.bss:explosion</name>
         <uninitialized>true</uninitialized>
         <run_address>0x20000550</run_address>
         <size>0x60</size>
         <input_file_ref idref="fl-5"/>
      </object_component>
      <object_component id="oc-9f">
         <name>.bss:powerup</name>
         <uninitialized>true</uninitialized>
         <run_address>0x200005e8</run_address>
         <size>0x30</size>
         <input_file_ref idref="fl-5"/>
      </object_component>
      <object_component id="oc-f4">
         <name>.bss:asteroid</name>
         <uninitialized>true</uninitialized>
         <run_address>0x20000400</run_address>
         <size>0xa8</size>
         <input_file_ref idref="fl-5"/>
      </object_component>
      <object_component id="oc-120">
         <name>.bss:laser</name>
         <uninitialized>true</uninitialized>
         <run_address>0x200004a8</run_address>
         <size>0xa8</size>
         <input_file_ref idref="fl-5"/>
      </object_component>
      <object_component id="oc-253">
         <name>.common:testvaluex</name>
         <uninitialized>true</uninitialized>
         <run_address>0x20000638</run_address>
         <size>0x4</size>
      </object_component>
      <object_component id="oc-254">
         <name>.common:testvaluey</name>
         <uninitialized>true</uninitialized>
         <run_address>0x2000063c</run_address>
         <size>0x4</size>
      </object_component>
      <object_component id="oc-1a5">
         <name>.common:Index</name>
         <uninitialized>true</uninitialized>
         <run_address>0x20000640</run_address>
         <size>0x1</size>
      </object_component>
      <object_component id="oc-252">
         <name>.common:start</name>
         <uninitialized>true</uninitialized>
         <run_address>0x20000641</run_address>
         <size>0x1</size>
      </object_component>
      <object_component id="oc-1a4">
         <name>.common:TimerCount</name>
         <uninitialized>true</uninitialized>
         <run_address>0x20000634</run_address>
         <size>0x4</size>
      </object_component>
      <object_component id="oc-19c">
         <name>.common:player</name>
         <uninitialized>true</uninitialized>
         <run_address>0x20000618</run_address>
         <size>0x1c</size>
      </object_component>
      <object_component id="oc-28">
         <name>.stack</name>
         <uninitialized>true</uninitialized>
         <run_address>0x20000000</run_address>
         <size>0x0</size>
         <input_file_ref idref="fl-134"/>
      </object_component>
      <object_component id="oc-36b">
         <name>.stack</name>
         <uninitialized>true</uninitialized>
         <run_address>0x20000000</run_address>
         <size>0x0</size>
      </object_component>
      <object_component id="oc-f">
         <name>.debug_info</name>
         <load_address>0x0</load_address>
         <run_address>0x0</run_address>
         <size>0xf4</size>
         <input_file_ref idref="fl-2"/>
      </object_component>
      <object_component id="oc-12">
         <name>.debug_info</name>
         <load_address>0xf4</load_address>
         <run_address>0xf4</run_address>
         <size>0xf3</size>
         <input_file_ref idref="fl-134"/>
      </object_component>
      <object_component id="oc-18">
         <name>.debug_info</name>
         <load_address>0x1e7</load_address>
         <run_address>0x1e7</run_address>
         <size>0x194</size>
         <input_file_ref idref="fl-135"/>
      </object_component>
      <object_component id="oc-1d">
         <name>.debug_info</name>
         <load_address>0x37b</load_address>
         <run_address>0x37b</run_address>
         <size>0x16a</size>
         <input_file_ref idref="fl-137"/>
      </object_component>
      <object_component id="oc-24">
         <name>.debug_info</name>
         <load_address>0x4e5</load_address>
         <run_address>0x4e5</run_address>
         <size>0x18e</size>
         <input_file_ref idref="fl-136"/>
      </object_component>
      <object_component id="oc-2a">
         <name>.debug_info</name>
         <load_address>0x673</load_address>
         <run_address>0x673</run_address>
         <size>0x270</size>
         <input_file_ref idref="fl-2"/>
      </object_component>
      <object_component id="oc-30">
         <name>.debug_info</name>
         <load_address>0x8e3</load_address>
         <run_address>0x8e3</run_address>
         <size>0x1840</size>
         <input_file_ref idref="fl-5"/>
      </object_component>
      <object_component id="oc-37">
         <name>.debug_info</name>
         <load_address>0x2123</load_address>
         <run_address>0x2123</run_address>
         <size>0x1d3</size>
         <input_file_ref idref="fl-2"/>
      </object_component>
      <object_component id="oc-39">
         <name>.debug_info</name>
         <load_address>0x22f6</load_address>
         <run_address>0x22f6</run_address>
         <size>0x13d</size>
         <input_file_ref idref="fl-14c"/>
      </object_component>
      <object_component id="oc-40">
         <name>.debug_info</name>
         <load_address>0x2433</load_address>
         <run_address>0x2433</run_address>
         <size>0x11c</size>
         <input_file_ref idref="fl-14a"/>
      </object_component>
      <object_component id="oc-44">
         <name>.debug_info</name>
         <load_address>0x254f</load_address>
         <run_address>0x254f</run_address>
         <size>0x1c2</size>
         <input_file_ref idref="fl-138"/>
      </object_component>
      <object_component id="oc-4a">
         <name>.debug_info</name>
         <load_address>0x2711</load_address>
         <run_address>0x2711</run_address>
         <size>0xbe</size>
         <input_file_ref idref="fl-142"/>
      </object_component>
      <object_component id="oc-4e">
         <name>.debug_info</name>
         <load_address>0x27cf</load_address>
         <run_address>0x27cf</run_address>
         <size>0xcc</size>
         <input_file_ref idref="fl-13e"/>
      </object_component>
      <object_component id="oc-53">
         <name>.debug_info</name>
         <load_address>0x289b</load_address>
         <run_address>0x289b</run_address>
         <size>0x46</size>
         <input_file_ref idref="fl-135"/>
      </object_component>
      <object_component id="oc-58">
         <name>.debug_info</name>
         <load_address>0x28e1</load_address>
         <run_address>0x28e1</run_address>
         <size>0xf2</size>
         <input_file_ref idref="fl-135"/>
      </object_component>
      <object_component id="oc-5a">
         <name>.debug_info</name>
         <load_address>0x29d3</load_address>
         <run_address>0x29d3</run_address>
         <size>0x46</size>
         <input_file_ref idref="fl-137"/>
      </object_component>
      <object_component id="oc-5f">
         <name>.debug_info</name>
         <load_address>0x2a19</load_address>
         <run_address>0x2a19</run_address>
         <size>0xad</size>
         <input_file_ref idref="fl-137"/>
      </object_component>
      <object_component id="oc-62">
         <name>.debug_info</name>
         <load_address>0x2ac6</load_address>
         <run_address>0x2ac6</run_address>
         <size>0x1ef</size>
         <input_file_ref idref="fl-136"/>
      </object_component>
      <object_component id="oc-67">
         <name>.debug_info</name>
         <load_address>0x2cb5</load_address>
         <run_address>0x2cb5</run_address>
         <size>0xb7</size>
         <input_file_ref idref="fl-136"/>
      </object_component>
      <object_component id="oc-68">
         <name>.debug_info</name>
         <load_address>0x2d6c</load_address>
         <run_address>0x2d6c</run_address>
         <size>0x39</size>
         <input_file_ref idref="fl-136"/>
      </object_component>
      <object_component id="oc-6f">
         <name>.debug_info</name>
         <load_address>0x2da5</load_address>
         <run_address>0x2da5</run_address>
         <size>0x62c</size>
         <input_file_ref idref="fl-5"/>
      </object_component>
      <object_component id="oc-78">
         <name>.debug_info</name>
         <load_address>0x33d1</load_address>
         <run_address>0x33d1</run_address>
         <size>0xe4</size>
         <input_file_ref idref="fl-5"/>
      </object_component>
      <object_component id="oc-84">
         <name>.debug_info</name>
         <load_address>0x34b5</load_address>
         <run_address>0x34b5</run_address>
         <size>0xb1c</size>
         <input_file_ref idref="fl-7"/>
      </object_component>
      <object_component id="oc-8b">
         <name>.debug_info</name>
         <load_address>0x3fd1</load_address>
         <run_address>0x3fd1</run_address>
         <size>0xd2</size>
         <input_file_ref idref="fl-5"/>
      </object_component>
      <object_component id="oc-8e">
         <name>.debug_info</name>
         <load_address>0x40a3</load_address>
         <run_address>0x40a3</run_address>
         <size>0xe1</size>
         <input_file_ref idref="fl-5"/>
      </object_component>
      <object_component id="oc-91">
         <name>.debug_info</name>
         <load_address>0x4184</load_address>
         <run_address>0x4184</run_address>
         <size>0xda</size>
         <input_file_ref idref="fl-5"/>
      </object_component>
      <object_component id="oc-94">
         <name>.debug_info</name>
         <load_address>0x425e</load_address>
         <run_address>0x425e</run_address>
         <size>0xe6</size>
         <input_file_ref idref="fl-5"/>
      </object_component>
      <object_component id="oc-97">
         <name>.debug_info</name>
         <load_address>0x4344</load_address>
         <run_address>0x4344</run_address>
         <size>0xe6</size>
         <input_file_ref idref="fl-5"/>
      </object_component>
      <object_component id="oc-9a">
         <name>.debug_info</name>
         <load_address>0x442a</load_address>
         <run_address>0x442a</run_address>
         <size>0xe6</size>
         <input_file_ref idref="fl-5"/>
      </object_component>
      <object_component id="oc-9d">
         <name>.debug_info</name>
         <load_address>0x4510</load_address>
         <run_address>0x4510</run_address>
         <size>0xe6</size>
         <input_file_ref idref="fl-5"/>
      </object_component>
      <object_component id="oc-a0">
         <name>.debug_info</name>
         <load_address>0x45f6</load_address>
         <run_address>0x45f6</run_address>
         <size>0xd6</size>
         <input_file_ref idref="fl-5"/>
      </object_component>
      <object_component id="oc-a3">
         <name>.debug_info</name>
         <load_address>0x46cc</load_address>
         <run_address>0x46cc</run_address>
         <size>0x4ee</size>
         <input_file_ref idref="fl-4"/>
      </object_component>
      <object_component id="oc-aa">
         <name>.debug_info</name>
         <load_address>0x4bba</load_address>
         <run_address>0x4bba</run_address>
         <size>0x114</size>
         <input_file_ref idref="fl-5"/>
      </object_component>
      <object_component id="oc-ad">
         <name>.debug_info</name>
         <load_address>0x4cce</load_address>
         <run_address>0x4cce</run_address>
         <size>0x2b5</size>
         <input_file_ref idref="fl-140"/>
      </object_component>
      <object_component id="oc-b3">
         <name>.debug_info</name>
         <load_address>0x4f83</load_address>
         <run_address>0x4f83</run_address>
         <size>0xc72</size>
         <input_file_ref idref="fl-6"/>
      </object_component>
      <object_component id="oc-e3">
         <name>.debug_info</name>
         <load_address>0x5bf5</load_address>
         <run_address>0x5bf5</run_address>
         <size>0xe1</size>
         <input_file_ref idref="fl-143"/>
      </object_component>
      <object_component id="oc-e7">
         <name>.debug_info</name>
         <load_address>0x5cd6</load_address>
         <run_address>0x5cd6</run_address>
         <size>0xed</size>
         <input_file_ref idref="fl-13b"/>
      </object_component>
      <object_component id="oc-ec">
         <name>.debug_info</name>
         <load_address>0x5dc3</load_address>
         <run_address>0x5dc3</run_address>
         <size>0xec</size>
         <input_file_ref idref="fl-13c"/>
      </object_component>
      <object_component id="oc-f2">
         <name>.debug_info</name>
         <load_address>0x5eaf</load_address>
         <run_address>0x5eaf</run_address>
         <size>0xf6</size>
         <input_file_ref idref="fl-5"/>
      </object_component>
      <object_component id="oc-f5">
         <name>.debug_info</name>
         <load_address>0x5fa5</load_address>
         <run_address>0x5fa5</run_address>
         <size>0xd8</size>
         <input_file_ref idref="fl-5"/>
      </object_component>
      <object_component id="oc-f8">
         <name>.debug_info</name>
         <load_address>0x607d</load_address>
         <run_address>0x607d</run_address>
         <size>0xdb</size>
         <input_file_ref idref="fl-5"/>
      </object_component>
      <object_component id="oc-fb">
         <name>.debug_info</name>
         <load_address>0x6158</load_address>
         <run_address>0x6158</run_address>
         <size>0xdf</size>
         <input_file_ref idref="fl-13d"/>
      </object_component>
      <object_component id="oc-101">
         <name>.debug_info</name>
         <load_address>0x6237</load_address>
         <run_address>0x6237</run_address>
         <size>0x237</size>
         <input_file_ref idref="fl-141"/>
      </object_component>
      <object_component id="oc-106">
         <name>.debug_info</name>
         <load_address>0x646e</load_address>
         <run_address>0x646e</run_address>
         <size>0xff</size>
         <input_file_ref idref="fl-139"/>
      </object_component>
      <object_component id="oc-10b">
         <name>.debug_info</name>
         <load_address>0x656d</load_address>
         <run_address>0x656d</run_address>
         <size>0xdb</size>
         <input_file_ref idref="fl-13a"/>
      </object_component>
      <object_component id="oc-117">
         <name>.debug_info</name>
         <load_address>0x6648</load_address>
         <run_address>0x6648</run_address>
         <size>0xf7</size>
         <input_file_ref idref="fl-5"/>
      </object_component>
      <object_component id="oc-121">
         <name>.debug_info</name>
         <load_address>0x673f</load_address>
         <run_address>0x673f</run_address>
         <size>0xd2</size>
         <input_file_ref idref="fl-5"/>
      </object_component>
      <object_component id="oc-126">
         <name>.debug_info</name>
         <load_address>0x6811</load_address>
         <run_address>0x6811</run_address>
         <size>0xdb</size>
         <input_file_ref idref="fl-5"/>
      </object_component>
      <object_component id="oc-129">
         <name>.debug_info</name>
         <load_address>0x68ec</load_address>
         <run_address>0x68ec</run_address>
         <size>0xd6</size>
         <input_file_ref idref="fl-5"/>
      </object_component>
      <object_component id="oc-12c">
         <name>.debug_info</name>
         <load_address>0x69c2</load_address>
         <run_address>0x69c2</run_address>
         <size>0x159</size>
         <input_file_ref idref="fl-13f"/>
      </object_component>
      <object_component id="oc-132">
         <name>.debug_info</name>
         <load_address>0x6b1b</load_address>
         <run_address>0x6b1b</run_address>
         <size>0xe3</size>
         <input_file_ref idref="fl-5"/>
      </object_component>
      <object_component id="oc-137">
         <name>.debug_info</name>
         <load_address>0x6bfe</load_address>
         <run_address>0x6bfe</run_address>
         <size>0xf5</size>
         <input_file_ref idref="fl-5"/>
      </object_component>
      <object_component id="oc-148">
         <name>.debug_info</name>
         <load_address>0x6cf3</load_address>
         <run_address>0x6cf3</run_address>
         <size>0xe1</size>
         <input_file_ref idref="fl-5"/>
      </object_component>
      <object_component id="oc-1a7">
         <name>.debug_info</name>
         <load_address>0x6dd4</load_address>
         <run_address>0x6dd4</run_address>
         <size>0x84</size>
         <input_file_ref idref="fl-2"/>
      </object_component>
      <object_component id="oc-1ac">
         <name>.debug_info</name>
         <load_address>0x6e58</load_address>
         <run_address>0x6e58</run_address>
         <size>0x2c</size>
         <input_file_ref idref="fl-3"/>
      </object_component>
      <object_component id="oc-1b3">
         <name>.debug_info</name>
         <load_address>0x6e84</load_address>
         <run_address>0x6e84</run_address>
         <size>0x18b</size>
         <input_file_ref idref="fl-2"/>
      </object_component>
      <object_component id="oc-1b9">
         <name>.debug_info</name>
         <load_address>0x700f</load_address>
         <run_address>0x700f</run_address>
         <size>0x14b</size>
         <input_file_ref idref="fl-14d"/>
      </object_component>
      <object_component id="oc-1c0">
         <name>.debug_info</name>
         <load_address>0x715a</load_address>
         <run_address>0x715a</run_address>
         <size>0x304</size>
         <input_file_ref idref="fl-3"/>
      </object_component>
      <object_component id="oc-1c6">
         <name>.debug_info</name>
         <load_address>0x745e</load_address>
         <run_address>0x745e</run_address>
         <size>0x11b</size>
         <input_file_ref idref="fl-14a"/>
      </object_component>
      <object_component id="oc-1c8">
         <name>.debug_info</name>
         <load_address>0x7579</load_address>
         <run_address>0x7579</run_address>
         <size>0xc8</size>
         <input_file_ref idref="fl-148"/>
      </object_component>
      <object_component id="oc-1cb">
         <name>.debug_info</name>
         <load_address>0x7641</load_address>
         <run_address>0x7641</run_address>
         <size>0xeb</size>
         <input_file_ref idref="fl-138"/>
      </object_component>
      <object_component id="oc-1ce">
         <name>.debug_info</name>
         <load_address>0x772c</load_address>
         <run_address>0x772c</run_address>
         <size>0x146</size>
         <input_file_ref idref="fl-138"/>
      </object_component>
      <object_component id="oc-1d3">
         <name>.debug_info</name>
         <load_address>0x7872</load_address>
         <run_address>0x7872</run_address>
         <size>0x2c</size>
         <input_file_ref idref="fl-135"/>
      </object_component>
      <object_component id="oc-1da">
         <name>.debug_info</name>
         <load_address>0x789e</load_address>
         <run_address>0x789e</run_address>
         <size>0x2c</size>
         <input_file_ref idref="fl-137"/>
      </object_component>
      <object_component id="oc-1e6">
         <name>.debug_info</name>
         <load_address>0x78ca</load_address>
         <run_address>0x78ca</run_address>
         <size>0x1e3</size>
         <input_file_ref idref="fl-3"/>
      </object_component>
      <object_component id="oc-1ff">
         <name>.debug_info</name>
         <load_address>0x7aad</load_address>
         <run_address>0x7aad</run_address>
         <size>0xc2</size>
         <input_file_ref idref="fl-4"/>
      </object_component>
      <object_component id="oc-203">
         <name>.debug_info</name>
         <load_address>0x7b6f</load_address>
         <run_address>0x7b6f</run_address>
         <size>0x12c3</size>
         <input_file_ref idref="fl-149"/>
      </object_component>
      <object_component id="oc-209">
         <name>.debug_info</name>
         <load_address>0x8e32</load_address>
         <run_address>0x8e32</run_address>
         <size>0x170</size>
         <input_file_ref idref="fl-140"/>
      </object_component>
      <object_component id="oc-20a">
         <name>.debug_info</name>
         <load_address>0x8fa2</load_address>
         <run_address>0x8fa2</run_address>
         <size>0x4e</size>
         <input_file_ref idref="fl-3"/>
      </object_component>
      <object_component id="oc-210">
         <name>.debug_info</name>
         <load_address>0x8ff0</load_address>
         <run_address>0x8ff0</run_address>
         <size>0xca</size>
         <input_file_ref idref="fl-6"/>
      </object_component>
      <object_component id="oc-21d">
         <name>.debug_info</name>
         <load_address>0x90ba</load_address>
         <run_address>0x90ba</run_address>
         <size>0x147</size>
         <input_file_ref idref="fl-145"/>
      </object_component>
      <object_component id="oc-223">
         <name>.debug_info</name>
         <load_address>0x9201</load_address>
         <run_address>0x9201</run_address>
         <size>0xed</size>
         <input_file_ref idref="fl-150"/>
      </object_component>
      <object_component id="oc-227">
         <name>.debug_info</name>
         <load_address>0x92ee</load_address>
         <run_address>0x92ee</run_address>
         <size>0x172</size>
         <input_file_ref idref="fl-144"/>
      </object_component>
      <object_component id="oc-22d">
         <name>.debug_info</name>
         <load_address>0x9460</load_address>
         <run_address>0x9460</run_address>
         <size>0x127</size>
         <input_file_ref idref="fl-146"/>
      </object_component>
      <object_component id="oc-233">
         <name>.debug_info</name>
         <load_address>0x9587</load_address>
         <run_address>0x9587</run_address>
         <size>0x189</size>
         <input_file_ref idref="fl-147"/>
      </object_component>
      <object_component id="oc-241">
         <name>.debug_info</name>
         <load_address>0x9710</load_address>
         <run_address>0x9710</run_address>
         <size>0xa5</size>
         <input_file_ref idref="fl-13f"/>
      </object_component>
      <object_component id="oc-244">
         <name>.debug_info</name>
         <load_address>0x97b5</load_address>
         <run_address>0x97b5</run_address>
         <size>0xca</size>
         <input_file_ref idref="fl-13f"/>
      </object_component>
      <object_component id="oc-24c">
         <name>.debug_info</name>
         <load_address>0x987f</load_address>
         <run_address>0x987f</run_address>
         <size>0x148</size>
         <input_file_ref idref="fl-14d"/>
      </object_component>
      <object_component id="oc-24f">
         <name>.debug_info</name>
         <load_address>0x99c7</load_address>
         <run_address>0x99c7</run_address>
         <size>0x463</size>
         <input_file_ref idref="fl-3"/>
      </object_component>
      <object_component id="oc-258">
         <name>.debug_info</name>
         <load_address>0x9e2a</load_address>
         <run_address>0x9e2a</run_address>
         <size>0x5e</size>
         <input_file_ref idref="fl-14a"/>
      </object_component>
      <object_component id="oc-260">
         <name>.debug_info</name>
         <load_address>0x9e88</load_address>
         <run_address>0x9e88</run_address>
         <size>0x1d4</size>
         <input_file_ref idref="fl-148"/>
      </object_component>
      <object_component id="oc-265">
         <name>.debug_info</name>
         <load_address>0xa05c</load_address>
         <run_address>0xa05c</run_address>
         <size>0xd9</size>
         <input_file_ref idref="fl-148"/>
      </object_component>
      <object_component id="oc-270">
         <name>.debug_info</name>
         <load_address>0xa135</load_address>
         <run_address>0xa135</run_address>
         <size>0x13a</size>
         <input_file_ref idref="fl-15a"/>
      </object_component>
      <object_component id="oc-273">
         <name>.debug_info</name>
         <load_address>0xa26f</load_address>
         <run_address>0xa26f</run_address>
         <size>0xd5</size>
         <input_file_ref idref="fl-153"/>
      </object_component>
      <object_component id="oc-278">
         <name>.debug_info</name>
         <load_address>0xa344</load_address>
         <run_address>0xa344</run_address>
         <size>0x153</size>
         <input_file_ref idref="fl-159"/>
      </object_component>
      <object_component id="oc-27f">
         <name>.debug_info</name>
         <load_address>0xa497</load_address>
         <run_address>0xa497</run_address>
         <size>0xdd</size>
         <input_file_ref idref="fl-13a"/>
      </object_component>
      <object_component id="oc-283">
         <name>.debug_info</name>
         <load_address>0xa574</load_address>
         <run_address>0xa574</run_address>
         <size>0xe1</size>
         <input_file_ref idref="fl-151"/>
      </object_component>
      <object_component id="oc-288">
         <name>.debug_info</name>
         <load_address>0xa655</load_address>
         <run_address>0xa655</run_address>
         <size>0x177</size>
         <input_file_ref idref="fl-154"/>
      </object_component>
      <object_component id="oc-28f">
         <name>.debug_info</name>
         <load_address>0xa7cc</load_address>
         <run_address>0xa7cc</run_address>
         <size>0xfc</size>
         <input_file_ref idref="fl-156"/>
      </object_component>
      <object_component id="oc-293">
         <name>.debug_info</name>
         <load_address>0xa8c8</load_address>
         <run_address>0xa8c8</run_address>
         <size>0x111</size>
         <input_file_ref idref="fl-15b"/>
      </object_component>
      <object_component id="oc-29a">
         <name>.debug_info</name>
         <load_address>0xa9d9</load_address>
         <run_address>0xa9d9</run_address>
         <size>0x160</size>
         <input_file_ref idref="fl-155"/>
      </object_component>
      <object_component id="oc-29f">
         <name>.debug_info</name>
         <load_address>0xab39</load_address>
         <run_address>0xab39</run_address>
         <size>0x126</size>
         <input_file_ref idref="fl-14b"/>
      </object_component>
      <object_component id="oc-2a5">
         <name>.debug_info</name>
         <load_address>0xac5f</load_address>
         <run_address>0xac5f</run_address>
         <size>0x26b</size>
         <input_file_ref idref="fl-149"/>
      </object_component>
      <object_component id="oc-2a6">
         <name>.debug_info</name>
         <load_address>0xaeca</load_address>
         <run_address>0xaeca</run_address>
         <size>0x86</size>
         <input_file_ref idref="fl-149"/>
      </object_component>
      <object_component id="oc-2ab">
         <name>.debug_info</name>
         <load_address>0xaf50</load_address>
         <run_address>0xaf50</run_address>
         <size>0x39</size>
         <input_file_ref idref="fl-149"/>
      </object_component>
      <object_component id="oc-2b2">
         <name>.debug_info</name>
         <load_address>0xaf89</load_address>
         <run_address>0xaf89</run_address>
         <size>0x2c</size>
         <input_file_ref idref="fl-140"/>
      </object_component>
      <object_component id="oc-2ba">
         <name>.debug_info</name>
         <load_address>0xafb5</load_address>
         <run_address>0xafb5</run_address>
         <size>0x121</size>
         <input_file_ref idref="fl-15c"/>
      </object_component>
      <object_component id="oc-2c0">
         <name>.debug_info</name>
         <load_address>0xb0d6</load_address>
         <run_address>0xb0d6</run_address>
         <size>0xcf</size>
         <input_file_ref idref="fl-145"/>
      </object_component>
      <object_component id="oc-2c3">
         <name>.debug_info</name>
         <load_address>0xb1a5</load_address>
         <run_address>0xb1a5</run_address>
         <size>0xe5</size>
         <input_file_ref idref="fl-144"/>
      </object_component>
      <object_component id="oc-2c5">
         <name>.debug_info</name>
         <load_address>0xb28a</load_address>
         <run_address>0xb28a</run_address>
         <size>0x143</size>
         <input_file_ref idref="fl-152"/>
      </object_component>
      <object_component id="oc-2cb">
         <name>.debug_info</name>
         <load_address>0xb3cd</load_address>
         <run_address>0xb3cd</run_address>
         <size>0xaa</size>
         <input_file_ref idref="fl-14f"/>
      </object_component>
      <object_component id="oc-2d0">
         <name>.debug_info</name>
         <load_address>0xb477</load_address>
         <run_address>0xb477</run_address>
         <size>0x86</size>
         <input_file_ref idref="fl-3"/>
      </object_component>
      <object_component id="oc-2db">
         <name>.debug_info</name>
         <load_address>0xb4fd</load_address>
         <run_address>0xb4fd</run_address>
         <size>0xcd</size>
         <input_file_ref idref="fl-14d"/>
      </object_component>
      <object_component id="oc-2e8">
         <name>.debug_info</name>
         <load_address>0xb5ca</load_address>
         <run_address>0xb5ca</run_address>
         <size>0x9f</size>
         <input_file_ref idref="fl-159"/>
      </object_component>
      <object_component id="oc-2ec">
         <name>.debug_info</name>
         <load_address>0xb669</load_address>
         <run_address>0xb669</run_address>
         <size>0x101</size>
         <input_file_ref idref="fl-154"/>
      </object_component>
      <object_component id="oc-2ef">
         <name>.debug_info</name>
         <load_address>0xb76a</load_address>
         <run_address>0xb76a</run_address>
         <size>0x10f</size>
         <input_file_ref idref="fl-15d"/>
      </object_component>
      <object_component id="oc-2f6">
         <name>.debug_info</name>
         <load_address>0xb879</load_address>
         <run_address>0xb879</run_address>
         <size>0xa6</size>
         <input_file_ref idref="fl-155"/>
      </object_component>
      <object_component id="oc-2f8">
         <name>.debug_info</name>
         <load_address>0xb91f</load_address>
         <run_address>0xb91f</run_address>
         <size>0xaf</size>
         <input_file_ref idref="fl-14e"/>
      </object_component>
      <object_component id="oc-2fb">
         <name>.debug_info</name>
         <load_address>0xb9ce</load_address>
         <run_address>0xb9ce</run_address>
         <size>0xc5</size>
         <input_file_ref idref="fl-14b"/>
      </object_component>
      <object_component id="oc-2fe">
         <name>.debug_info</name>
         <load_address>0xba93</load_address>
         <run_address>0xba93</run_address>
         <size>0x46</size>
         <input_file_ref idref="fl-149"/>
      </object_component>
      <object_component id="oc-304">
         <name>.debug_info</name>
         <load_address>0xbad9</load_address>
         <run_address>0xbad9</run_address>
         <size>0x9a</size>
         <input_file_ref idref="fl-15c"/>
      </object_component>
      <object_component id="oc-30a">
         <name>.debug_info</name>
         <load_address>0xbb73</load_address>
         <run_address>0xbb73</run_address>
         <size>0x128</size>
         <input_file_ref idref="fl-157"/>
      </object_component>
      <object_component id="oc-310">
         <name>.debug_info</name>
         <load_address>0xbc9b</load_address>
         <run_address>0xbc9b</run_address>
         <size>0xe2</size>
         <input_file_ref idref="fl-152"/>
      </object_component>
      <object_component id="oc-31a">
         <name>.debug_info</name>
         <load_address>0xbd7d</load_address>
         <run_address>0xbd7d</run_address>
         <size>0x9a</size>
         <input_file_ref idref="fl-15d"/>
      </object_component>
      <object_component id="oc-31f">
         <name>.debug_info</name>
         <load_address>0xbe17</load_address>
         <run_address>0xbe17</run_address>
         <size>0xa3</size>
         <input_file_ref idref="fl-14e"/>
      </object_component>
      <object_component id="oc-325">
         <name>.debug_info</name>
         <load_address>0xbeba</load_address>
         <run_address>0xbeba</run_address>
         <size>0x13e</size>
         <input_file_ref idref="fl-158"/>
      </object_component>
      <object_component id="oc-32b">
         <name>.debug_info</name>
         <load_address>0xbff8</load_address>
         <run_address>0xbff8</run_address>
         <size>0xd1</size>
         <input_file_ref idref="fl-157"/>
      </object_component>
      <object_component id="oc-32e">
         <name>.debug_info</name>
         <load_address>0xc0c9</load_address>
         <run_address>0xc0c9</run_address>
         <size>0x6f</size>
         <input_file_ref idref="fl-152"/>
      </object_component>
      <object_component id="oc-333">
         <name>.debug_info</name>
         <load_address>0xc138</load_address>
         <run_address>0xc138</run_address>
         <size>0x112</size>
         <input_file_ref idref="fl-152"/>
      </object_component>
      <object_component id="oc-33a">
         <name>.debug_info</name>
         <load_address>0xc24a</load_address>
         <run_address>0xc24a</run_address>
         <size>0xaf</size>
         <input_file_ref idref="fl-158"/>
      </object_component>
      <object_component id="oc-33d">
         <name>.debug_info</name>
         <load_address>0xc2f9</load_address>
         <run_address>0xc2f9</run_address>
         <size>0xf1</size>
         <input_file_ref idref="fl-158"/>
      </object_component>
      <object_component id="oc-340">
         <name>.debug_info</name>
         <load_address>0xc3ea</load_address>
         <run_address>0xc3ea</run_address>
         <size>0x2c</size>
         <input_file_ref idref="fl-157"/>
      </object_component>
      <object_component id="oc-36c">
         <name>.debug_info</name>
         <load_address>0xc416</load_address>
         <run_address>0xc416</run_address>
         <size>0xae</size>
      </object_component>
      <object_component id="oc-10">
         <name>.debug_pubnames</name>
         <load_address>0x0</load_address>
         <run_address>0x0</run_address>
         <size>0x23</size>
         <input_file_ref idref="fl-2"/>
      </object_component>
      <object_component id="oc-14">
         <name>.debug_pubnames</name>
         <load_address>0x23</load_address>
         <run_address>0x23</run_address>
         <size>0x1f</size>
         <input_file_ref idref="fl-134"/>
      </object_component>
      <object_component id="oc-19">
         <name>.debug_pubnames</name>
         <load_address>0x42</load_address>
         <run_address>0x42</run_address>
         <size>0x2b</size>
         <input_file_ref idref="fl-135"/>
      </object_component>
      <object_component id="oc-1f">
         <name>.debug_pubnames</name>
         <load_address>0x6d</load_address>
         <run_address>0x6d</run_address>
         <size>0x25</size>
         <input_file_ref idref="fl-137"/>
      </object_component>
      <object_component id="oc-26">
         <name>.debug_pubnames</name>
         <load_address>0x92</load_address>
         <run_address>0x92</run_address>
         <size>0x2c</size>
         <input_file_ref idref="fl-136"/>
      </object_component>
      <object_component id="oc-2c">
         <name>.debug_pubnames</name>
         <load_address>0xbe</load_address>
         <run_address>0xbe</run_address>
         <size>0x4c</size>
         <input_file_ref idref="fl-2"/>
      </object_component>
      <object_component id="oc-32">
         <name>.debug_pubnames</name>
         <load_address>0x10a</load_address>
         <run_address>0x10a</run_address>
         <size>0x2a3</size>
         <input_file_ref idref="fl-5"/>
      </object_component>
      <object_component id="oc-3b">
         <name>.debug_pubnames</name>
         <load_address>0x3ad</load_address>
         <run_address>0x3ad</run_address>
         <size>0x37</size>
         <input_file_ref idref="fl-14c"/>
      </object_component>
      <object_component id="oc-41">
         <name>.debug_pubnames</name>
         <load_address>0x3e4</load_address>
         <run_address>0x3e4</run_address>
         <size>0x21</size>
         <input_file_ref idref="fl-14a"/>
      </object_component>
      <object_component id="oc-46">
         <name>.debug_pubnames</name>
         <load_address>0x405</load_address>
         <run_address>0x405</run_address>
         <size>0x35</size>
         <input_file_ref idref="fl-138"/>
      </object_component>
      <object_component id="oc-4b">
         <name>.debug_pubnames</name>
         <load_address>0x43a</load_address>
         <run_address>0x43a</run_address>
         <size>0x23</size>
         <input_file_ref idref="fl-142"/>
      </object_component>
      <object_component id="oc-50">
         <name>.debug_pubnames</name>
         <load_address>0x45d</load_address>
         <run_address>0x45d</run_address>
         <size>0x1d</size>
         <input_file_ref idref="fl-13e"/>
      </object_component>
      <object_component id="oc-64">
         <name>.debug_pubnames</name>
         <load_address>0x47a</load_address>
         <run_address>0x47a</run_address>
         <size>0x2f</size>
         <input_file_ref idref="fl-136"/>
      </object_component>
      <object_component id="oc-70">
         <name>.debug_pubnames</name>
         <load_address>0x4a9</load_address>
         <run_address>0x4a9</run_address>
         <size>0x63</size>
         <input_file_ref idref="fl-5"/>
      </object_component>
      <object_component id="oc-79">
         <name>.debug_pubnames</name>
         <load_address>0x50c</load_address>
         <run_address>0x50c</run_address>
         <size>0x25</size>
         <input_file_ref idref="fl-5"/>
      </object_component>
      <object_component id="oc-86">
         <name>.debug_pubnames</name>
         <load_address>0x531</load_address>
         <run_address>0x531</run_address>
         <size>0x90</size>
         <input_file_ref idref="fl-7"/>
      </object_component>
      <object_component id="oc-8c">
         <name>.debug_pubnames</name>
         <load_address>0x5c1</load_address>
         <run_address>0x5c1</run_address>
         <size>0x1c</size>
         <input_file_ref idref="fl-5"/>
      </object_component>
      <object_component id="oc-8f">
         <name>.debug_pubnames</name>
         <load_address>0x5dd</load_address>
         <run_address>0x5dd</run_address>
         <size>0x23</size>
         <input_file_ref idref="fl-5"/>
      </object_component>
      <object_component id="oc-92">
         <name>.debug_pubnames</name>
         <load_address>0x600</load_address>
         <run_address>0x600</run_address>
         <size>0x20</size>
         <input_file_ref idref="fl-5"/>
      </object_component>
      <object_component id="oc-95">
         <name>.debug_pubnames</name>
         <load_address>0x620</load_address>
         <run_address>0x620</run_address>
         <size>0x26</size>
         <input_file_ref idref="fl-5"/>
      </object_component>
      <object_component id="oc-98">
         <name>.debug_pubnames</name>
         <load_address>0x646</load_address>
         <run_address>0x646</run_address>
         <size>0x26</size>
         <input_file_ref idref="fl-5"/>
      </object_component>
      <object_component id="oc-9b">
         <name>.debug_pubnames</name>
         <load_address>0x66c</load_address>
         <run_address>0x66c</run_address>
         <size>0x26</size>
         <input_file_ref idref="fl-5"/>
      </object_component>
      <object_component id="oc-9e">
         <name>.debug_pubnames</name>
         <load_address>0x692</load_address>
         <run_address>0x692</run_address>
         <size>0x26</size>
         <input_file_ref idref="fl-5"/>
      </object_component>
      <object_component id="oc-a1">
         <name>.debug_pubnames</name>
         <load_address>0x6b8</load_address>
         <run_address>0x6b8</run_address>
         <size>0x1e</size>
         <input_file_ref idref="fl-5"/>
      </object_component>
      <object_component id="oc-a5">
         <name>.debug_pubnames</name>
         <load_address>0x6d6</load_address>
         <run_address>0x6d6</run_address>
         <size>0xbf</size>
         <input_file_ref idref="fl-4"/>
      </object_component>
      <object_component id="oc-ab">
         <name>.debug_pubnames</name>
         <load_address>0x795</load_address>
         <run_address>0x795</run_address>
         <size>0x37</size>
         <input_file_ref idref="fl-5"/>
      </object_component>
      <object_component id="oc-af">
         <name>.debug_pubnames</name>
         <load_address>0x7cc</load_address>
         <run_address>0x7cc</run_address>
         <size>0x32</size>
         <input_file_ref idref="fl-140"/>
      </object_component>
      <object_component id="oc-b5">
         <name>.debug_pubnames</name>
         <load_address>0x7fe</load_address>
         <run_address>0x7fe</run_address>
         <size>0x173</size>
         <input_file_ref idref="fl-6"/>
      </object_component>
      <object_component id="oc-e5">
         <name>.debug_pubnames</name>
         <load_address>0x971</load_address>
         <run_address>0x971</run_address>
         <size>0x23</size>
         <input_file_ref idref="fl-143"/>
      </object_component>
      <object_component id="oc-e9">
         <name>.debug_pubnames</name>
         <load_address>0x994</load_address>
         <run_address>0x994</run_address>
         <size>0x23</size>
         <input_file_ref idref="fl-13b"/>
      </object_component>
      <object_component id="oc-ee">
         <name>.debug_pubnames</name>
         <load_address>0x9b7</load_address>
         <run_address>0x9b7</run_address>
         <size>0x24</size>
         <input_file_ref idref="fl-13c"/>
      </object_component>
      <object_component id="oc-f3">
         <name>.debug_pubnames</name>
         <load_address>0x9db</load_address>
         <run_address>0x9db</run_address>
         <size>0x28</size>
         <input_file_ref idref="fl-5"/>
      </object_component>
      <object_component id="oc-f6">
         <name>.debug_pubnames</name>
         <load_address>0xa03</load_address>
         <run_address>0xa03</run_address>
         <size>0x1f</size>
         <input_file_ref idref="fl-5"/>
      </object_component>
      <object_component id="oc-f9">
         <name>.debug_pubnames</name>
         <load_address>0xa22</load_address>
         <run_address>0xa22</run_address>
         <size>0x20</size>
         <input_file_ref idref="fl-5"/>
      </object_component>
      <object_component id="oc-fd">
         <name>.debug_pubnames</name>
         <load_address>0xa42</load_address>
         <run_address>0xa42</run_address>
         <size>0x22</size>
         <input_file_ref idref="fl-13d"/>
      </object_component>
      <object_component id="oc-103">
         <name>.debug_pubnames</name>
         <load_address>0xa64</load_address>
         <run_address>0xa64</run_address>
         <size>0x1b</size>
         <input_file_ref idref="fl-141"/>
      </object_component>
      <object_component id="oc-108">
         <name>.debug_pubnames</name>
         <load_address>0xa7f</load_address>
         <run_address>0xa7f</run_address>
         <size>0x23</size>
         <input_file_ref idref="fl-139"/>
      </object_component>
      <object_component id="oc-10c">
         <name>.debug_pubnames</name>
         <load_address>0xaa2</load_address>
         <run_address>0xaa2</run_address>
         <size>0x26</size>
         <input_file_ref idref="fl-13a"/>
      </object_component>
      <object_component id="oc-118">
         <name>.debug_pubnames</name>
         <load_address>0xac8</load_address>
         <run_address>0xac8</run_address>
         <size>0x2e</size>
         <input_file_ref idref="fl-5"/>
      </object_component>
      <object_component id="oc-122">
         <name>.debug_pubnames</name>
         <load_address>0xaf6</load_address>
         <run_address>0xaf6</run_address>
         <size>0x1c</size>
         <input_file_ref idref="fl-5"/>
      </object_component>
      <object_component id="oc-127">
         <name>.debug_pubnames</name>
         <load_address>0xb12</load_address>
         <run_address>0xb12</run_address>
         <size>0x20</size>
         <input_file_ref idref="fl-5"/>
      </object_component>
      <object_component id="oc-12a">
         <name>.debug_pubnames</name>
         <load_address>0xb32</load_address>
         <run_address>0xb32</run_address>
         <size>0x1e</size>
         <input_file_ref idref="fl-5"/>
      </object_component>
      <object_component id="oc-12e">
         <name>.debug_pubnames</name>
         <load_address>0xb50</load_address>
         <run_address>0xb50</run_address>
         <size>0x25</size>
         <input_file_ref idref="fl-13f"/>
      </object_component>
      <object_component id="oc-133">
         <name>.debug_pubnames</name>
         <load_address>0xb75</load_address>
         <run_address>0xb75</run_address>
         <size>0x24</size>
         <input_file_ref idref="fl-5"/>
      </object_component>
      <object_component id="oc-138">
         <name>.debug_pubnames</name>
         <load_address>0xb99</load_address>
         <run_address>0xb99</run_address>
         <size>0x2d</size>
         <input_file_ref idref="fl-5"/>
      </object_component>
      <object_component id="oc-149">
         <name>.debug_pubnames</name>
         <load_address>0xbc6</load_address>
         <run_address>0xbc6</run_address>
         <size>0x23</size>
         <input_file_ref idref="fl-5"/>
      </object_component>
      <object_component id="oc-1bb">
         <name>.debug_pubnames</name>
         <load_address>0xbe9</load_address>
         <run_address>0xbe9</run_address>
         <size>0x1e</size>
         <input_file_ref idref="fl-14d"/>
      </object_component>
      <object_component id="oc-1c2">
         <name>.debug_pubnames</name>
         <load_address>0xc07</load_address>
         <run_address>0xc07</run_address>
         <size>0x1b</size>
         <input_file_ref idref="fl-3"/>
      </object_component>
      <object_component id="oc-1c9">
         <name>.debug_pubnames</name>
         <load_address>0xc22</load_address>
         <run_address>0xc22</run_address>
         <size>0x28</size>
         <input_file_ref idref="fl-148"/>
      </object_component>
      <object_component id="oc-1cc">
         <name>.debug_pubnames</name>
         <load_address>0xc4a</load_address>
         <run_address>0xc4a</run_address>
         <size>0x3a</size>
         <input_file_ref idref="fl-138"/>
      </object_component>
      <object_component id="oc-205">
         <name>.debug_pubnames</name>
         <load_address>0xc84</load_address>
         <run_address>0xc84</run_address>
         <size>0x89</size>
         <input_file_ref idref="fl-149"/>
      </object_component>
      <object_component id="oc-21f">
         <name>.debug_pubnames</name>
         <load_address>0xd0d</load_address>
         <run_address>0xd0d</run_address>
         <size>0x20</size>
         <input_file_ref idref="fl-145"/>
      </object_component>
      <object_component id="oc-225">
         <name>.debug_pubnames</name>
         <load_address>0xd2d</load_address>
         <run_address>0xd2d</run_address>
         <size>0x23</size>
         <input_file_ref idref="fl-150"/>
      </object_component>
      <object_component id="oc-229">
         <name>.debug_pubnames</name>
         <load_address>0xd50</load_address>
         <run_address>0xd50</run_address>
         <size>0x1e</size>
         <input_file_ref idref="fl-144"/>
      </object_component>
      <object_component id="oc-22f">
         <name>.debug_pubnames</name>
         <load_address>0xd6e</load_address>
         <run_address>0xd6e</run_address>
         <size>0x1f</size>
         <input_file_ref idref="fl-146"/>
      </object_component>
      <object_component id="oc-234">
         <name>.debug_pubnames</name>
         <load_address>0xd8d</load_address>
         <run_address>0xd8d</run_address>
         <size>0x6f</size>
         <input_file_ref idref="fl-147"/>
      </object_component>
      <object_component id="oc-242">
         <name>.debug_pubnames</name>
         <load_address>0xdfc</load_address>
         <run_address>0xdfc</run_address>
         <size>0x1b</size>
         <input_file_ref idref="fl-13f"/>
      </object_component>
      <object_component id="oc-250">
         <name>.debug_pubnames</name>
         <load_address>0xe17</load_address>
         <run_address>0xe17</run_address>
         <size>0x30</size>
         <input_file_ref idref="fl-3"/>
      </object_component>
      <object_component id="oc-262">
         <name>.debug_pubnames</name>
         <load_address>0xe47</load_address>
         <run_address>0xe47</run_address>
         <size>0x43</size>
         <input_file_ref idref="fl-148"/>
      </object_component>
      <object_component id="oc-271">
         <name>.debug_pubnames</name>
         <load_address>0xe8a</load_address>
         <run_address>0xe8a</run_address>
         <size>0x39</size>
         <input_file_ref idref="fl-15a"/>
      </object_component>
      <object_component id="oc-275">
         <name>.debug_pubnames</name>
         <load_address>0xec3</load_address>
         <run_address>0xec3</run_address>
         <size>0x23</size>
         <input_file_ref idref="fl-153"/>
      </object_component>
      <object_component id="oc-27a">
         <name>.debug_pubnames</name>
         <load_address>0xee6</load_address>
         <run_address>0xee6</run_address>
         <size>0x1d</size>
         <input_file_ref idref="fl-159"/>
      </object_component>
[...]
      </symbol>
      <symbol id="sm-1c6">
         <name>deployAsteroid</name>
         <value>0x92bd</value>
         <object_component_ref idref="oc-2f"/>
      </symbol>
      <symbol id="sm-1c7">
         <name>resetGame</name>
         <value>0xa2fd</value>
         <object_component_ref idref="oc-2f"/>
      </symbol>
      <symbol id="sm-1c8">
         <name>read_highscore</name>
         <value>0x8eff</value>
         <object_component_ref idref="oc-2f"/>
      </symbol>
      <symbol id="sm-1c9">
         <name>collision</name>
         <value>0x98ed</value>
         <object_component_ref idref="oc-2f"/>
      </symbol>
      <symbol id="sm-1ca">
         <name>GPIOPortA_Handler</name>
         <value>0xa171</value>
         <object_component_ref idref="oc-2f"/>
      </symbol>
      <symbol id="sm-1cb">
         <name>SineWave</name>
         <value>0x8a00</value>
         <object_component_ref idref="oc-a9"/>
      </symbol>
      <symbol id="sm-1cc">
         <name>writeString</name>
         <value>0xa081</value>
         <object_component_ref idref="oc-2f"/>
      </symbol>
      <symbol id="sm-1cd">
         <name>addAsteroidMedium</name>
         <value>0x9679</value>
         <object_component_ref idref="oc-2f"/>
      </symbol>
      <symbol id="sm-1ce">
         <name>displayExplosionAnimation</name>
         <value>0x9785</value>
         <object_component_ref idref="oc-2f"/>
      </symbol>
      <symbol id="sm-1cf">
         <name>Asteroid_Handler</name>
         <value>0xa213</value>
         <object_component_ref idref="oc-2f"/>
      </symbol>
      <symbol id="sm-1d0">
         <name>powerup</name>
         <value>0x200005e8</value>
         <object_component_ref idref="oc-9f"/>
      </symbol>
      <symbol id="sm-1d1">
         <name>explosionImage3</name>
         <value>0x3d04</value>
         <object_component_ref idref="oc-9c"/>
      </symbol>
      <symbol id="sm-1d2">
         <name>explosionImage2</name>
         <value>0x297c</value>
         <object_component_ref idref="oc-99"/>
      </symbol>
      <symbol id="sm-1d3">
         <name>explosionImage1</name>
         <value>0x15f4</value>
         <object_component_ref idref="oc-96"/>
      </symbol>
      <symbol id="sm-1d4">
         <name>explosionImage0</name>
         <value>0x26c</value>
         <object_component_ref idref="oc-93"/>
      </symbol>
      <symbol id="sm-1d5">
         <name>printBMP</name>
         <value>0x8f49</value>
         <object_component_ref idref="oc-2f"/>
      </symbol>
      <symbol id="sm-1d6">
         <name>Distance_Handler</name>
         <value>0xa269</value>
         <object_component_ref idref="oc-2f"/>
      </symbol>
      <symbol id="sm-1d7">
         <name>Init_PowerUp</name>
         <value>0x8d6f</value>
         <object_component_ref idref="oc-2f"/>
      </symbol>
      <symbol id="sm-1d8">
         <name>playerControl</name>
         <value>0x9031</value>
         <object_component_ref idref="oc-2f"/>
      </symbol>
      <symbol id="sm-1d9">
         <name>Sound_Handler</name>
         <value>0xa29b</value>
         <object_component_ref idref="oc-2f"/>
      </symbol>
      <symbol id="sm-20e">
         <name>erase_eeprom</name>
         <value>0xbb1d</value>
         <object_component_ref idref="oc-b2"/>
      </symbol>
      <symbol id="sm-20f">
         <name>check_eeprom_done</name>
         <value>0xba7f</value>
         <object_component_ref idref="oc-b2"/>
      </symbol>
      <symbol id="sm-210">
         <name>start_DMA_transfer</name>
         <value>0xbd53</value>
         <object_component_ref idref="oc-b2"/>
      </symbol>
      <symbol id="sm-211">
         <name>Init_DMA</name>
         <value>0xbc6b</value>
         <object_component_ref idref="oc-b2"/>
      </symbol>
      <symbol id="sm-212">
         <name>ADC1</name>
         <value>0xb99d</value>
         <object_component_ref idref="oc-b2"/>
      </symbol>
      <symbol id="sm-213">
         <name>ADC0</name>
         <value>0xb94f</value>
         <object_component_ref idref="oc-b2"/>
      </symbol>
      <symbol id="sm-214">
         <name>config_DMA_channel</name>
         <value>0xbcd3</value>
         <object_component_ref idref="oc-b2"/>
      </symbol>
      <symbol id="sm-215">
         <name>check_flash_done</name>
         <value>0xbb59</value>
         <object_component_ref idref="oc-b2"/>
      </symbol>
      <symbol id="sm-216">
         <name>Init_Analog</name>
         <value>0xb86d</value>
         <object_component_ref idref="oc-b2"/>
      </symbol>
      <symbol id="sm-217">
         <name>delayMS</name>
         <value>0xb4ef</value>
         <object_component_ref idref="oc-b2"/>
      </symbol>
      <symbol id="sm-218">
         <name>Set_DMA_Base_Address</name>
         <value>0xbc55</value>
         <object_component_ref idref="oc-b2"/>
      </symbol>
      <symbol id="sm-219">
         <name>Init_Port</name>
         <value>0xb5db</value>
         <object_component_ref idref="oc-b2"/>
      </symbol>
      <symbol id="sm-21a">
         <name>Wait_SysTick</name>
         <value>0xb4af</value>
         <object_component_ref idref="oc-b2"/>
      </symbol>
      <symbol id="sm-21b">
         <name>Init_PLL</name>
         <value>0xb525</value>
         <object_component_ref idref="oc-b2"/>
      </symbol>
      <symbol id="sm-21c">
         <name>Init_EEPROM</name>
         <value>0xb9eb</value>
         <object_component_ref idref="oc-b2"/>
      </symbol>
      <symbol id="sm-21d">
         <name>write_eeprom</name>
         <value>0xba9d</value>
         <object_component_ref idref="oc-b2"/>
      </symbol>
      <symbol id="sm-21e">
         <name>Init_SysTick</name>
         <value>0xb495</value>
         <object_component_ref idref="oc-b2"/>
      </symbol>
      <symbol id="sm-21f">
         <name>write_flash_buffer</name>
         <value>0xbbf1</value>
         <object_component_ref idref="oc-b2"/>
      </symbol>
      <symbol id="sm-220">
         <name>Init_SSI0</name>
         <value>0xb81f</value>
         <object_component_ref idref="oc-b2"/>
      </symbol>
      <symbol id="sm-221">
         <name>write_flash</name>
         <value>0xbb9b</value>
         <object_component_ref idref="oc-b2"/>
      </symbol>
      <symbol id="sm-222">
         <name>read_eeprom</name>
         <value>0xbae3</value>
         <object_component_ref idref="oc-b2"/>
      </symbol>
      <symbol id="sm-23d">
         <name>writeCmd</name>
         <value>0xc043</value>
         <object_component_ref idref="oc-83"/>
      </symbol>
      <symbol id="sm-23e">
         <name>setCursor</name>
         <value>0xc19b</value>
         <object_component_ref idref="oc-83"/>
      </symbol>
      <symbol id="sm-23f">
         <name>getY</name>
         <value>0xc355</value>
         <object_component_ref idref="oc-83"/>
      </symbol>
      <symbol id="sm-240">
         <name>getX</name>
         <value>0xc2d7</value>
         <object_component_ref idref="oc-83"/>
      </symbol>
      <symbol id="sm-241">
         <name>clearLCD</name>
         <value>0xc211</value>
         <object_component_ref idref="oc-83"/>
      </symbol>
      <symbol id="sm-242">
         <name>setWindow</name>
         <value>0xc1bb</value>
         <object_component_ref idref="oc-83"/>
      </symbol>
      <symbol id="sm-243">
         <name>writeReg</name>
         <value>0xc17f</value>
         <object_component_ref idref="oc-83"/>
      </symbol>
      <symbol id="sm-244">
         <name>writeData</name>
         <value>0xc0e1</value>
         <object_component_ref idref="oc-83"/>
      </symbol>
      <symbol id="sm-245">
         <name>clearArea</name>
         <value>0xc255</value>
         <object_component_ref idref="oc-83"/>
      </symbol>
      <symbol id="sm-246">
         <name>Init_LCD</name>
         <value>0xbd75</value>
         <object_component_ref idref="oc-83"/>
      </symbol>
      <symbol id="sm-256">
         <name>_c_int00</name>
         <value>0xd5b1</value>
         <object_component_ref idref="oc-11"/>
      </symbol>
      <symbol id="sm-257">
         <name>__stack</name>
         <value>0x20000000</value>
         <object_component_ref idref="oc-28"/>
      </symbol>
      <symbol id="sm-26e">
         <name>__TI_decompress_none</name>
         <value>0xd909</value>
         <object_component_ref idref="oc-16"/>
      </symbol>
      <symbol id="sm-292">
         <name>__TI_decompress_rle24</name>
         <value>0xd923</value>
         <object_component_ref idref="oc-22"/>
      </symbol>
      <symbol id="sm-2ab">
         <name>__TI_zero_init</name>
         <value>0xd8e5</value>
         <object_component_ref idref="oc-1c"/>
      </symbol>
      <symbol id="sm-2ca">
         <name>C$$EXIT</name>
         <value>0xd685</value>
         <object_component_ref idref="oc-43"/>
      </symbol>
      <symbol id="sm-2cb">
         <name>abort</name>
         <value>0xd689</value>
         <object_component_ref idref="oc-43"/>
      </symbol>
      <symbol id="sm-2cc">
         <name>exit</name>
         <value>0xd691</value>
         <object_component_ref idref="oc-43"/>
      </symbol>
      <symbol id="sm-2cd">
         <name>__TI_dtors_ptr</name>
         <value>0x20000784</value>
         <object_component_ref idref="oc-1ca"/>
      </symbol>
      <symbol id="sm-2ce">
         <name>__TI_cleanup_ptr</name>
         <value>0x20000780</value>
         <object_component_ref idref="oc-1ca"/>
      </symbol>
      <symbol id="sm-2e5">
         <name>__aeabi_dsub</name>
         <value>0xc8fd</value>
         <object_component_ref idref="oc-105"/>
      </symbol>
      <symbol id="sm-2e6">
         <name>__aeabi_dadd</name>
         <value>0xc907</value>
         <object_component_ref idref="oc-105"/>
      </symbol>
      <symbol id="sm-308">
         <name>__aeabi_cdcmpeq</name>
         <value>0xd219</value>
         <object_component_ref idref="oc-10a"/>
      </symbol>
      <symbol id="sm-309">
         <name>__aeabi_cdcmple</name>
         <value>0xd219</value>
         <object_component_ref idref="oc-10a"/>
      </symbol>
      <symbol id="sm-30a">
         <name>__aeabi_cdrcmple</name>
         <value>0xd29f</value>
         <object_component_ref idref="oc-27d"/>
      </symbol>
      <symbol id="sm-315">
         <name>__aeabi_dmul</name>
         <value>0xce45</value>
         <object_component_ref idref="oc-e6"/>
      </symbol>
      <symbol id="sm-31f">
         <name>__aeabi_d2uiz</name>
         <value>0xd6c9</value>
         <object_component_ref idref="oc-eb"/>
      </symbol>
      <symbol id="sm-329">
         <name>__aeabi_i2d</name>
         <value>0xd7f5</value>
         <object_component_ref idref="oc-fa"/>
      </symbol>
      <symbol id="sm-344">
         <name>memcpy</name>
         <value>0xd0e7</value>
         <object_component_ref idref="oc-4d"/>
      </symbol>
      <symbol id="sm-345">
         <name>__aeabi_memcpy</name>
         <value>0xd0e7</value>
         <object_component_ref idref="oc-4d"/>
      </symbol>
      <symbol id="sm-346">
         <name>__aeabi_memcpy8</name>
         <value>0xd0e7</value>
         <object_component_ref idref="oc-4d"/>
      </symbol>
      <symbol id="sm-347">
         <name>__aeabi_memcpy4</name>
         <value>0xd0e7</value>
         <object_component_ref idref="oc-4d"/>
      </symbol>
      <symbol id="sm-361">
         <name>rand</name>
         <value>0xd57b</value>
         <object_component_ref idref="oc-12b"/>
      </symbol>
      <symbol id="sm-362">
         <name>srand</name>
         <value>0xd565</value>
         <object_component_ref idref="oc-12b"/>
      </symbol>
      <symbol id="sm-37b">
         <name>sprintf</name>
         <value>0xd401</value>
         <object_component_ref idref="oc-ac"/>
      </symbol>
      <symbol id="sm-392">
         <name>sqrt</name>
         <value>0xcab5</value>
         <object_component_ref idref="oc-ff"/>
      </symbol>
      <symbol id="sm-39a">
         <name>main_func_sp</name>
         <value>0x2000079c</value>
         <object_component_ref idref="oc-49"/>
      </symbol>
      <symbol id="sm-3a4">
         <name>__aeabi_ui2d</name>
         <value>0xd851</value>
         <object_component_ref idref="oc-e1"/>
      </symbol>
      <symbol id="sm-3bf">
         <name>_Dscale</name>
         <value>0xcd35</value>
         <object_component_ref idref="oc-226"/>
      </symbol>
      <symbol id="sm-3d3">
         <name>_Dunscale</name>
         <value>0xd39d</value>
         <object_component_ref idref="oc-21b"/>
      </symbol>
      <symbol id="sm-3e2">
         <name>_Feraise</name>
         <value>0xd7c5</value>
         <object_component_ref idref="oc-22c"/>
      </symbol>
      <symbol id="sm-3f2">
         <name>_Rteps</name>
         <value>0x20000758</value>
         <object_component_ref idref="oc-232"/>
      </symbol>
      <symbol id="sm-3f3">
         <name>_Zero</name>
         <value>0x20000770</value>
         <object_component_ref idref="oc-232"/>
      </symbol>
      <symbol id="sm-3f4">
         <name>_Hugeval</name>
         <value>0x20000718</value>
         <object_component_ref idref="oc-232"/>
      </symbol>
      <symbol id="sm-3f5">
         <name>_Snan</name>
         <value>0x20000748</value>
         <object_component_ref idref="oc-232"/>
      </symbol>
      <symbol id="sm-3f6">
         <name>_Nan</name>
         <value>0x20000738</value>
         <object_component_ref idref="oc-232"/>
      </symbol>
      <symbol id="sm-3f7">
         <name>_Inf</name>
         <value>0x20000728</value>
         <object_component_ref idref="oc-232"/>
      </symbol>
      <symbol id="sm-3f8">
         <name>_Xbig</name>
         <value>0x20000768</value>
         <object_component_ref idref="oc-232"/>
      </symbol>
      <symbol id="sm-3f9">
         <name>_Eps</name>
         <value>0x20000708</value>
         <object_component_ref idref="oc-232"/>
      </symbol>
      <symbol id="sm-3fa">
         <name>_Denorm</name>
         <value>0x200006f8</value>
         <object_component_ref idref="oc-232"/>
      </symbol>
      <symbol id="sm-413">
         <name>_nop</name>
         <value>0xd8cb</value>
         <object_component_ref idref="oc-25d"/>
      </symbol>
      <symbol id="sm-414">
         <name>_lock</name>
         <value>0x20000778</value>
         <object_component_ref idref="oc-1c7"/>
      </symbol>
      <symbol id="sm-415">
         <name>_unlock</name>
         <value>0x2000077c</value>
         <object_component_ref idref="oc-1c7"/>
      </symbol>
      <symbol id="sm-416">
         <name>_register_lock</name>
         <value>0xd8c3</value>
         <object_component_ref idref="oc-25d"/>
      </symbol>
      <symbol id="sm-417">
         <name>_register_unlock</name>
         <value>0xd8bd</value>
         <object_component_ref idref="oc-25d"/>
      </symbol>
      <symbol id="sm-503">
         <name>__TI_printfi</name>
         <value>0xb18b</value>
         <object_component_ref idref="oc-202"/>
      </symbol>
      <symbol id="sm-517">
         <name>_args_main</name>
         <value>0xd88d</value>
         <object_component_ref idref="oc-3d"/>
      </symbol>
      <symbol id="sm-52d">
         <name>atoi</name>
         <value>0xd519</value>
         <object_component_ref idref="oc-29e"/>
      </symbol>
      <symbol id="sm-54a">
         <name>__TI_auto_init</name>
         <value>0xd185</value>
         <object_component_ref idref="oc-38"/>
      </symbol>
      <symbol id="sm-563">
         <name>copy_in</name>
         <value>0xd641</value>
         <object_component_ref idref="oc-1b8"/>
      </symbol>
      <symbol id="sm-56e">
         <name>_ctypes_</name>
         <value>0x8854</value>
         <object_component_ref idref="oc-2f7"/>
      </symbol>
      <symbol id="sm-576">
         <name>_Errno</name>
         <value>0x20000794</value>
         <object_component_ref idref="oc-2ca"/>
      </symbol>
      <symbol id="sm-58a">
         <name>__aeabi_ddiv</name>
         <value>0xcbfd</value>
         <object_component_ref idref="oc-221"/>
      </symbol>
      <symbol id="sm-594">
         <name>__aeabi_d2iz</name>
         <value>0xd5f9</value>
         <object_component_ref idref="oc-282"/>
      </symbol>
      <symbol id="sm-5b2">
         <name>feraiseexcept</name>
         <value>0xd791</value>
         <object_component_ref idref="oc-2c4"/>
      </symbol>
      <symbol id="sm-5b3">
         <name>_Tls_setup__Fenv</name>
         <value>0x2000078c</value>
         <object_component_ref idref="oc-30f"/>
      </symbol>
      <symbol id="sm-5b4">
         <name>_Fenv</name>
         <value>0x20000788</value>
         <object_component_ref idref="oc-30f"/>
      </symbol>
      <symbol id="sm-5bd">
         <name>__aeabi_lmul</name>
         <value>0xd8a5</value>
         <object_component_ref idref="oc-272"/>
      </symbol>
      <symbol id="sm-5cc">
         <name>ltoa</name>
         <value>0xd4bf</value>
         <object_component_ref idref="oc-287"/>
      </symbol>
      <symbol id="sm-5dc">
         <name>memccpy</name>
         <value>0xd871</value>
         <object_component_ref idref="oc-298"/>
      </symbol>
      <symbol id="sm-5eb">
         <name>__aeabi_memset</name>
         <value>0xd327</value>
         <object_component_ref idref="oc-28d"/>
      </symbol>
      <symbol id="sm-5ec">
         <name>memset</name>
         <value>0xd32d</value>
         <object_component_ref idref="oc-28d"/>
      </symbol>
      <symbol id="sm-5ed">
         <name>__aeabi_memset8</name>
         <value>0xd327</value>
         <object_component_ref idref="oc-28d"/>
      </symbol>
      <symbol id="sm-5ee">
         <name>__aeabi_memset4</name>
         <value>0xd327</value>
         <object_component_ref idref="oc-28d"/>
      </symbol>
      <symbol id="sm-5ef">
         <name>__aeabi_memclr8</name>
         <value>0xd325</value>
         <object_component_ref idref="oc-28d"/>
      </symbol>
      <symbol id="sm-5f0">
         <name>__aeabi_memclr4</name>
         <value>0xd325</value>
         <object_component_ref idref="oc-28d"/>
      </symbol>
      <symbol id="sm-5f1">
         <name>__aeabi_memclr</name>
         <value>0xd325</value>
         <object_component_ref idref="oc-28d"/>
      </symbol>
      <symbol id="sm-605">
         <name>raise</name>
         <value>0xd823</value>
         <object_component_ref idref="oc-309"/>
      </symbol>
      <symbol id="sm-61f">
         <name>signal</name>
         <value>0xd751</value>
         <object_component_ref idref="oc-324"/>
      </symbol>
      <symbol id="sm-62d">
         <name>strlen</name>
         <value>0xd8d1</value>
         <object_component_ref idref="oc-277"/>
      </symbol>
      <symbol id="sm-649">
         <name>__aeabi_uldivmod</name>
         <value>0xc709</value>
         <object_component_ref idref="oc-26d"/>
      </symbol>
      <symbol id="sm-653">
         <name>_Dclass</name>
         <value>0xd8f7</value>
         <object_component_ref idref="oc-292"/>
      </symbol>
      <symbol id="sm-668">
         <name>_Dnorm</name>
         <value>0xd023</value>
         <object_component_ref idref="oc-2b9"/>
      </symbol>
      <symbol id="sm-67a">
         <name>_Dtest</name>
         <value>0xd70d</value>
         <object_component_ref idref="oc-2ee"/>
      </symbol>
      <symbol id="sm-67b">
         <name>__TI_static_base__</name>
         <value>0x0</value>
      </symbol>
      <symbol id="sm-67c">
         <name>__TI_args_main</name>
         <value>0x1</value>
      </symbol>
      <symbol id="sm-67d">
         <name>SHT$$INIT_ARRAY$$Limit</name>
         <value>0x0</value>
      </symbol>
      <symbol id="sm-67e">
         <name>SHT$$INIT_ARRAY$$Base</name>
         <value>0x0</value>
      </symbol>
   </symbol_table>
   <title>Link successful</title>
</link_info>
